Archive member included because of file (symbol)

./libandesap.a(xip_ovly.o)    obj/ap/tcpip/dhcpc.o (overlayunload)
./libandesap.a(ap.o)          obj/ap/ap_pub.o (APStartUp)
./libandesap.a(ap_assoc.o)    obj/ap/rtmp_data_pub.o (APPeerDisassocReqAction)
./libandesap.a(ap_auth.o)     obj/ap/rtmp_data_pub.o (APPeerDeauthReqAction)
./libandesap.a(mgmt_entrytb.o)
                              ./libandesap.a(ap_assoc.o) (set_entry_phy_cfg)
./libandesap.a(cnm_timer.o)   obj/ap/iot_custom.o (cnmTimerInitTimer)
./libandesap.a(iot_io_cmd.o)  obj/ap/iot_parse.o (IoT_gpio_output)
./libandesap.a(iot_mgmt_cmd.o)
                              obj/ap/iot_at_cmd.o (IoT_Cmd_LinkDown)
./libandesap.a(queue.o)       obj/ap/iot_uplink.o (apiQU_Dequeue)
./libandesap.a(app_nos_main.o)
                              ./libandesap.a(ap.o) (pAd)
./libandesap.a(chip_init.o)   ./libandesap.a(ap.o) (Reg_mac_add_init)
./libandesap.a(cmm_wep.o)     ./libandesap.a(mgmt_entrytb.o) (AsicDelWcidTab)
./libandesap.a(cmm_wpa.o)     ./libandesap.a(ap.o) (AsicRemovePairwiseKeyEntry)
./libandesap.a(crypt_aes.o)   ./libandesap.a(cmm_wpa.o) (AES_Key_Unwrap)
./libandesap.a(crypt_hmac.o)  ./libandesap.a(cmm_wpa.o) (RT_HMAC_MD5)
./libandesap.a(rtmp_data.o)   obj/ap/rtmp_data_pub.o (RTMPCheckRxError)
./libandesap.a(rtmp_general.o)
                              ./libandesap.a(cmm_wpa.o) (RTMPCompareMemory)
./libandesap.a(scan.o)        obj/ap/mt7681_ChSw_pub.o (rtmp_mac_set_ctrlch)
./libandesap.a(wow.o)         ./libandesap.a(chip_init.o) (RTMP_EnableTxRx)
./libandesap.a(bsp.o)         obj/ap/main_pub.o (BSP_Init)
./libandesap.a(ee_efuse.o)    ./libandesap.a(chip_init.o) (eEp_init)
./libandesap.a(fce.o)         ./libandesap.a(app_nos_main.o) (drvFCE_RegisterIntHdlr)
./libandesap.a(pdma.o)        ./libandesap.a(app_nos_main.o) (PdmaVrPortIntHdlr)
./libandesap.a(spi-flash.o)   obj/ap/spi-flash_pub.o (SPI_REG8)
./libandesap.a(timer.o)       ./libandesap.a(bsp.o) (drvTMR_Init)
./libandesap.a(uart.o)        obj/ap/iot_uart_rb.o (UART_PutUARTByte)
./libandesap.a(uartlite.o)    obj/ap/iot_xmodem.o (UART_PutChar)
./libandesap.a(main.o)        obj/ap/main_pub.o (sys_Init)
./libandesap.a(xcpt.o)        cust/ctxsw.o (sysXCPT_XcptHdlr)
./libandesap.a(initial.o)     obj/ap/main_pub.o (sysKernelStart)
./libandesap.a(mutex.o)       ./libandesap.a(queue.o) (SYSirq_Disable_Interrupts_Save_Flags)
./libandesap.a(stack.o)       ./libandesap.a(main.o) (sysStack)
./libandesap.a(syscall.o)     ./libandesap.a(mutex.o) (sysCALL)
./libandesap.a(task.o)        cust/ctxsw.o (sysTaskingCtl)
./libandesap.a(list.o)        ./libandesap.a(queue.o) (apiInitListEntry)
./libandesap.a(random.o)      ./libandesap.a(cmm_wpa.o) (apiRand)
./libandesap.a(do_printf.o)   obj/ap/printf.o (do_printf)
./libandesap.a(fputs.o)       obj/ap/printf.o (putchar)
./libandesap.a(strcmp.o)      obj/ap/iot_at_cmd_utility.o (strcmp)
./libandesap.a(strcpy.o)      obj/ap/tcpip/resolv.o (strcpy)
./libandesap.a(strlen.o)      obj/ap/ap_pub.o (strlen)
./libandesap.a(vsprintf.o)    obj/ap/iot_at_cmd.o (simple_strtol)
./libandesap.a(mcuctl.o)      ./libandesap.a(uart.o) (drvMCUCTL_RegisterIntHdlr)
./libandesap.a(mt7681_ChSw.o)
                              ./libandesap.a(chip_init.o) (RF_WRITE8)
./libandesap.a(wifi_ps.o)     ./libandesap.a(main.o) (drvPBF_IntHdler)
./libandesap.a(wifi_task.o)   obj/ap/wifi_task_pub.o (GetQueueInfo)
./libandesap.a(ate.o)         ./libandesap.a(chip_init.o) (Set_ATE_Efuse_Read)
./libandesap.a(led.o)         ./libandesap.a(wow.o) (LED_Fast_Blinking)
./libandesap.a(ctype.o)       ./libandesap.a(vsprintf.o) (_ctype)

Allocating common symbols
Common symbol       size              file

udp_app_state       0x10              obj/ap/tcpip/iot_udp_app.o
arp_timer           0x8               obj/ap/tcpip/tcpip_main.o
System_Timer_Pool   0x14              ./libandesap.a(timer.o)
CIPTER              0x100             obj/ap/iot_aes_pub.o
IoTCustOp           0x20              obj/ap/iot_custom.o
uip_acc32           0x4               obj/ap/tcpip/uip.o
IoTCustTimer        0x1c              obj/ap/iot_custom.o
sysTaskingCtl       0x34              ./libandesap.a(task.o)
uart_rb_info        0xc               obj/ap/iot_uart_rb.o
periodic_timer      0x8               obj/ap/tcpip/tcpip_main.o
Free_Timer_List     0x10              ./libandesap.a(timer.o)
IoTpAd              0x18d             obj/ap/iot_custom.o
AdvPSMode           0x14              ./libandesap.a(wifi_ps.o)
uip_dhpcd_conns     0xa0              obj/ap/tcpip/dhcpd.o
eepcfg              0x41              ./libandesap.a(chip_init.o)
PLAIN2              0x100             obj/ap/iot_aes_pub.o
uip_conns           0xa10             obj/ap/tcpip/uip.o
gFreeQueue1         0x10              ./libandesap.a(queue.o)
rRootTimer          0x14              ./libandesap.a(cnm_timer.o)
UARTPort            0x118             obj/ap/iot_uart_rb.o
UARTTxBuf           0x40              obj/ap/iot_uart_rb.o
[...]
Memory Configuration

Name             Origin             Length             Attributes
SRAM             0x00000000         0x00010000         axw
ROM              0x00102000         0x00002000         axr
FLASH            0x00500000         0x00100000         axr
FLASH_XIP_AP     0x00560000         0x0000f000         axr
FLASH_OVERLAY_AP 0x0056f000         0x0000f000         axr
*default*        0x00000000         0xffffffff

Linker script and memory map

                0x00102d48                ARC4_Compute = 0x102d48
                0x00103e98                RT_MD5 = 0x103e98
                0x00102de0                RT_SHA1_Hash = 0x102de0
                0x0010252c                aes_mul_e = 0x10252c
                0x001026a4                memmove = 0x1026a4
                0x00103e54                RT_MD5_Init = 0x103e54
                0x0010242c                aes_mul_d = 0x10242c
                0x0010262c                SHA1_K = 0x10262c
                0x001026f0                memcpy = 0x1026f0
                0x00103d48                RT_MD5_End = 0x103d48
                0x0010263c                SHA1_DefaultHashValue = 0x10263c
                0x00103dc0                RT_MD5_Append = 0x103dc0
                0x001031bc                RT_SHA1 = 0x1031bc
                0x001027a0                RT_AES_KeyExpansion = 0x1027a0
                0x00102000                ROMBA = 0x102000
                0x00102cf0                ARC4_INIT = 0x102cf0
                0x00102fd8                RT_SHA1_End = 0x102fd8
                0x00102000                _SDA_BASE_ = 0x102000
                0x001026d4                memcmp = 0x1026d4
                0x0010271c                TKIP_GTK_KEY_WRAP = 0x10271c
                0x00102708                memset = 0x102708
                0x0010202c                aes_sbox_enc = 0x10202c
                0x00102650                MD5_DefaultHashValue = 0x102650
                0x0010222c                aes_mul_9 = 0x10222c
                0x00103178                RT_SHA1_Init = 0x103178
                0x00103ffe                ROMVersion = 0x103ffe
                0x001028ac                RT_AES_Decrypt = 0x1028ac
                0x00102000                aes_rcon = 0x102000
                0x001030e4                RT_SHA1_Append = 0x1030e4
                0x0010232c                aes_mul_b = 0x10232c
                0x00102660                strspn = 0x102660
                0x0010278c                TKIP_GTK_KEY_UNWRAP = 0x10278c
                0x00102da8                ARC4_Discard_KeyLength = 0x102da8
                0x001031fc                RT_MD5_Hash = 0x1031fc
                0x0010212c                aes_sbox_dec = 0x10212c
                0x00102684                strpbrk = 0x102684
                0x00102000                ROM_BASEADDR = 0x102000
                0x00002000                ROM_SIZE = 0x2000
                0x00102000                PROVIDE (_ROM_BASEADDR, ROM_BASEADDR)
                0x00002000                PROVIDE (_ROM_SIZE, ROM_SIZE)
                0x00000000                RAM_BASEADDR = 0x0
                0x00010000                RAM_SIZE = 0x10000
                0x00000000                PROVIDE (_RAM_BASEADDR, RAM_BASEADDR)
                0x00010000                PROVIDE (_RAM_SIZE, RAM_SIZE)
                0x00008000                HALF_SRAM_SIZE = 0x8000
                0x00000000                ILMBA = 0x0
                0x00008000                DLMBA = (0x0 + HALF_SRAM_SIZE)
                0x00102000                ROMBA = 0x102000
                0x00500000                FLASHBA = 0x500000
                0x00000000                PROVIDE (_ILMBA, ILMBA)
                0x00008000                PROVIDE (_DLMBA, DLMBA)
                0x0000ff00                STACK_ORIGIN = 0xff00
                0x00000000                GLOBAL_ORIGIN = ILMBA
                0x0000ff00                PROVIDE (_STACK_ORIGIN, STACK_ORIGIN)
                0x00000000                PROVIDE (_GLOBAL_ORIGIN, GLOBAL_ORIGIN)
                0x00000000                __ilm_start = .
                0x00000000                VECT_SECT_VMA = RAM_BASEADDR

.VECT           0x00000000       0x40
 *(.vector)
 .vector        0x00000000       0x40 cust/vectors.o
                0x00000000                _xcpt_vctr
                0x00000040                . = ALIGN (0x10)
                0x00000040                TEXT_SECT_VMA = .

.TEXT           0x00000040     0x4e1c
 *(.Xcpt)
 .Xcpt          0x00000040        0x8 cust/ctxsw.o
                0x00000040                sysXcpt
 *(.ctxsw)
 .ctxsw         0x00000048       0x5c cust/ctxsw.o
                0x00000078                sysLoadCtx
                0x00000048                sysCtxSw
 *(.startup)
 .startup       0x000000a4       0x68 cust/startup.o
                0x000000a4                _startup
 *(.text)
 *(.text.*)
 .text.store_ap_cfg
                0x0000010c       0xcc obj/ap/ap_pub.o
                0x0000010c                store_ap_cfg
 .text.load_ap_cfg
                0x000001d8       0xcc obj/ap/ap_pub.o
                0x000001d8                load_ap_cfg
 .text.strchr   0x000002a4       0x20 obj/ap/iot_at_cmd_utility.o
                0x000002a4                strchr
 .text.split_string_cmd
                0x000002c4       0x5c obj/ap/iot_at_cmd_utility.o
                0x000002c4                split_string_cmd
 .text.getopt   0x00000320      0x168 obj/ap/iot_at_cmd_utility.o
                0x00000320                getopt
 .text.IoT_Cust_HW_Timer1_Hdlr
                0x00000488        0x4 obj/ap/iot_custom.o
                0x00000488                IoT_Cust_HW_Timer1_Hdlr
 .text.IoT_Cust_Get_HW_Timer1_TICK_HZ
                0x0000048c        0x4 obj/ap/iot_custom.o
                0x0000048c                IoT_Cust_Get_HW_Timer1_TICK_HZ
 .text.IoT_Cust_GPIINT_Hdlr
                0x00000490       0x9c obj/ap/iot_custom.o
                0x00000490                IoT_Cust_GPIINT_Hdlr
 .text.reset_ap_cfg
                0x0000052c       0x2c obj/ap/iot_custom.o
                0x0000052c                reset_ap_cfg
 .text.CustTimer0TimeoutAction
                0x00000558       0x24 obj/ap/iot_custom.o
                0x00000558                CustTimer0TimeoutAction
 .text.IoT_Cust_Sub_Task
                0x0000057c       0x18 obj/ap/iot_custom.o
                0x0000057c                IoT_Cust_Sub_Task
 .text.IoT_process_app_packet
                0x00000594       0xfc obj/ap/iot_parse.o
                0x00000594                IoT_process_app_packet
 .text.UARTRx_Buf_Init
                0x00000690       0x24 obj/ap/iot_uart_rb.o
                0x00000690                UARTRx_Buf_Init
 .text.UART_Tx_Cb
                0x000006b4        0x4 obj/ap/iot_uart_rb.o
                0x000006b4                UART_Tx_Cb
 .text.uart_rb_init
                0x000006b8       0x20 obj/ap/iot_uart_rb.o
                0x000006b8                uart_rb_init
 .text.uart_rb_pop
                0x000006d8       0x24 obj/ap/iot_uart_rb.o
                0x000006d8                uart_rb_pop
 .text.uart_rb_push
                0x000006fc       0x24 obj/ap/iot_uart_rb.o
                0x000006fc                uart_rb_push
 .text.uart_get_avail
                0x00000720       0x1c obj/ap/iot_uart_rb.o
                0x00000720                uart_get_avail
 .text.UART_Rx_Packet_Dispatch
                0x0000073c       0xd8 obj/ap/iot_uart_rb.o
                0x0000073c                UART_Rx_Packet_Dispatch
 .text.UART_GetByte
                0x00000814       0x3c obj/ap/iot_uart_rb.o
                0x00000814                UART_GetByte
 .text.UART_Rx_Cb
                0x00000850      0x1cc obj/ap/iot_uart_rb.o
                0x00000850                UART_Rx_Cb
 .text.UART_PutBytes
                0x00000a1c       0xe8 obj/ap/iot_uart_rb.o
                0x00000a1c                UART_PutBytes
 .text.IoT_check_sum
                0x00000b04       0x40 obj/ap/iot_uplink.o
                0x00000b04                IoT_check_sum
 .text.main     0x00000b44       0xcc obj/ap/main_pub.o
                0x00000b44                main
 .text.DelayTick
                0x00000c10        0xc obj/ap/misc_pub.o
                0x00000c10                DelayTick
 .text.usecDelay
                0x00000c1c       0x4c obj/ap/misc_pub.o
                0x00000c1c                usecDelay
 .text.msecDelay
                0x00000c68       0x54 obj/ap/misc_pub.o
                0x00000c68                msecDelay
 .text.vsprintf_help
                0x00000cbc        0xc obj/ap/printf.o
 .text.vprintf  0x00000cc8       0x24 obj/ap/printf.o
                0x00000cc8                vprintf
 .text.Printf_High
                0x00000cec       0x34 obj/ap/printf.o
                0x00000cec                Printf_High
 .text.vsprintf
                0x00000d20       0x2c obj/ap/printf.o
                0x00000d20                vsprintf
 .text.sprintf  0x00000d4c       0x24 obj/ap/printf.o
                0x00000d4c                sprintf
 .text.vprintf_help
                0x00000d70       0x1c obj/ap/printf.o
 .text.RxFsIntFilterOut
                0x00000d8c       0x4c obj/ap/rtmp_data_pub.o
                0x00000d8c                RxFsIntFilterOut
 .text.APHandleRxMgmtFrame
                0x00000dd8       0xf4 obj/ap/rtmp_data_pub.o
                0x00000dd8                APHandleRxMgmtFrame
 .text.APHandleRxControlFrame
                0x00000ecc       0x54 obj/ap/rtmp_data_pub.o
                0x00000ecc                APHandleRxControlFrame
 .text.APHandleRxDataFrame
                0x00000f20      0x130 obj/ap/rtmp_data_pub.o
                0x00000f20                APHandleRxDataFrame
 .text.STARxDoneInterruptHandle
                0x00001050       0xf4 obj/ap/rtmp_data_pub.o
                0x00001050                STARxDoneInterruptHandle
 .text.spi_flash_page_write
                0x00001144       0x88 obj/ap/spi-flash_pub.o
 .text.spi_flash_write_func
                0x000011cc       0x94 obj/ap/spi-flash_pub.o
                0x000011cc                spi_flash_write_func
 .text.spi_flash_erase_SE
                0x00001260       0x6c obj/ap/spi-flash_pub.o
                0x00001260                spi_flash_erase_SE
 .text.spi_flash_write
                0x000012cc      0x194 obj/ap/spi-flash_pub.o
                0x000012cc                spi_flash_write
 .text.malloc   0x00001460       0x14 obj/ap/stdlib.o
                0x00001460                malloc
 .text.free     0x00001474       0x14 obj/ap/stdlib.o
                0x00001474                free
 .text.atoi     0x00001488       0xcc obj/ap/stdlib.o
                0x00001488                atoi
 .text.clock_time
                0x00001554       0x24 obj/ap/tcpip/clock-arch.o
                0x00001554                clock_time
 .text.add_msg_type
                0x00001578       0x14 obj/ap/tcpip/dhcpd.o
 .text.ntohl    0x0000158c       0x2c obj/ap/tcpip/dhcpd.o
                0x0000158c                ntohl
 .text.dhcpd_pickup_opt
                0x000015b8       0xc8 obj/ap/tcpip/dhcpd.o
                0x000015b8                dhcpd_pickup_opt
 .text.iot_tcp_appcall
                0x00001680      0x200 obj/ap/tcpip/iot_tcp_app.o
                0x00001680                iot_tcp_appcall
 .text.iot_udp_appcall
                0x00001880       0x60 obj/ap/tcpip/iot_udp_app.o
                0x00001880                iot_udp_appcall
 .text.mt76xx_dev_init
                0x000018e0        0x4 obj/ap/tcpip/mt76xx_dev.o
                0x000018e0                mt76xx_dev_init
 .text.mt76xx_dev_read
                0x000018e4       0x2c obj/ap/tcpip/mt76xx_dev.o
                0x000018e4                mt76xx_dev_read
 .text.mt76xx_dev_send
                0x00001910       0x60 obj/ap/tcpip/mt76xx_dev.o
                0x00001910                mt76xx_dev_send
 .text.resolv_lookup
                0x00001970       0x5c obj/ap/tcpip/resolv.o
                0x00001970                resolv_lookup
 .text.resolv_query
                0x000019cc       0x84 obj/ap/tcpip/resolv.o
                0x000019cc                resolv_query
 .text.udp_server_sample
                0x00001a50       0xf8 obj/ap/tcpip/sample_udp_server.o
                0x00001a50                udp_server_sample
 .text.tcpip_periodic_timer
                0x00001b48      0x1d4 obj/ap/tcpip/tcpip_main.o
                0x00001b48                tcpip_periodic_timer
 .text.netif_rx
                0x00001d1c       0xb0 obj/ap/tcpip/tcpip_main.o
                0x00001d1c                netif_rx
 .text.tcpip_init
                0x00001dcc       0x38 obj/ap/tcpip/tcpip_main.o
                0x00001dcc                tcpip_init
 .text.uip_add32
                0x00001e04       0x5c obj/ap/tcpip/uip.o
                0x00001e04                uip_add32
 .text.chksum   0x00001e60       0x40 obj/ap/tcpip/uip.o
 .text.uip_ipchksum
                0x00001ea0       0x3c obj/ap/tcpip/uip.o
                0x00001ea0                uip_ipchksum
 .text.upper_layer_chksum
                0x00001edc       0x5c obj/ap/tcpip/uip.o
 .text.uip_tcpchksum
                0x00001f38       0x1c obj/ap/tcpip/uip.o
                0x00001f38                uip_tcpchksum
 .text.uip_udpchksum
                0x00001f54       0x1c obj/ap/tcpip/uip.o
                0x00001f54                uip_udpchksum
 .text.uip_add_rcv_nxt
                0x00001f70       0x4c obj/ap/tcpip/uip.o
 .text.htons    0x00001fbc       0x14 obj/ap/tcpip/uip.o
                0x00001fbc                htons
 .text.uip_arp_timer
                0x00001fd0       0x74 obj/ap/tcpip/uip_arp.o
                0x00001fd0                uip_arp_timer
 .text.timer_reset
                0x00002044        0xc obj/ap/tcpip/uip_timer.o
                0x00002044                timer_reset
 .text.timer_expired
                0x00002050       0x24 obj/ap/tcpip/uip_timer.o
                0x00002050                timer_expired
 .text.timer_set
                0x00002074       0x1c obj/ap/tcpip/uip_timer.o
                0x00002074                timer_set
 .text.uiplib_ipaddrconv
                0x00002090       0x60 obj/ap/tcpip/uiplib.o
                0x00002090                uiplib_ipaddrconv
 .text.copy_string
                0x000020f0       0x20 obj/ap/tcpip/webclient.o
 .text.T.39     0x00002110       0x4c obj/ap/tcpip/webclient.o
 .text.webclient_appcall
                0x0000215c      0x124 obj/ap/tcpip/webclient.o
                0x0000215c                webclient_appcall
 .text.wifi_state_machine
                0x00002280       0x18 obj/ap/wifi_task_pub.o
                0x00002280                wifi_state_machine
 .text.wifi_rx_proc
                0x00002298       0x5c obj/ap/wifi_task_pub.o
                0x00002298                wifi_rx_proc
 .text.wifiTASK_LowPrioTask
                0x000022f4       0xbc obj/ap/wifi_task_pub.o
                0x000022f4                wifiTASK_LowPrioTask
 .text.overlayunload
                0x000023b0       0x7c ./libandesap.a(xip_ovly.o)
                0x000023b0                overlayunload
 .text.overlaycopy
                0x0000242c       0x18 ./libandesap.a(xip_ovly.o)
                0x0000242c                overlaycopy
 .text.overlayload
                0x00002444       0xc8 ./libandesap.a(xip_ovly.o)
                0x00002444                overlayload
 .text.MacTableMaintenance
                0x0000250c      0x104 ./libandesap.a(mgmt_entrytb.o)
                0x0000250c                MacTableMaintenance
 .text.cnmTimerSetTimer
                0x00002610       0x3c ./libandesap.a(cnm_timer.o)
 .text.cnmTimerDoTimeOutCheck
                0x0000264c       0xf0 ./libandesap.a(cnm_timer.o)
                0x0000264c                cnmTimerDoTimeOutCheck
 .text.IoT_gpio_output
                0x0000273c       0xac ./libandesap.a(iot_io_cmd.o)
                0x0000273c                IoT_gpio_output
 .text.IoT_gpio_output_noSwap
                0x000027e8       0x28 ./libandesap.a(iot_io_cmd.o)
                0x000027e8                IoT_gpio_output_noSwap
 .text.IoT_gpio_batch_modify_output_value
                0x00002810       0x3c ./libandesap.a(iot_io_cmd.o)
                0x00002810                IoT_gpio_batch_modify_output_value
 .text.IoT_gpio_input
                0x0000284c       0x94 ./libandesap.a(iot_io_cmd.o)
                0x0000284c                IoT_gpio_input
 .text.IoT_software_pwm_handler
                0x000028e0       0xd0 ./libandesap.a(iot_io_cmd.o)
                0x000028e0                IoT_software_pwm_handler
 .text.IoT_uart_output
                0x000029b0       0x48 ./libandesap.a(iot_io_cmd.o)
                0x000029b0                IoT_uart_output
 .text.apiQU_Dequeue
                0x000029f8       0x44 ./libandesap.a(queue.o)
                0x000029f8                apiQU_Dequeue
 .text.apiQU_Enqueue
                0x00002a3c       0x40 ./libandesap.a(queue.o)
                0x00002a3c                apiQU_Enqueue
 .text.sysDelay1u
                0x00002a7c       0x10 ./libandesap.a(chip_init.o)
 .text.clean_key_tb
                0x00002a8c       0x6c ./libandesap.a(chip_init.o)
                0x00002a8c                clean_key_tb
 .text.MT7681_ReadEEPROM
                0x00002af8       0x50 ./libandesap.a(chip_init.o)
                0x00002af8                MT7681_ReadEEPROM
 .text.rtmp_bbp_is_ready
                0x00002b48       0x58 ./libandesap.a(chip_init.o)
                0x00002b48                rtmp_bbp_is_ready
 .text.PRF      0x00002ba0       0xb4 ./libandesap.a(cmm_wpa.o)
                0x00002ba0                PRF
 .text.T.102    0x00002c54       0xe0 ./libandesap.a(cmm_wpa.o)
 .text.RtmpPasswordHash
                0x00002d34       0x54 ./libandesap.a(cmm_wpa.o)
                0x00002d34                RtmpPasswordHash
 .text.AES_Key_Unwrap
                0x00002d88      0x174 ./libandesap.a(crypt_aes.o)
                0x00002d88                AES_Key_Unwrap
 .text.RT_AES_Encrypt
                0x00002efc      0x3dc ./libandesap.a(crypt_aes.o)
                0x00002efc                RT_AES_Encrypt
 .text.AES_Key_Wrap
                0x000032d8      0x164 ./libandesap.a(crypt_aes.o)
                0x000032d8                AES_Key_Wrap
 .text.RT_HMAC_MD5
                0x0000343c      0x134 ./libandesap.a(crypt_hmac.o)
                0x0000343c                RT_HMAC_MD5
 .text.RT_HMAC_SHA1
                0x00003570      0x134 ./libandesap.a(crypt_hmac.o)
                0x00003570                RT_HMAC_SHA1
 .text.RTMPCheckRxError
                0x000036a4       0x14 ./libandesap.a(rtmp_data.o)
                0x000036a4                RTMPCheckRxError
 .text.APForwardFindCipherAlgorithm
                0x000036b8       0x80 ./libandesap.a(rtmp_data.o)
                0x000036b8                APForwardFindCipherAlgorithm
 .text.APForwardBuildCommon802_11Header
                0x00003738       0xf0 ./libandesap.a(rtmp_data.o)
                0x00003738                APForwardBuildCommon802_11Header
 .text.RTMPRawDataSanity
                0x00003828       0xd8 ./libandesap.a(rtmp_data.o)
                0x00003828                RTMPRawDataSanity
 .text.RTMPCompareMemory
                0x00003900       0x28 ./libandesap.a(rtmp_general.o)
                0x00003900                RTMPCompareMemory
 .text.rtmp_eep_read16
                0x00003928       0x20 ./libandesap.a(ee_efuse.o)
                0x00003928                rtmp_eep_read16
 .text.drvFCE_IntHdlr
                0x00003948       0x8c ./libandesap.a(fce.o)
                0x00003948                drvFCE_IntHdlr
 .text.PdmaVrPortIntHdlr
                0x000039d4       0xf4 ./libandesap.a(pdma.o)
                0x000039d4                PdmaVrPortIntHdlr
 .text.PdmaVtPortIntHdlr
                0x00003ac8      0x100 ./libandesap.a(pdma.o)
                0x00003ac8                PdmaVtPortIntHdlr
 .text.PdmaTxTsHdlr
                0x00003bc8       0x70 ./libandesap.a(pdma.o)
                0x00003bc8                PdmaTxTsHdlr
 .text.TxTsIntHdlr
                0x00003c38       0x18 ./libandesap.a(pdma.o)
                0x00003c38                TxTsIntHdlr
 .text.PdmaRxFsHdlr
                0x00003c50      0x108 ./libandesap.a(pdma.o)
                0x00003c50                PdmaRxFsHdlr
 .text.RxFsIntHdlr
                0x00003d58       0x18 ./libandesap.a(pdma.o)
                0x00003d58                RxFsIntHdlr
 .text.SPI_REG8
                0x00003d70       0x10 ./libandesap.a(spi-flash.o)
                0x00003d70                SPI_REG8
 .text.SPI_READOUT
                0x00003d80        0xc ./libandesap.a(spi-flash.o)
                0x00003d80                SPI_READOUT
 .text.WAIT_OP_DONE_PUB
                0x00003d8c       0x10 ./libandesap.a(spi-flash.o)
                0x00003d8c                WAIT_OP_DONE_PUB
 .text.spi_flash_read
                0x00003d9c       0x28 ./libandesap.a(spi-flash.o)
                0x00003d9c                spi_flash_read
 .text.drvTMR_Init
                0x00003dc4       0x14 ./libandesap.a(timer.o)
                0x00003dc4                drvTMR_Init
 .text.kal_get_systime
                0x00003dd8        0xc ./libandesap.a(timer.o)
                0x00003dd8                kal_get_systime
 .text.kal_stop_timer
                0x00003de4       0x84 ./libandesap.a(timer.o)
                0x00003de4                kal_stop_timer
 .text.kal_start_timer
                0x00003e68      0x104 ./libandesap.a(timer.o)
                0x00003e68                kal_start_timer
 .text.SwTimerHandler
                0x00003f6c       0x30 ./libandesap.a(timer.o)
                0x00003f6c                SwTimerHandler
 .text.hw_timer1_IntHdler
                0x00003f9c       0x3c ./libandesap.a(timer.o)
                0x00003f9c                hw_timer1_IntHdler
 .text.drvTMR_IntHdler
                0x00003fd8       0x4c ./libandesap.a(timer.o)
                0x00003fd8                drvTMR_IntHdler
 .text.UART_PutUARTByte
                0x00004024       0x20 ./libandesap.a(uart.o)
                0x00004024                UART_PutUARTByte
 .text._UART_GetByte
                0x00004044       0x24 ./libandesap.a(uart.o)
                0x00004044                _UART_GetByte
 .text.UART_RecHandler
                0x00004068       0x38 ./libandesap.a(uart.o)
                0x00004068                UART_RecHandler
 .text.UART_TrxHandler
                0x000040a0       0xbc ./libandesap.a(uart.o)
                0x000040a0                UART_TrxHandler
 .text.UART_LISR
                0x0000415c       0x48 ./libandesap.a(uart.o)
                0x0000415c                UART_LISR
 .text.UART_EnableTX
                0x000041a4       0x38 ./libandesap.a(uart.o)
                0x000041a4                UART_EnableTX
 .text.UART_DisableTX
                0x000041dc       0x3c ./libandesap.a(uart.o)
                0x000041dc                UART_DisableTX
 .text.UART_EnableRX
                0x00004218       0x38 ./libandesap.a(uart.o)
                0x00004218                UART_EnableRX
 .text.UART_DisableRX
                0x00004250       0x3c ./libandesap.a(uart.o)
                0x00004250                UART_DisableRX
 .text.sysXCPT_XcptHdlr
                0x0000428c       0x18 ./libandesap.a(xcpt.o)
                0x0000428c                sysXCPT_XcptHdlr
 .text.sysXCPT_ResetXcptHdlr
                0x000042a4        0x4 ./libandesap.a(xcpt.o)
 .text.sysXCPT_TlbFillXcptHdlr
                0x000042a8        0x4 ./libandesap.a(xcpt.o)
 .text.sysXCPT_PteNotPresentXcptHdlr
                0x000042ac        0x4 ./libandesap.a(xcpt.o)
 .text.sysXCPT_TlbMiscXcptHdlr
                0x000042b0        0x4 ./libandesap.a(xcpt.o)
 .text.sysXCPT_TlbVlptMissXcptHdlr
                0x000042b4        0x4 ./libandesap.a(xcpt.o)
 .text.sysXCPT_MachineErrXcptHdlr
                0x000042b8        0x4 ./libandesap.a(xcpt.o)
 .text.sysXCPT_DebugRelatedXcptHdlr
                0x000042bc        0x4 ./libandesap.a(xcpt.o)
 .text.sysXCPT_GeneralXcptHdlr
                0x000042c0        0x4 ./libandesap.a(xcpt.o)
 .text.sysXCPT_SysCallXcptHdlr
                0x000042c4        0x4 ./libandesap.a(xcpt.o)
 .text.sysXCPT_Hw0IntrHdlr
                0x000042c8        0x4 ./libandesap.a(xcpt.o)
 .text.sysXCPT_Hw1IntrHdlr
                0x000042cc        0x4 ./libandesap.a(xcpt.o)
 .text.sysXCPT_Hw2IntrHdlr
                0x000042d0        0x4 ./libandesap.a(xcpt.o)
 .text.sysXCPT_Hw3IntrHdlr
                0x000042d4        0x4 ./libandesap.a(xcpt.o)
 .text.sysXCPT_Hw4IntrHdlr
                0x000042d8        0x4 ./libandesap.a(xcpt.o)
 .text.sysXCPT_Hw5IntrHdlr
                0x000042dc        0x4 ./libandesap.a(xcpt.o)
 .text.sysXCPT_SwIntrHdlr
                0x000042e0        0x4 ./libandesap.a(xcpt.o)
 .text.sysKernelStart
                0x000042e4       0x18 ./libandesap.a(initial.o)
                0x000042e4                sysKernelStart
 .text.SYSirq_Disable_Interrupts_Save_Flags
                0x000042fc       0x14 ./libandesap.a(mutex.o)
                0x000042fc                SYSirq_Disable_Interrupts_Save_Flags
 .text.SYSirq_Interrupts_Restore_Flags
                0x00004310       0x18 ./libandesap.a(mutex.o)
                0x00004310                SYSirq_Interrupts_Restore_Flags
 .text.sysTASK_LowPrioTask
                0x00004328       0x3c ./libandesap.a(task.o)
                0x00004328                sysTASK_LowPrioTask
 .text.sysTASK_DeassertSignal
                0x00004364       0x44 ./libandesap.a(task.o)
                0x00004364                sysTASK_DeassertSignal
 .text.sysTASK_AssertSignal
                0x000043a8       0x40 ./libandesap.a(task.o)
                0x000043a8                sysTASK_AssertSignal
 .text.apiInitListEntry
                0x000043e8        0x8 ./libandesap.a(list.o)
                0x000043e8                apiInitListEntry
 .text.apiInsertListEntry
                0x000043f0        0xc ./libandesap.a(list.o)
                0x000043f0                apiInsertListEntry
 .text.apiInsertTailEntry
                0x000043fc       0x20 ./libandesap.a(list.o)
                0x000043fc                apiInsertTailEntry
 .text.apiRemoveHeadEntry
                0x0000441c       0x1c ./libandesap.a(list.o)
                0x0000441c                apiRemoveHeadEntry
 .text.apiRand  0x00004438       0x1c ./libandesap.a(random.o)
                0x00004438                apiRand
 .text.do_printf
                0x00004454      0x2e8 ./libandesap.a(do_printf.o)
                0x00004454                do_printf
 .text.fputc    0x0000473c       0x2c ./libandesap.a(fputs.o)
                0x0000473c                fputc
 .text.putchar  0x00004768       0x1c ./libandesap.a(fputs.o)
                0x00004768                putchar
 .text.strcmp   0x00004784       0x20 ./libandesap.a(strcmp.o)
                0x00004784                strcmp
 .text.strncmp  0x000047a4       0x24 ./libandesap.a(strcmp.o)
                0x000047a4                strncmp
 .text.strcpy   0x000047c8       0x14 ./libandesap.a(strcpy.o)
                0x000047c8                strcpy
 .text.strncpy  0x000047dc       0x1c ./libandesap.a(strcpy.o)
                0x000047dc                strncpy
 .text.strlen   0x000047f8       0x10 ./libandesap.a(strlen.o)
                0x000047f8                strlen
 .text.__toupper
                0x00004808       0x1c ./libandesap.a(vsprintf.o)
 .text.simple_strtoul
                0x00004824       0xe4 ./libandesap.a(vsprintf.o)
                0x00004824                simple_strtoul
 .text.simple_strtol
                0x00004908       0x2c ./libandesap.a(vsprintf.o)
                0x00004908                simple_strtol
 .text.drvMCUCTL_IntrHdlr
                0x00004934       0xc4 ./libandesap.a(mcuctl.o)
                0x00004934                drvMCUCTL_IntrHdlr
 .text.sysDelayxu
                0x000049f8       0x18 ./libandesap.a(mt7681_ChSw.o)
 .text.RF_READ  0x00004a10       0xb8 ./libandesap.a(mt7681_ChSw.o)
                0x00004a10                RF_READ
 .text.RF_WRITE
                0x00004ac8       0x84 ./libandesap.a(mt7681_ChSw.o)
                0x00004ac8                RF_WRITE
 .text.RF_WRITE8
                0x00004b4c       0x20 ./libandesap.a(mt7681_ChSw.o)
                0x00004b4c                RF_WRITE8
 .text.BBP_READ
                0x00004b6c       0x78 ./libandesap.a(mt7681_ChSw.o)
                0x00004b6c                BBP_READ
 .text.BBP_WRITE
                0x00004be4       0x54 ./libandesap.a(mt7681_ChSw.o)
                0x00004be4                BBP_WRITE
 .text.Config_ChannelInfo
                0x00004c38       0x54 ./libandesap.a(mt7681_ChSw.o)
                0x00004c38                Config_ChannelInfo
 .text.CaliPeriodExec
                0x00004c8c       0x40 ./libandesap.a(mt7681_ChSw.o)
                0x00004c8c                CaliPeriodExec
 .text.T.216    0x00004ccc       0x58 ./libandesap.a(mt7681_ChSw.o)
 .text.drvPBF_IntHdler
                0x00004d24       0x18 ./libandesap.a(wifi_ps.o)
                0x00004d24                drvPBF_IntHdler
 .text.GetQueueInfo
                0x00004d3c        0xc ./libandesap.a(wifi_task.o)
                0x00004d3c                GetQueueInfo
 .text.GetFceIntStat
                0x00004d48        0xc ./libandesap.a(wifi_task.o)
                0x00004d48                GetFceIntStat
 .text.GetMsTimer
                0x00004d54        0xc ./libandesap.a(wifi_task.o)
                0x00004d54                GetMsTimer
 .text.StorePhyMode
                0x00004d60        0xc ./libandesap.a(wifi_task.o)
                0x00004d60                StorePhyMode
 .text.handle_FCE_interrupt
                0x00004d6c       0x64 ./libandesap.a(wifi_task.o)
                0x00004d6c                handle_FCE_interrupt
 .text.drvGPIO_IntHdler
                0x00004dd0       0x44 ./libandesap.a(led.o)
                0x00004dd0                drvGPIO_IntHdler
 .text.T.3      0x00004e14       0x48 ./libandesap.a(led.o)
                0x00004e60                . = ALIGN (0x10)
                0x00004e60                STACK_SECT_VMA = .

.STACK          0x00004e60      0xa00
                0x00004e60                PROVIDE (_STACK_START, .)
 *(.stack)
 .stack         0x00004e60      0xa00 ./libandesap.a(stack.o)
                0x00004e60                sysStack
                0x00005860                PROVIDE (_STACK_END, .)
                0x00005860                . = ALIGN (0x10)
                0x00005860                DATA_SECT_VMA = .

.DATA           0x00005860      0xf50
 *(.rodata)
 .rodata        0x00005860        0x8 obj/ap/tcpip/dhcpd.o
 .rodata        0x00005868       0x10 obj/ap/tcpip/iot_tcp_app.o
 *(.rodata.*)
 .rodata.str1.4
                0x00005878       0x4a obj/ap/ap_pub.o
                                 0x4c (size before relaxing)
 *fill*         0x000058c2        0x2 00000000
 .rodata.str1.4
                0x000058c4       0xe7 obj/ap/iot_at_cmd.o
                                 0xec (size before relaxing)
 *fill*         0x000059ab        0x1 00000000
 .rodata.str1.4
                0x000059ac        0x7 obj/ap/iot_at_cmd_utility.o
                                  0x8 (size before relaxing)
 *fill*         0x000059b3        0x1 00000000
 .rodata.str1.4
                0x000059b4       0x95 obj/ap/iot_custom.o
                                 0x98 (size before relaxing)
 *fill*         0x00005a49        0x3 00000000
 .rodata.cst4   0x00005a4c        0x4 obj/ap/iot_uart_rb.o
 .rodata.str1.4
                0x00005a50        0xf obj/ap/iot_uplink.o
                                 0x10 (size before relaxing)
 *fill*         0x00005a5f        0x1 00000000
 .rodata.__FUNCTION__.3159
                0x00005a60       0x18 obj/ap/iot_uplink.o
 .rodata.str1.4
                0x00005a78       0x98 obj/ap/rtmp_data_pub.o
 .rodata.__FUNCTION__.3236
                0x00005b10       0x14 obj/ap/rtmp_data_pub.o
 .rodata.str1.4
                0x00005b24       0x14 obj/ap/tcpip/dhcpc.o
 .rodata.xid    0x00005b38        0x4 obj/ap/tcpip/dhcpc.o
 .rodata.magic_cookie
                0x00005b3c        0x4 obj/ap/tcpip/dhcpc.o
 .rodata.str1.4
                0x00005b40       0x75 obj/ap/tcpip/dhcpd.o
                                 0x78 (size before relaxing)
 *fill*         0x00005bb5        0x3 00000000
 .rodata.str1.4
                0x00005bb8       0x57 obj/ap/tcpip/iot_tcp_app.o
                                 0x58 (size before relaxing)
 *fill*         0x00005c0f        0x1 00000000
 .rodata.str1.4
                0x00005c10        0x3 obj/ap/tcpip/sample_udp_server.o
                                 0x10 (size before relaxing)
 *fill*         0x00005c13        0x1 00000000
 .rodata.str1.4
                0x00005c14       0x30 obj/ap/tcpip/tcpip_main.o
 .rodata.uip_hostaddr
                0x00005c44        0x4 obj/ap/tcpip/uip.o
                0x00005c44                uip_hostaddr
 .rodata.uip_netmask
                0x00005c48        0x4 obj/ap/tcpip/uip.o
                0x00005c48                uip_netmask
 .rodata.broadcast_ethaddr
                0x00005c4c        0x8 obj/ap/tcpip/uip_arp.o
 .rodata.http_http
                0x00005c54        0x8 obj/ap/tcpip/webclient-strings.o
                0x00005c54                http_http
 .rodata.http_200
                0x00005c5c        0x8 obj/ap/tcpip/webclient-strings.o
                0x00005c5c                http_200
 .rodata.http_301
                0x00005c64        0x8 obj/ap/tcpip/webclient-strings.o
                0x00005c64                http_301
 .rodata.http_302
                0x00005c6c        0x8 obj/ap/tcpip/webclient-strings.o
                0x00005c6c                http_302
 .rodata.http_get
                0x00005c74        0x8 obj/ap/tcpip/webclient-strings.o
                0x00005c74                http_get
 .rodata.http_10
                0x00005c7c        0xc obj/ap/tcpip/webclient-strings.o
                0x00005c7c                http_10
 .rodata.http_11
                0x00005c88        0xc obj/ap/tcpip/webclient-strings.o
                0x00005c88                http_11
 .rodata.http_content_type
                0x00005c94       0x10 obj/ap/tcpip/webclient-strings.o
                0x00005c94                http_content_type
 .rodata.http_location
                0x00005ca4        0xc obj/ap/tcpip/webclient-strings.o
                0x00005ca4                http_location
 .rodata.http_host
                0x00005cb0        0x8 obj/ap/tcpip/webclient-strings.o
                0x00005cb0                http_host
 .rodata.http_crnl
                0x00005cb8        0x4 obj/ap/tcpip/webclient-strings.o
                0x00005cb8                http_crnl
 .rodata.http_user_agent_fields
                0x00005cbc       0x50 obj/ap/tcpip/webclient-strings.o
                0x00005cbc                http_user_agent_fields
 .rodata.str1.4
                0x00005d0c       0x1a obj/ap/tcpip/webclient.o
                                 0x1c (size before relaxing)
 *fill*         0x00005d26        0x2 00000000
 .rodata.str1.4
                0x00005d28        0xc obj/ap/wifi_task_pub.o
 .rodata.str1.4
                0x00005d34       0x2b ./libandesap.a(xip_ovly.o)
                                 0x2c (size before relaxing)
 *fill*         0x00005d5f        0x1 00000000
 .rodata.str1.4
                0x00005d60       0x78 ./libandesap.a(ap.o)
 .rodata.str1.4
                0x00005dd8       0x69 ./libandesap.a(ap_assoc.o)
                                 0x6c (size before relaxing)
 *fill*         0x00005e41        0x3 00000000
 .rodata.__FUNCTION__.4946
                0x00005e44       0x18 ./libandesap.a(ap_assoc.o)
 .rodata.__FUNCTION__.4818
                0x00005e5c       0x18 ./libandesap.a(ap_assoc.o)
 .rodata.C.18.4747
                0x00005e74        0x8 ./libandesap.a(ap_assoc.o)
 .rodata.C.15.4697
                0x00005e7c        0x4 ./libandesap.a(ap_assoc.o)
 .rodata.C.14.4696
                0x00005e80        0x4 ./libandesap.a(ap_assoc.o)
 .rodata.str1.4
                0x00000000       0x28 ./libandesap.a(ap_auth.o)
 .rodata.__FUNCTION__.4469
                0x00005e84       0x18 ./libandesap.a(ap_auth.o)
 .rodata.__FUNCTION__.4406
                0x00005e9c       0x14 ./libandesap.a(ap_auth.o)
 .rodata.str1.4
                0x00005eb0       0x50 ./libandesap.a(mgmt_entrytb.o)
 .rodata.__FUNCTION__.4432
                0x00005f00       0x14 ./libandesap.a(mgmt_entrytb.o)
 .rodata.__FUNCTION__.4400
                0x00005f14       0x14 ./libandesap.a(mgmt_entrytb.o)
 .rodata.__FUNCTION__.4356
                0x00005f28       0x10 ./libandesap.a(mgmt_entrytb.o)
 .rodata.str1.4
                0x00005f38       0x17 ./libandesap.a(iot_io_cmd.o)
                                 0x18 (size before relaxing)
 *fill*         0x00005f4f        0x1 00000000
 .rodata.__FUNCTION__.4848
                0x00005f50       0x10 ./libandesap.a(iot_io_cmd.o)
 .rodata.C.2.6134
                0x00005f60       0x10 ./libandesap.a(app_nos_main.o)
 .rodata.str1.4
                0x00005f70       0x57 ./libandesap.a(chip_init.o)
                                 0x5c (size before relaxing)
 *fill*         0x00005fc7        0x1 00000000
 .rodata.str1.4
                0x00005fc8      0x262 ./libandesap.a(cmm_wpa.o)
                                0x264 (size before relaxing)
 *fill*         0x0000622a        0x2 00000000
 .rodata.cst4   0x0000622c        0x8 ./libandesap.a(cmm_wpa.o)
 .rodata.__FUNCTION__.5134
                0x00006234       0x14 ./libandesap.a(cmm_wpa.o)
 .rodata.C.22.4847
                0x00006248        0xc ./libandesap.a(cmm_wpa.o)
 .rodata.C.21.4789
                0x00006254       0x18 ./libandesap.a(cmm_wpa.o)
 .rodata.cst4   0x0000626c        0x4 ./libandesap.a(crypt_aes.o)
                                  0x8 (size before relaxing)
 .rodata.aes_mul_2
                0x00006270      0x100 ./libandesap.a(crypt_aes.o)
 .rodata.aes_mul_3
                0x00006370      0x100 ./libandesap.a(crypt_aes.o)
 .rodata.str1.4
                0x00006470        0x5 ./libandesap.a(bsp.o)
                                  0x8 (size before relaxing)
 *fill*         0x00006475        0x3 00000000
 .rodata.str1.4
                0x00006478       0x38 ./libandesap.a(ee_efuse.o)
 .rodata.MT7681_Frequency_Plan
                0x000064b0       0x48 ./libandesap.a(mt7681_ChSw.o)
                0x00006500                . = ALIGN (0x10)
 *fill*         0x000064f8        0x8 00000000
 *(.data)
 *(.data.*)
 .data.optind   0x00006500        0x2 obj/ap/iot_at_cmd_utility.o
                0x00006500                optind
 .data.opterr   0x00006502        0x1 obj/ap/iot_at_cmd_utility.o
                0x00006502                opterr
 *fill*         0x00006503        0x1 00000000
 .data.Com_Cfg  0x00006504       0x2c obj/ap/iot_custom.o
                0x00006504                Com_Cfg
 .data.Usr_Cfg  0x00006530       0x60 obj/ap/iot_custom.o
                0x00006530                Usr_Cfg
 .data.PRINT_FLAG
                0x00006590        0x1 obj/ap/iot_custom.o
                0x00006590                PRINT_FLAG
 *fill*         0x00006591        0x3 00000000
 .data.IoT_CmdPWD_Recv
                0x00006594        0x4 obj/ap/iot_parse.o
                0x00006594                IoT_CmdPWD_Recv
 .data.ATCmdPrefixAT
                0x00006598        0x4 obj/ap/iot_uart_rb.o
                0x00006598                ATCmdPrefixAT
 .data.ATCmdPrefixIW
                0x0000659c        0xc obj/ap/iot_uart_rb.o
                0x0000659c                ATCmdPrefixIW
 .data.SNAP_802_1H
                0x000065a8        0x8 obj/ap/iot_uplink.o
                0x000065a8                SNAP_802_1H
 .data.SNAP_BRIDGE_TUNNEL
                0x000065b0        0x8 obj/ap/iot_uplink.o
                0x000065b0                SNAP_BRIDGE_TUNNEL
 .data.EAPOL    0x000065b8        0x4 obj/ap/iot_uplink.o
                0x000065b8                EAPOL
 .data.IPv4     0x000065bc        0x4 obj/ap/iot_uplink.o
                0x000065bc                IPv4
 .data.hostname
                0x000065c0        0x8 obj/ap/tcpip/dhcpc.o
 .data.uip_softap_ipaddr
                0x000065c8        0x4 obj/ap/tcpip/dhcpd.o
 .data.uip_softap_netmask
                0x000065cc        0x4 obj/ap/tcpip/dhcpd.o
 .data.cli_fd   0x000065d0        0x4 obj/ap/tcpip/tcpip_main.o
                0x000065d0                cli_fd
 .data.clk      0x000065d4        0x4 obj/ap/tcpip/tcpip_main.o
 .data.uip_ethaddr
                0x000065d8        0x8 obj/ap/tcpip/uip.o
                0x000065d8                uip_ethaddr
 .data.gCurrentAddress
                0x000065e0        0x8 obj/ap/wifi_task_pub.o
                0x000065e0                gCurrentAddress
 .data.BCAST_ADDR
                0x000065e8        0x8 obj/ap/wifi_task_pub.o
                0x000065e8                BCAST_ADDR
 .data.NUM_BIT8
                0x000065f0        0x8 ./libandesap.a(ap.o)
                0x000065f0                NUM_BIT8
 .data.OfdmRateToRxwiMCS
                0x000065f8        0xc ./libandesap.a(mgmt_entrytb.o)
                0x000065f8                OfdmRateToRxwiMCS
 .data.OUI_WPA_NONE_AKM
                0x00006604        0x4 ./libandesap.a(cmm_wpa.o)
                0x00006604                OUI_WPA_NONE_AKM
 .data.OUI_WPA_VERSION
                0x00006608        0x4 ./libandesap.a(cmm_wpa.o)
                0x00006608                OUI_WPA_VERSION
 .data.OUI_WPA_TKIP
                0x0000660c        0x4 ./libandesap.a(cmm_wpa.o)
                0x0000660c                OUI_WPA_TKIP
 .data.OUI_WPA_CCMP
                0x00006610        0x4 ./libandesap.a(cmm_wpa.o)
                0x00006610                OUI_WPA_CCMP
 .data.OUI_WPA_8021X_AKM
                0x00006614        0x4 ./libandesap.a(cmm_wpa.o)
                0x00006614                OUI_WPA_8021X_AKM
 .data.OUI_WPA_PSK_AKM
                0x00006618        0x4 ./libandesap.a(cmm_wpa.o)
                0x00006618                OUI_WPA_PSK_AKM
 .data.OUI_WPA2
                0x0000661c        0x4 ./libandesap.a(cmm_wpa.o)
                0x0000661c                OUI_WPA2
 .data.OUI_WPA2_TKIP
                0x00006620        0x4 ./libandesap.a(cmm_wpa.o)
                0x00006620                OUI_WPA2_TKIP
 .data.OUI_WPA2_CCMP
                0x00006624        0x4 ./libandesap.a(cmm_wpa.o)
                0x00006624                OUI_WPA2_CCMP
 .data.OUI_WPA2_8021X_AKM
                0x00006628        0x4 ./libandesap.a(cmm_wpa.o)
                0x00006628                OUI_WPA2_8021X_AKM
 .data.OUI_WPA2_PSK_AKM
                0x0000662c        0x4 ./libandesap.a(cmm_wpa.o)
                0x0000662c                OUI_WPA2_PSK_AKM
 .data.Default_IV
                0x00006630        0x8 ./libandesap.a(crypt_aes.o)
 .data.g_tx_pkt_id
                0x00006638        0x1 ./libandesap.a(rtmp_data.o)
 *fill*         0x00006639        0x3 00000000
 .data.Full_ChannelList
                0x0000663c       0x28 ./libandesap.a(scan.o)
                0x0000663c                Full_ChannelList
 .data.WPS_OUI  0x00006664        0x4 ./libandesap.a(scan.o)
                0x00006664                WPS_OUI
 .data.sysXcptVctr
                0x00006668       0x40 ./libandesap.a(xcpt.o)
 .data.Random   0x000066a8        0x4 ./libandesap.a(random.o)
 .data.ExtRateIe
                0x000066ac        0x1 ./libandesap.a(mt7681_ChSw.o)
                0x000066ac                ExtRateIe
 .data.Wpa2Ie   0x000066ad        0x1 ./libandesap.a(mt7681_ChSw.o)
                0x000066ad                Wpa2Ie
 .data.RTDebugLevel
                0x000066ae        0x1 ./libandesap.a(wifi_task.o)
                0x000066ae                RTDebugLevel
 *fill*         0x000066af        0x1 00000000
 .data._ctype   0x000066b0      0x100 ./libandesap.a(ctype.o)
                0x000066b0                _ctype
                0x000067b0                . = ALIGN (0x4)

FW_VERSION_TAG  0x000067b0        0xc
 *(FW_VERSION_TAG)
 FW_VERSION_TAG
                0x000067b0        0xc ./libandesap.a(bsp.o)
                0x000067b0                gVersionTag
                0x000067bc                __tag_end = .

.ovlysec0       0x000067bc      0xf80 load address 0x0056f000
 .ovlysec0      0x000067bc      0xf80 obj/ap/tcpip/uip.o
                0x000067bc                _uip_process
                0x0056f000                PROVIDE (__load_start_ovlysec0, LOADADDR (.ovlysec0))
                0x0056ff80                PROVIDE (__load_stop_ovlysec0, (LOADADDR (.ovlysec0) + SIZEOF (.ovlysec0)))

.ovlysec1       0x000067bc        0x0 load address 0x0056ff80
                0x0056ff80                PROVIDE (__load_start_ovlysec1, LOADADDR (.ovlysec1))
                0x0056ff80                PROVIDE (__load_stop_ovlysec1, (LOADADDR (.ovlysec1) + SIZEOF (.ovlysec1)))

.ovlysec2       0x000067bc      0x814 load address 0x0056ff80
 .ovlysec2      0x000067bc      0x814 ./libandesap.a(chip_init.o)
                0x000067bc                MACRegTable
                0x00006f1c                MT7681_RF_VGA_RegTb
                0x000068e4                MT7681_MACRegTable
                0x00006e68                MT7681_RF_Channel_RegTb
                0x00006de4                MT7681_RF_Central_RegTb
                0x00006934                MT7681_BBP_InitRegTb
                0x00006914                BBPRegTable
                0x0056ff80                PROVIDE (__load_start_ovlysec2, LOADADDR (.ovlysec2))
                0x00570794                PROVIDE (__load_stop_ovlysec2, (LOADADDR (.ovlysec2) + SIZEOF (.ovlysec2)))

.ovlysec3       0x000067bc        0x0 load address 0x00570794
                0x00570794                PROVIDE (__load_start_ovlysec3, LOADADDR (.ovlysec3))
                0x00570794                PROVIDE (__load_stop_ovlysec3, (LOADADDR (.ovlysec3) + SIZEOF (.ovlysec3)))

.ovlysec4       0x000067bc        0x0 load address 0x00570794
                0x00570794                PROVIDE (__load_start_ovlysec4, LOADADDR (.ovlysec4))
                0x00570794                PROVIDE (__load_stop_ovlysec4, (LOADADDR (.ovlysec4) + SIZEOF (.ovlysec4)))

.ovlysec5       0x000067bc        0x0 load address 0x00570794
                0x00570794                PROVIDE (__load_start_ovlysec5, LOADADDR (.ovlysec5))
                0x00570794                PROVIDE (__load_stop_ovlysec5, (LOADADDR (.ovlysec5) + SIZEOF (.ovlysec5)))

.ovlysec6       0x000067bc        0x0 load address 0x00570794
                0x00570794                PROVIDE (__load_start_ovlysec6, LOADADDR (.ovlysec6))
                0x00570794                PROVIDE (__load_stop_ovlysec6, (LOADADDR (.ovlysec6) + SIZEOF (.ovlysec6)))

.ovlysec7       0x000067bc      0xdc4 load address 0x00570794
 .ovlysec7      0x000067bc      0xdc4 ./libandesap.a(cmm_wpa.o)
                0x000067e0                _CalculateMIC
                0x00006b94                _ConstructEapolMsg
                0x00007224                _PeerPairMsg4Action
                0x000068b4                _WpaDeriveGTK
                0x00006de0                _WpaDerivePTK
                0x00006f70                _PeerWpaMessageSanity
                0x00007324                _PeerPairMsg2Action
                0x000067bc                _RTMPParseEapolKeyData
                0x000069a0                _ConstructEapolKeyData
                0x00570794                PROVIDE (__load_start_ovlysec7, LOADADDR (.ovlysec7))
                0x00571558                PROVIDE (__load_stop_ovlysec7, (LOADADDR (.ovlysec7) + SIZEOF (.ovlysec7)))

.ovlysec8       0x0000773c        0x0 load address 0x00571558
                0x00571558                PROVIDE (__load_start_ovlysec8, LOADADDR (.ovlysec8))
                0x00571558                PROVIDE (__load_stop_ovlysec8, (LOADADDR (.ovlysec8) + SIZEOF (.ovlysec8)))

.ovlysec9       0x0000773c       0xb4 load address 0x00571558
 .ovlysec9      0x0000773c       0xb4 obj/ap/tcpip/tcpip_main.o
                0x0000773c                _tcpip_init
                0x00571558                PROVIDE (__load_start_ovlysec9, LOADADDR (.ovlysec9))
                0x0057160c                PROVIDE (__load_stop_ovlysec9, (LOADADDR (.ovlysec9) + SIZEOF (.ovlysec9)))

.ovlysec10      0x0000773c      0x1fc load address 0x0057160c
 .ovlysec10     0x0000773c      0x1fc obj/ap/tcpip/dhcpc.o
                0x0000773c                _handle_dhcp
                0x0057160c                PROVIDE (__load_start_ovlysec10, LOADADDR (.ovlysec10))
                0x00571808                PROVIDE (__load_stop_ovlysec10, (LOADADDR (.ovlysec10) + SIZEOF (.ovlysec10)))

.ovlysec11      0x0000773c      0x19c load address 0x00571808
 .ovlysec11     0x0000773c      0x19c ./libandesap.a(chip_init.o)
                0x000077ac                wait_bbp_rf_wakeup
                0x000077e8                NICInitMT7681BbpRegisters
                0x0000784c                NICInitMT7681RFRegisters
                0x0000773c                NICInitMT7681MacRegisters
                0x00571808                PROVIDE (__load_start_ovlysec11, LOADADDR (.ovlysec11))
                0x005719a4                PROVIDE (__load_stop_ovlysec11, (LOADADDR (.ovlysec11) + SIZEOF (.ovlysec11)))
                0x00007938                . = ALIGN (0x4)

.nds32.ovly.tbl
                0x00007938       0xe4
                0x00007938                _ovly_table = .
                0x00007938        0x4 LONG 0x67bc ABSOLUTE (ADDR (.ovlysec0))
                0x0000793c        0x4 LONG 0xf80 SIZEOF (.ovlysec0)
                0x00007940        0x4 LONG 0x56f000 ABSOLUTE (LOADADDR (.ovlysec0))
                0x00007944        0x4 LONG 0x0
                0x00007948        0x4 LONG 0x67bc ABSOLUTE (ADDR (.ovlysec1))
                0x0000794c        0x4 LONG 0x0 SIZEOF (.ovlysec1)
                0x00007950        0x4 LONG 0x56ff80 ABSOLUTE (LOADADDR (.ovlysec1))
                0x00007954        0x4 LONG 0x0
                0x00007958        0x4 LONG 0x67bc ABSOLUTE (ADDR (.ovlysec2))
                0x0000795c        0x4 LONG 0x814 SIZEOF (.ovlysec2)
                0x00007960        0x4 LONG 0x56ff80 ABSOLUTE (LOADADDR (.ovlysec2))
                0x00007964        0x4 LONG 0x0
                0x00007968        0x4 LONG 0x67bc ABSOLUTE (ADDR (.ovlysec3))
                0x0000796c        0x4 LONG 0x0 SIZEOF (.ovlysec3)
                0x00007970        0x4 LONG 0x570794 ABSOLUTE (LOADADDR (.ovlysec3))
                0x00007974        0x4 LONG 0x0
                0x00007978        0x4 LONG 0x67bc ABSOLUTE (ADDR (.ovlysec4))
                0x0000797c        0x4 LONG 0x0 SIZEOF (.ovlysec4)
                0x00007980        0x4 LONG 0x570794 ABSOLUTE (LOADADDR (.ovlysec4))
                0x00007984        0x4 LONG 0x0
                0x00007988        0x4 LONG 0x67bc ABSOLUTE (ADDR (.ovlysec5))
                0x0000798c        0x4 LONG 0x0 SIZEOF (.ovlysec5)
                0x00007990        0x4 LONG 0x570794 ABSOLUTE (LOADADDR (.ovlysec5))
                0x00007994        0x4 LONG 0x0
                0x00007998        0x4 LONG 0x67bc ABSOLUTE (ADDR (.ovlysec6))
                0x0000799c        0x4 LONG 0x0 SIZEOF (.ovlysec6)
                0x000079a0        0x4 LONG 0x570794 ABSOLUTE (LOADADDR (.ovlysec6))
                0x000079a4        0x4 LONG 0x0
                0x000079a8        0x4 LONG 0x67bc ABSOLUTE (ADDR (.ovlysec7))
                0x000079ac        0x4 LONG 0xdc4 SIZEOF (.ovlysec7)
                0x000079b0        0x4 LONG 0x570794 ABSOLUTE (LOADADDR (.ovlysec7))
                0x000079b4        0x4 LONG 0x0
                0x000079b8        0x4 LONG 0x773c ABSOLUTE (ADDR (.ovlysec8))
                0x000079bc        0x4 LONG 0x0 SIZEOF (.ovlysec8)
                0x000079c0        0x4 LONG 0x571558 ABSOLUTE (LOADADDR (.ovlysec8))
                0x000079c4        0x4 LONG 0x1
                0x000079c8        0x4 LONG 0x773c ABSOLUTE (ADDR (.ovlysec9))
                0x000079cc        0x4 LONG 0xb4 SIZEOF (.ovlysec9)
                0x000079d0        0x4 LONG 0x571558 ABSOLUTE (LOADADDR (.ovlysec9))
                0x000079d4        0x4 LONG 0x1
                0x000079d8        0x4 LONG 0x773c ABSOLUTE (ADDR (.ovlysec10))
                0x000079dc        0x4 LONG 0x1fc SIZEOF (.ovlysec10)
                0x000079e0        0x4 LONG 0x57160c ABSOLUTE (LOADADDR (.ovlysec10))
                0x000079e4        0x4 LONG 0x1
                0x000079e8        0x4 LONG 0x773c ABSOLUTE (ADDR (.ovlysec11))
                0x000079ec        0x4 LONG 0x19c SIZEOF (.ovlysec11)
                0x000079f0        0x4 LONG 0x571808 ABSOLUTE (LOADADDR (.ovlysec11))
                0x000079f4        0x4 LONG 0x1
                0x000079f8                _novlys = .
                0x000079f8        0x4 LONG 0xc ((_novlys - _ovly_table) / 0x10)
                0x00007a00                . = ALIGN (0x8)
 *fill*         0x000079fc        0x4 00
                0x00007a00                _ovly_ram_table = .
                0x00007a00        0x4 LONG 0x0
                0x00007a04        0x4 LONG 0xffffffff
                0x00007a08        0x4 LONG 0x0
                0x00007a0c        0x4 LONG 0x1
                0x00007a10        0x4 LONG 0xffffffff
                0x00007a14        0x4 LONG 0x0
                0x00007a18                _novlyr = .
                0x00007a18        0x4 LONG 0x2 ((_novlyr - _ovly_ram_table) / 0xc)
                0x00007a20                . = ALIGN (0x10)
                0x00007a20                BSS_SECT_VMA = .

.BSS            0x00007a20     0x4740
                0x00007a20                PROVIDE (_BSS_START, .)
 *(.sbss)
 *(.sbss.*)
 *(.scommon)
 *(.scommon.*)
 *(.sbss_w)
 .sbss_w        0x00007a20        0x4 obj/ap/main_pub.o
                0x00007a20                __OS_Heap_Start
 .sbss_w        0x00007a24       0x14 obj/ap/tcpip/uip.o
                0x00007a34                uip_sappdata
                0x00007a24                uip_udp_conn
                0x00007a28                uip_appdata
                0x00007a30                uip_conn
                0x00007a2c                uip_urgdata
 .sbss_w        0x00007a38        0x8 obj/ap/wifi_task_pub.o
                0x00007a38                pIoTMlme
                0x00007a3c                pIoTApCfg
 *(.sbss_w.*)
 *(.sbss_h)
 .sbss_h        0x00007a40        0xa obj/ap/tcpip/uip.o
                0x00007a40                uip_len
                0x00007a48                ipid
                0x00007a44                uip_surglen
                0x00007a42                uip_urglen
                0x00007a46                uip_slen
 .sbss_h        0x00007a4a        0x2 obj/ap/tcpip/webclient.o
                0x00007a4a                http_clientPort
 *(.sbss_h.*)
 *(.sbss_b)
 .sbss_b        0x00007a4c        0x1 obj/ap/tcpip/uip.o
                0x00007a4c                uip_flags
 *(.sbss_b.*)
                0x00007a50                . = ALIGN (0x10)
 *fill*         0x00007a4d        0x3 00000000
 *(.bss)
 *(.bss.*)
 .bss.optarg    0x00007a50        0x4 obj/ap/iot_at_cmd_utility.o
                0x00007a50                optarg
 .bss.pIndexPosition.1189
                0x00007a54        0x4 obj/ap/iot_at_cmd_utility.o
 .bss.gCaliFrEfuse
                0x00007a58        0x1 obj/ap/iot_custom.o
                0x00007a58                gCaliFrEfuse
 .bss.UART_TX_POLL_ENABLE
                0x00007a59        0x1 obj/ap/iot_custom.o
                0x00007a59                UART_TX_POLL_ENABLE
 .bss.preSeq    0x00007a5a        0x2 obj/ap/iot_parse.o
                0x00007a5a                preSeq
 .bss.appLen    0x00007a5c        0x2 obj/ap/iot_parse.o
                0x00007a5c                appLen
 *fill*         0x00007a5e        0x2 00000000
 .bss.mt7681_HardwareStatus
                0x00007a60        0x8 obj/ap/iot_parse.o
                0x00007a60                mt7681_HardwareStatus
 .bss.IWMatchNum.2908
                0x00007a68        0x1 obj/ap/iot_uart_rb.o
 .bss.ATMatchNum.2907
                0x00007a69        0x1 obj/ap/iot_uart_rb.o
 *fill*         0x00007a6a        0x2 00000000
 .bss.gCPULowClok
                0x00007a6c        0x4 obj/ap/misc_pub.o
                0x00007a6c                gCPULowClok
 .bss.lease_time_flag
                0x00007a70        0x4 obj/ap/tcpip/dhcpc.o
 .bss.s         0x00007a74       0x3c obj/ap/tcpip/dhcpc.o
 .bss.i.2917    0x00007ab0        0x1 obj/ap/tcpip/resolv.o
 .bss.lseqi.2888
                0x00007ab1        0x1 obj/ap/tcpip/resolv.o
 .bss.lseq.2887
                0x00007ab2        0x1 obj/ap/tcpip/resolv.o
 .bss.i.2886    0x00007ab3        0x1 obj/ap/tcpip/resolv.o
 .bss.names     0x00007ab4       0x2c obj/ap/tcpip/resolv.o
 .bss.seqno     0x00007ae0        0x1 obj/ap/tcpip/resolv.o
 *fill*         0x00007ae1        0x3 00000000
 .bss.iss       0x00007ae4        0x4 obj/ap/tcpip/uip.o
 .bss.lastport  0x00007ae8        0x2 obj/ap/tcpip/uip.o
 .bss.c         0x00007aea        0x1 obj/ap/tcpip/uip.o
 .bss.opt       0x00007aeb        0x1 obj/ap/tcpip/uip.o
 .bss.tmp16     0x00007aec        0x2 obj/ap/tcpip/uip.o
 *fill*         0x00007aee        0x2 00000000
 .bss.arp_table
                0x00007af0       0x60 obj/ap/tcpip/uip_arp.o
 .bss.ipaddr    0x00007b50        0x4 obj/ap/tcpip/uip_arp.o
 .bss.i         0x00007b54        0x1 obj/ap/tcpip/uip_arp.o
 .bss.c         0x00007b55        0x1 obj/ap/tcpip/uip_arp.o
 .bss.arptime   0x00007b56        0x1 obj/ap/tcpip/uip_arp.o
 .bss.tmpage    0x00007b57        0x1 obj/ap/tcpip/uip_arp.o
 .bss.i.2987    0x00007b58        0x1 obj/ap/tcpip/webclient.o
 .bss.c.2967    0x00007b59        0x1 obj/ap/tcpip/webclient.o
 *fill*         0x00007b5a        0x2 00000000
 .bss.addr.2846
                0x00007b5c        0x4 obj/ap/tcpip/webclient.o
 .bss.s         0x00007b60      0x180 obj/ap/tcpip/webclient.o
 .bss.PreTime.3044
                0x00007ce0        0x4 obj/ap/wifi_task_pub.o
 .bss.cnt.4480  0x00007ce4        0x4 ./libandesap.a(mgmt_entrytb.o)
 .bss.PreTime.4479
                0x00007ce8        0x4 ./libandesap.a(mgmt_entrytb.o)
 .bss.BufMem1   0x00007cec     0x18d8 ./libandesap.a(queue.o)
 .bss.BufMem2   0x000095c4      0x848 ./libandesap.a(queue.o)
 .bss.BufDesc1  0x00009e0c       0x90 ./libandesap.a(queue.o)
 .bss.BufDesc2  0x00009e9c       0x30 ./libandesap.a(queue.o)
 .bss.gSequence
                0x00009ecc        0x2 ./libandesap.a(rtmp_data.o)
                0x00009ecc                gSequence
 .bss.MgtFrameSeq
                0x00009ece        0x1 ./libandesap.a(rtmp_general.o)
                0x00009ece                MgtFrameSeq
 *fill*         0x00009ecf        0x1 00000000
 .bss.FceIntHdlr
                0x00009ed0       0x80 ./libandesap.a(fce.o)
 .bss.jiffies   0x00009f50        0x4 ./libandesap.a(timer.o)
                0x00009f50                jiffies
 .bss.Timers_List
                0x00009f54        0x4 ./libandesap.a(timer.o)
                0x00009f54                Timers_List
 .bss.Timer_Start
                0x00009f58        0x4 ./libandesap.a(timer.o)
                0x00009f58                Timer_Start
 .bss.last_start_time
                0x00009f5c        0x4 ./libandesap.a(timer.o)
                0x00009f5c                last_start_time
 .bss.McuCtlIntHdlr
                0x00009f60       0x80 ./libandesap.a(mcuctl.o)
 .bss.PreTime.6160
                0x00009fe0        0x4 ./libandesap.a(mt7681_ChSw.o)
 .bss.PreBW.6026
                0x00009fe4        0x1 ./libandesap.a(mt7681_ChSw.o)
 .bss.RF_ABB_R6_R7_IN_BW20
                0x00009fe5        0x1 ./libandesap.a(mt7681_ChSw.o)
 .bss.RF_ABB_R58_R59_IN_BW20
                0x00009fe6        0x1 ./libandesap.a(mt7681_ChSw.o)
 .bss.RF_ABB_R6_R7_IN_BW40
                0x00009fe7        0x1 ./libandesap.a(mt7681_ChSw.o)
 .bss.RF_ABB_R58_R59_IN_BW40
                0x00009fe8        0x1 ./libandesap.a(mt7681_ChSw.o)
 *fill*         0x00009fe9        0x3 00000000
 .bss.PARAM_Info
                0x00009fec        0x4 ./libandesap.a(mt7681_ChSw.o)
 .bss.TxPWR     0x00009ff0        0x4 ./libandesap.a(mt7681_ChSw.o)
 .bss.LNAGain   0x00009ff4        0x4 ./libandesap.a(mt7681_ChSw.o)
 .bss.wakeup_from_grant
                0x00009ff8        0x1 ./libandesap.a(wifi_ps.o)
                0x00009ff8                wakeup_from_grant
 .bss.gPmuINT   0x00009ff9        0x1 ./libandesap.a(wifi_ps.o)
                0x00009ff9                gPmuINT
 .bss.gPmuAbort
                0x00009ffa        0x1 ./libandesap.a(wifi_ps.o)
                0x00009ffa                gPmuAbort
 *(COMMON)
 *fill*         0x00009ffb        0x1 00000000
 COMMON         0x00009ffc      0x1c9 obj/ap/iot_custom.o
                0x00009ffc                IoTCustOp
                0x0000a01c                IoTCustTimer
                0x0000a038                IoTpAd
 *fill*         0x0000a1c5        0x3 00000000
 COMMON         0x0000a1c8      0x448 obj/ap/iot_uart_rb.o
                0x0000a1c8                uart_rb_info
                0x0000a1d4                UARTPort
                0x0000a2ec                UARTTxBuf
                0x0000a32c                uart_rb_addr
                0x0000a410                UARTRxBuf
 COMMON         0x0000a610       0xa0 obj/ap/tcpip/dhcpd.o
                0x0000a610                uip_dhpcd_conns
 COMMON         0x0000a6b0       0x18 obj/ap/tcpip/tcpip_main.o
                0x0000a6b0                arp_timer
                0x0000a6b8                periodic_timer
                0x0000a6c0                cli_timer
 COMMON         0x0000a6c8      0xcec obj/ap/tcpip/uip.o
                0x0000a6c8                uip_acc32
                0x0000a6cc                uip_conns
                0x0000b0dc                uip_listenports
                0x0000b0e4                uip_draddr
                0x0000b0e8                uip_buf
                0x0000b344                uip_udp_conns
 COMMON         0x0000b3b4        0x6 obj/ap/tcpip/uip_arp.o
                0x0000b3b4                uip_sourceAddr
 *fill*         0x0000b3ba        0x2 00000000
 COMMON         0x0000b3bc       0x14 ./libandesap.a(cnm_timer.o)
                0x0000b3bc                rRootTimer
 COMMON         0x0000b3d0       0x5a ./libandesap.a(iot_io_cmd.o)
                0x0000b3d0                mt7681_PWMInfo
 *fill*         0x0000b42a        0x2 00000000
 COMMON         0x0000b42c       0x20 ./libandesap.a(queue.o)
                0x0000b42c                gFreeQueue1
                0x0000b43c                gFreeQueue2
 COMMON         0x0000b44c      0xc78 ./libandesap.a(app_nos_main.o)
                0x0000b44c                pAd
 COMMON         0x0000c0c4       0x41 ./libandesap.a(chip_init.o)
                0x0000c0c4                eepcfg
 *fill*         0x0000c105        0x3 00000000
 COMMON         0x0000c108       0x24 ./libandesap.a(timer.o)
                0x0000c108                System_Timer_Pool
                0x0000c11c                Free_Timer_List
 COMMON         0x0000c12c       0x34 ./libandesap.a(task.o)
                0x0000c12c                sysTaskingCtl
                0x0000c160                . = ALIGN (0x4)
                0x0000c160                PROVIDE (_BSS_END, .)
                0x0000c160                __ilm_end = .
                0x0000c160                . = ALIGN (0x20)
                0x0000c160                _end = .
                0x0000c160                PROVIDE (_MEMORY_TOP, .)

.stab
 *(.stab)

.stabstr
 *(.stabstr)

.stab.excl
 *(.stab.excl)

.stab.exclstr
 *(.stab.exclstr)

.stab.index
 *(.stab.index)

.stab.indexstr
 *(.stab.indexstr)

.comment        0x00000000      0x8fc
 *(.comment)
 .comment       0x00000000       0x19 obj/ap/ap_pub.o
 .comment       0x00000019       0x19 obj/ap/iot_aes_pub.o
 .comment       0x00000032       0x19 obj/ap/iot_at_cmd.o
 .comment       0x0000004b       0x19 obj/ap/iot_at_cmd_tcpip.o
 .comment       0x00000064       0x19 obj/ap/iot_at_cmd_utility.o
 .comment       0x0000007d       0x19 obj/ap/iot_crc16.o
 .comment       0x00000096       0x19 obj/ap/iot_custom.o
 .comment       0x000000af       0x19 obj/ap/iot_custom_uart2wifi.o
 .comment       0x000000c8       0x19 obj/ap/iot_parse.o
 .comment       0x000000e1       0x19 obj/ap/iot_parse_conn_mgmt.o
 .comment       0x000000fa       0x19 obj/ap/iot_uart_rb.o
 .comment       0x00000113       0x19 obj/ap/iot_uplink.o
 .comment       0x0000012c       0x19 obj/ap/iot_xmodem.o
 .comment       0x00000145       0x19 obj/ap/main_pub.o
 .comment       0x0000015e       0x19 obj/ap/misc_pub.o
 .comment       0x00000177       0x19 obj/ap/mt7681_ChSw_pub.o
 .comment       0x00000190       0x19 obj/ap/printf.o
 .comment       0x000001a9       0x19 obj/ap/rtmp_data_pub.o
 .comment       0x000001c2       0x19 obj/ap/spi-flash_pub.o
 .comment       0x000001db       0x19 obj/ap/stdlib.o
 .comment       0x000001f4       0x19 obj/ap/tcpip/clock-arch.o
 .comment       0x0000020d       0x19 obj/ap/tcpip/dhcpc.o
 .comment       0x00000226       0x19 obj/ap/tcpip/dhcpd.o
 .comment       0x0000023f       0x19 obj/ap/tcpip/iot_tcp_app.o
 .comment       0x00000258       0x19 obj/ap/tcpip/iot_tcpip_interface.o
 .comment       0x00000271       0x19 obj/ap/tcpip/iot_udp_app.o
 .comment       0x0000028a       0x19 obj/ap/tcpip/memb.o
 .comment       0x000002a3       0x19 obj/ap/tcpip/mt76xx_dev.o
 .comment       0x000002bc       0x19 obj/ap/tcpip/resolv.o
 .comment       0x000002d5       0x19 obj/ap/tcpip/sample_resolv_usage.o
 .comment       0x000002ee       0x19 obj/ap/tcpip/sample_udp_client.o
 .comment       0x00000307       0x19 obj/ap/tcpip/sample_udp_server.o
 .comment       0x00000320       0x19 obj/ap/tcpip/tcpip_main.o
 .comment       0x00000339       0x19 obj/ap/tcpip/uip-fw.o
 .comment       0x00000352       0x19 obj/ap/tcpip/uip-neighbor.o
 .comment       0x0000036b       0x19 obj/ap/tcpip/uip-split.o
 .comment       0x00000384       0x19 obj/ap/tcpip/uip.o
 .comment       0x0000039d       0x19 obj/ap/tcpip/uip_arp.o
 .comment       0x000003b6       0x19 obj/ap/tcpip/uip_timer.o
 .comment       0x000003cf       0x19 obj/ap/tcpip/uiplib.o
 .comment       0x000003e8       0x19 obj/ap/tcpip/webclient-strings.o
 .comment       0x00000401       0x19 obj/ap/tcpip/webclient.o
 .comment       0x0000041a       0x19 obj/ap/wifi_task_pub.o
 .comment       0x00000433       0x19 ./libandesap.a(xip_ovly.o)
 .comment       0x0000044c       0x19 ./libandesap.a(ap.o)
 .comment       0x00000465       0x19 ./libandesap.a(ap_assoc.o)
 .comment       0x0000047e       0x19 ./libandesap.a(ap_auth.o)
 .comment       0x00000497       0x19 ./libandesap.a(mgmt_entrytb.o)
 .comment       0x000004b0       0x19 ./libandesap.a(cnm_timer.o)
 .comment       0x000004c9       0x19 ./libandesap.a(iot_io_cmd.o)
 .comment       0x000004e2       0x19 ./libandesap.a(iot_mgmt_cmd.o)
 .comment       0x000004fb       0x19 ./libandesap.a(queue.o)
 .comment       0x00000514       0x19 ./libandesap.a(app_nos_main.o)
 .comment       0x0000052d       0x19 ./libandesap.a(chip_init.o)
 .comment       0x00000546       0x19 ./libandesap.a(cmm_wep.o)
 .comment       0x0000055f       0x19 ./libandesap.a(cmm_wpa.o)
 .comment       0x00000578       0x19 ./libandesap.a(crypt_aes.o)
 .comment       0x00000591       0x19 ./libandesap.a(crypt_hmac.o)
 .comment       0x000005aa       0x19 ./libandesap.a(rtmp_data.o)
 .comment       0x000005c3       0x19 ./libandesap.a(rtmp_general.o)
 .comment       0x000005dc       0x19 ./libandesap.a(scan.o)
 .comment       0x000005f5       0x19 ./libandesap.a(wow.o)
 .comment       0x0000060e       0x19 ./libandesap.a(bsp.o)
 .comment       0x00000627       0x19 ./libandesap.a(ee_efuse.o)
 .comment       0x00000640       0x19 ./libandesap.a(fce.o)
 .comment       0x00000659       0x19 ./libandesap.a(pdma.o)
 .comment       0x00000672       0x19 ./libandesap.a(spi-flash.o)
 .comment       0x0000068b       0x19 ./libandesap.a(timer.o)
 .comment       0x000006a4       0x19 ./libandesap.a(uart.o)
 .comment       0x000006bd       0x19 ./libandesap.a(uartlite.o)
 .comment       0x000006d6       0x19 ./libandesap.a(main.o)
 .comment       0x000006ef       0x19 ./libandesap.a(xcpt.o)
 .comment       0x00000708       0x19 ./libandesap.a(initial.o)
 .comment       0x00000721       0x19 ./libandesap.a(mutex.o)
 .comment       0x0000073a       0x19 ./libandesap.a(stack.o)
 .comment       0x00000753       0x19 ./libandesap.a(syscall.o)
 .comment       0x0000076c       0x19 ./libandesap.a(task.o)
 .comment       0x00000785       0x19 ./libandesap.a(list.o)
 .comment       0x0000079e       0x19 ./libandesap.a(random.o)
 .comment       0x000007b7       0x19 ./libandesap.a(do_printf.o)
 .comment       0x000007d0       0x19 ./libandesap.a(fputs.o)
 .comment       0x000007e9       0x19 ./libandesap.a(strcmp.o)
 .comment       0x00000802       0x19 ./libandesap.a(strcpy.o)
 .comment       0x0000081b       0x19 ./libandesap.a(strlen.o)
 .comment       0x00000834       0x19 ./libandesap.a(vsprintf.o)
 .comment       0x0000084d       0x19 ./libandesap.a(mcuctl.o)
 .comment       0x00000866       0x19 ./libandesap.a(mt7681_ChSw.o)
 .comment       0x0000087f       0x19 ./libandesap.a(wifi_ps.o)
 .comment       0x00000898       0x19 ./libandesap.a(wifi_task.o)
 .comment       0x000008b1       0x19 ./libandesap.a(ate.o)
 .comment       0x000008ca       0x19 ./libandesap.a(led.o)
 .comment       0x000008e3       0x19 ./libandesap.a(ctype.o)

.debug
 *(.debug)

.line
 *(.line)

.debug_srcinfo
 *(.debug_srcinfo)

.debug_sfnames
 *(.debug_sfnames)

.debug_aranges
 *(.debug_aranges)

.debug_pubnames
 *(.debug_pubnames)

.debug_info
 *(.debug_info .gnu.linkonce.wi.*)

.debug_abbrev
 *(.debug_abbrev)

.debug_line
 *(.debug_line)

.debug_frame
 *(.debug_frame)

.debug_str
 *(.debug_str)

.debug_loc
 *(.debug_loc)

.debug_macinfo
 *(.debug_macinfo)

.debug_weaknames
 *(.debug_weaknames)

.debug_funcnames
 *(.debug_funcnames)

.debug_typenames
 *(.debug_typenames)

.debug_varnames
 *(.debug_varnames)

/DISCARD/
 *(.note.GNU-stack)
 *(.preboot)
 *(.boot)

.xipsec0        0x00560000     0x9494
 .xipsec0       0x00560000      0x42c obj/ap/ap_pub.o
                0x00560000                APCfgUpdate
                0x00560250                APAuthPMKSet
                0x00560338                APInitialize
                0x005600e8                PreApCfgInit
 .xipsec0       0x0056042c      0x524 obj/ap/iot_at_cmd.o
                0x00560874                IoT_parse_ATcommand
                0x005604a8                IoT_exec_AT_cmd_ver
                0x00560554                IoT_exec_AT_cmd_reboot
                0x00560430                IoT_AT_cmd_resp_header
                0x0056042c                IoT_parse_IWCmd
                0x0056076c                IoT_exec_AT_cmd_Flash_Set
                0x0056056c                IoT_exec_AT_cmd_Conf_SoftAP
 .xipsec0       0x00560950      0x428 obj/ap/iot_custom.o
                0x00560d48                IoT_Cust_Init
                0x0056097c                default_boot_cfg
                0x00560a98                reset_usr_cfg
                0x00560b98                load_com_cfg
                0x00560b3c                load_usr_cfg
                0x00560cf4                Pre_init_cfg
                0x00560950                IoT_Cust_Ops
                0x00560990                default_uart_cfg
                0x005609b8                default_ip_cfg
                0x00560978                Gpio_default_value
                0x005609e8                reset_com_cfg
                0x00560b20                reset_cfg
 .xipsec0       0x00560d78      0x528 obj/ap/iot_parse.o
                0x00560d78                IoT_process_app_management_packet
                0x00560f00                IoT_process_app_function_packet
 .xipsec0       0x005612a0       0x4c obj/ap/iot_uart_rb.o
                0x005612a0                uart_customize_init
 .xipsec0       0x005612ec      0x468 obj/ap/iot_uplink.o
                0x005612ec                IoT_Udppseudo_check_sum
                0x005613e4                IoT_send_udp_directly
                0x00561348                IoT_build_app_response_header
 .xipsec0       0x00561754       0x60 obj/ap/mt7681_ChSw_pub.o
                0x00561754                AsicSetChannel
                0x0056179c                IoT_Cmd_Set_Channel
 .xipsec0       0x005617b4      0x740 obj/ap/tcpip/dhcpd.o
                0x005617b4                dhcpd_init
                0x00561850                clear_dhcpd_conns
                0x00561ee0                dhcpd_appcall
                0x00561e48                handle_dhcpd
 .xipsec0       0x00561ef4       0x74 obj/ap/tcpip/iot_tcp_app.o
                0x00561ef4                iot_tcp_app_init
 .xipsec0       0x00561f68       0x24 obj/ap/tcpip/iot_udp_app.o
                0x00561f68                iot_udp_app_init
 .xipsec0       0x00561f8c       0x24 obj/ap/tcpip/sample_udp_server.o
                0x00561f8c                udp_server_init
 .xipsec0       0x00561fb0       0x58 obj/ap/tcpip/uip.o
                0x00561fb0                uip_send
 .xipsec0       0x00562008      0x378 obj/ap/tcpip/webclient.o
                0x005620e8                newdata
                0x00562008                senddata
 .xipsec0       0x00562380       0x44 obj/ap/wifi_task_pub.o
                0x00562380                check_data_valid
 .xipsec0       0x005623c4      0xa98 ./libandesap.a(ap.o)
                0x00562b60                APStartUp
                0x00562448                RTMPWriteTxWI
                0x005623e0                AsicEnableBssSync
                0x005623c4                AsicDisableSync
                0x00562420                AsicSetPreTbttInt
                0x005627fc                APMakeBssBeacon
                0x00562570                APUpdateBeaconFrame
 .xipsec0       0x00562e5c      0xcb4 ./libandesap.a(ap_assoc.o)
                0x00562f44                PeerDisassocDeauthReqSanity
                0x005635ec                RTMPCheckMcast
                0x005632f8                RTMPCheckAUTH
                0x0056327c                RTMPCheckAKM
                0x005636a0                APValidateRSNIE
                0x005633f4                RTMPCheckUcast
                0x00563020                PeerAssocReqSanity
                0x00562eec                RTMPUpdateLegacyTxSetting
                0x00562f90                APPeerDisassocReqAction
                0x005636f4                APAssocReqActionAndSend
                0x00562e5c                dot11_2_ra_rate
 .xipsec0       0x00563b10      0x56c ./libandesap.a(ap_auth.o)
                0x00563ba8                APPeerAuthSimpleRspGenAndSend
                0x00563b10                APPeerDeauthReqAction
                0x00563da8                APSendProbeAction
                0x00563ff8                ApSendDeauthAction
                0x00563c48                APPeerAuthReqAction
 .xipsec0       0x0056407c      0x564 ./libandesap.a(mgmt_entrytb.o)
                0x005644a0                MacTableLookup
                0x0056407c                set_entry_phy_cfg
                0x00564410                MacTableReset
                0x0056415c                MacTableInsertEntry
                0x0056434c                MacTableDeleteEntry
                0x005644f8                APSendNullFrame
 .xipsec0       0x005645e0      0x168 ./libandesap.a(cnm_timer.o)
                0x005645e0                cnmTimerInitTimer
                0x00564658                cnmTimerStartTimer
                0x00564610                cnmTimerStopTimer
                0x00564710                cnmTimerInitialize
 .xipsec0       0x00564748      0x240 ./libandesap.a(iot_io_cmd.o)
                0x00564960                IoT_software_pwm_init
                0x005648bc                IoT_Cust_Get_GPIINT_MODE
                0x005648e8                IoT_software_pwm_del
                0x00564748                IoT_software_pwm_addset
                0x00564874                IoT_Cust_Set_GPIINT_MODE
                0x005648c8                MT7681_INT_STATE
                0x005648d4                MT7681_INT_SET
 .xipsec0       0x00564988        0x4 ./libandesap.a(iot_mgmt_cmd.o)
                0x00564988                IoT_Cmd_LinkDown
 .xipsec0       0x0056498c       0xa0 ./libandesap.a(queue.o)
                0x0056498c                apiQU_Initialize
 .xipsec0       0x00564a2c      0x15c ./libandesap.a(app_nos_main.o)
                0x00564a2c                AES_Key_init
                0x00564a94                APP_Init
 .xipsec0       0x00564b88      0x670 ./libandesap.a(chip_init.o)
                0x00564f70                MT7681_INIT_CAL
                0x00564cc0                MT7681_AsicExtraPowerOverMAC
                0x00564bd0                Reg_bssid_init
                0x00564fd4                MT7681_eep_cfg2
                0x005650f0                chip_reg_init
                0x00564e90                MT7681_RXDC_CAL
                0x00564b88                Reg_mac_add_init
                0x00564c08                Sys_reboot
                0x00564cfc                MT7681_ReadTxPwrPerRate
 .xipsec0       0x005651f8       0x54 ./libandesap.a(cmm_wep.o)
                0x00565214                AsicUpdateRxWCIDTable
                0x005651fc                AsicDelWcidTab
                0x005651f8                Set_Wep_Key_Proc
 .xipsec0       0x0056524c     0x13f4 ./libandesap.a(cmm_wpa.o)
                0x00565c70                WPAStart4WayHS
                0x00565ec0                WpaDerivePTK
                0x005664f8                RTMPMakeRSNIE
                0x00565e8c                EnqueueStartForPSKExec
                0x00565a90                WPAStart2WayGroupHS
                0x00565850                RTMPParseEapolKeyData
                0x00565814                CalculateMIC
                0x00566030                PeerPairMsg2Action
                0x00565424                AsicRemovePairwiseKeyEntry
                0x005654cc                RTMPGetTxTscFromAsic
                0x00565ddc                WpaEAPOLStartAction
                0x00565ff4                PeerPairMsg4Action
                0x00565f5c                PeerGroupMsg2Action
                0x005659cc                ConstructEapolKeyData
                0x0056606c                WpaEAPOLKeyAction
                0x00565668                WPAInstallPairwiseKey
                0x00565440                RTMPSetWcidSecurityInfo
                0x00565bfc                GenRandom
                0x005658e4                RTMPInsertRSNIE
                0x0056558c                WPAInstallSharedKey
                0x00565260                AsicAddPairwiseKeyEntry
                0x0056570c                WPA_ConstructKdeHdr
                0x005652b8                AsicAddSharedKeyEntry
                0x005653bc                AsicUpdateWCIDIVEIV
                0x005658a0                WpaDeriveGTK
                0x00565f10                PeerWpaMessageSanity
                0x00565a2c                ConstructEapolMsg
                0x005653d0                AsicUpdateWcidAttributeEntry
 .xipsec0       0x00566640      0x55c ./libandesap.a(rtmp_data.o)
                0x00566640                RTMPWriteTxWI_Data
                0x00566a04                AP_Legacy_Frame_Forward_Tx
                0x00566890                STAFindCipherAlgorithm
                0x00566af4                STA_Legacy_Frame_Tx
                0x00566924                WriteSingleTxResource
                0x005666f8                RTMPWriteTxWI_Mgmt
                0x005667c0                STABuildCommon802_11Header
                0x0056696c                MiniportMMRequest
 .xipsec0       0x00566b9c       0xfc ./libandesap.a(rtmp_general.o)
                0x00566b9c                MgtMacHeaderInit
                0x00566c4c                MakeOutgoingFrame
 .xipsec0       0x00566c98      0x504 ./libandesap.a(scan.o)
                0x00566cc4                ScanNextChannel
                0x00567000                ParsingProbeRspBeacon
                0x00566e80                RTMPCheckHt
                0x005670cc                ListScan_Init
                0x00567078                rtmp_bbp_set_ctrlch
                0x00566e7c                CfgSupportExtRate
                0x00566c98                FirstChannel
                0x00566ca4                NextChannel
                0x00566db4                get_cent_ch_by_htinfo
                0x00567140                StartScan
                0x005670f8                ContScanTimeoutAction
                0x00566df0                get_primary_ch_by_cent_ch
                0x00566cf4                WPA_ExtractSuiteFromRSNIE
                0x00566fd8                PeerBeaconAtScanAction
                0x00566e48                SCAN_Initialization
                0x00566e78                SetScanParam
                0x00566cc8                ScanTimeoutAction
                0x00567034                ScanProcessMgmt
                0x00566e1c                rtmp_mac_set_ctrlch
                0x00566f7c                NLO_Initialization
 .xipsec0       0x0056719c       0x14 ./libandesap.a(wow.o)
                0x0056719c                RTMP_EnableTxRx
                0x005671ac                WOW_Initialization
 .xipsec0       0x005671b0       0xd8 ./libandesap.a(bsp.o)
                0x005671b0                BSP_Init
 .xipsec0       0x00567288      0x7b0 ./libandesap.a(ee_efuse.o)
                0x005676a4                eEpWrite
                0x005675e4                eEp_init
                0x00567520                eEpGetFreeBlockCount
                0x0056766c                eEpRead
                0x0056742c                eEpReadRegisters
 .xipsec0       0x00567a38       0xf4 ./libandesap.a(fce.o)
                0x00567a38                drvFCE_RegisterIntHdlr
                0x00567a6c                drvFCE_Initialize
 .xipsec0       0x00567b2c      0x204 ./libandesap.a(pdma.o)
                0x00567cb0                drvPDMA_RxInitialize
                0x00567b2c                rlk_fce_txts_hard_xmit
                0x00567c64                drvPDMA_TxInitialize
 .xipsec0       0x00567d30       0xd0 ./libandesap.a(timer.o)
                0x00567dc0                drvTMR_Tick_Init
                0x00567d30                sys_init_timer
                0x00567d68                kal_create_timer
 .xipsec0       0x00567e00      0x1f8 ./libandesap.a(uart.o)
                0x00567e28                UART_Close
                0x00567e00                UART_SetBaudRate
                0x00567e34                UART_Register_TX_cb
                0x00567fc0                UART_Open
                0x00567e4c                UART_SetDCBConfig
                0x00567e40                UART_Register_RX_cb
                0x00567f30                UART_Configure_From_Flash
                0x00567f68                UART_HWInit
 .xipsec0       0x00567ff8       0x94 ./libandesap.a(uartlite.o)
                0x00567ff8                UART_Init
 .xipsec0       0x0056808c       0xf0 ./libandesap.a(main.o)
                0x0056808c                sys_Init
                0x0056812c                sysTASK_RegTask
 .xipsec0       0x0056817c       0x10 ./libandesap.a(xcpt.o)
                0x0056817c                sysXCPT_RegisterHdlr
 .xipsec0       0x0056818c       0x88 ./libandesap.a(task.o)
                0x005681c8                sysTASK_CreateTask
                0x0056818c                sysTASK_RegisterLowPrioTask
 .xipsec0       0x00568214       0x24 ./libandesap.a(mcuctl.o)
                0x00568214                drvMCUCTL_RegisterIntHdlr
 .xipsec0       0x00568238     0x11b0 ./libandesap.a(mt7681_ChSw.o)
                0x00568238                TXDCOCCalibration
                0x005683dc                RCalibration
                0x0056831c                rtmp_bbp_set_bw
                0x005682d4                VCO_Calibration
                0x00568624                BWCalibration
                0x005690b0                AsicSwitchChannel
 .xipsec0       0x005693e8       0x14 ./libandesap.a(wifi_task.o)
                0x005693f8                wifi_state_chg
                0x005693e8                GetClearFrameFlag
 .xipsec0       0x005693fc       0x5c ./libandesap.a(ate.o)
                0x005693fc                Set_ATE_Efuse_Read
 .xipsec0       0x00569458       0x3c ./libandesap.a(led.o)
                0x00569458                GPIOInitialize

.rela.dyn       0x0000c160        0x0 load address 0x00569494
 .rela.xipsec0  0x00000000        0x0 obj/ap/ap_pub.o
 .rela.text.store_ap_cfg
                0x00000000        0x0 obj/ap/ap_pub.o
 .rela.text.load_ap_cfg
                0x00000000        0x0 obj/ap/ap_pub.o
 .rela.text.AES_CBC_Decrypt
                0x00000000        0x0 obj/ap/ap_pub.o
 .rela.text.AES_ECB_DecryTest
                0x00000000        0x0 obj/ap/ap_pub.o
 .rela.text.AES_CBC_Encrypt
                0x00000000        0x0 obj/ap/ap_pub.o
 .rela.text.AES_ECB_EncryTest
                0x00000000        0x0 obj/ap/ap_pub.o
 .rela.rodata.cst4
                0x00000000        0x0 obj/ap/ap_pub.o
 .rela.text.AES_Sample
                0x00000000        0x0 obj/ap/ap_pub.o
 .rela.text.getopt
                0x00000000        0x0 obj/ap/ap_pub.o
 .rela.text.IoT_Cust_GPIINT_Hdlr
                0x00000000        0x0 obj/ap/ap_pub.o
 .rela.text.reset_ap_cfg
                0x00000000        0x0 obj/ap/ap_pub.o
 .rela.text.reset_sta_cfg
                0x00000000        0x0 obj/ap/ap_pub.o
 .rela.text.CustTimer0TimeoutAction
                0x00000000        0x0 obj/ap/ap_pub.o
 .rela.text.IoT_Cust_Sub_Task
                0x00000000        0x0 obj/ap/ap_pub.o
 .rela.text.IoT_process_app_packet
                0x00000000        0x0 obj/ap/ap_pub.o
 .rela.text.UARTRx_Buf_Init
                0x00000000        0x0 obj/ap/ap_pub.o
 .rela.text.uart_rb_init
                0x00000000        0x0 obj/ap/ap_pub.o
 .rela.text.uart_rb_pop
                0x00000000        0x0 obj/ap/ap_pub.o
 .rela.text.uart_rb_push
                0x00000000        0x0 obj/ap/ap_pub.o
 .rela.text.uart_get_avail
                0x00000000        0x0 obj/ap/ap_pub.o
 .rela.text.UART_Rx_Packet_Dispatch
                0x00000000        0x0 obj/ap/ap_pub.o
 .rela.text.UART_GetByte
                0x00000000        0x0 obj/ap/ap_pub.o
 .rela.text.UART_Rx_Cb
                0x00000000        0x0 obj/ap/ap_pub.o
 .rela.text.UART_PutBytes
                0x00000000        0x0 obj/ap/ap_pub.o
 .rela.text.IoT_build_send_udp_packet
                0x00000000        0x0 obj/ap/ap_pub.o
 .rela.text.port_inbyte
                0x00000000        0x0 obj/ap/ap_pub.o
 .rela.text.port_outbyte
                0x00000000        0x0 obj/ap/ap_pub.o
 .rela.text.IoT_Xmodem_Update_FW
                0x00000000        0x0 obj/ap/ap_pub.o
 .rela.text.IoT_xmodemReceive
                0x00000000        0x0 obj/ap/ap_pub.o
 .rela.text.IoT_xmodemTransmit
                0x00000000        0x0 obj/ap/ap_pub.o
 .rela.text.main
                0x00000000        0x0 obj/ap/ap_pub.o
 .rela.text.vprintf
                0x00000000        0x0 obj/ap/ap_pub.o
 .rela.text.vsprintf
                0x00000000        0x0 obj/ap/ap_pub.o
 .rela.text.vprintf_help
                0x00000000        0x0 obj/ap/ap_pub.o
 .rela.text.RxFsIntFilterOut
                0x00000000        0x0 obj/ap/ap_pub.o
 .rela.text.APHandleRxMgmtFrame
                0x00000000        0x0 obj/ap/ap_pub.o
 .rela.text.APHandleRxControlFrame
                0x00000000        0x0 obj/ap/ap_pub.o
 .rela.text.APHandleRxDataFrame
                0x00000000        0x0 obj/ap/ap_pub.o
 .rela.text.STARxDoneInterruptHandle
                0x00000000        0x0 obj/ap/ap_pub.o
 .rela.text.BeaconTimeoutAction
                0x00000000        0x0 obj/ap/ap_pub.o
 .rela.text.RestartBCNTimer
                0x00000000        0x0 obj/ap/ap_pub.o
 .rela.text.dump_spi_flash
                0x00000000        0x0 obj/ap/ap_pub.o
 .rela.text.dump_spi_flash_fw
                0x00000000        0x0 obj/ap/ap_pub.o
 .rela.text.spi_flash_page_write
                0x00000000        0x0 obj/ap/ap_pub.o
 .rela.text.spi_flash_write_func
                0x00000000        0x0 obj/ap/ap_pub.o
 .rela.text.spi_flash_read_m2
                0x00000000        0x0 obj/ap/ap_pub.o
 .rela.text.spi_flash_erase_BE
                0x00000000        0x0 obj/ap/ap_pub.o
 .rela.text.spi_flash_erase_SE
                0x00000000        0x0 obj/ap/ap_pub.o
 .rela.text.spi_flash_write
                0x00000000        0x0 obj/ap/ap_pub.o
 .rela.text.spi_flash_update_fw
                0x00000000        0x0 obj/ap/ap_pub.o
 .rela.text.spi_flash_erase_CE
                0x00000000        0x0 obj/ap/ap_pub.o
 .rela.text.free
                0x00000000        0x0 obj/ap/ap_pub.o
 .rela.text.clock_time
                0x00000000        0x0 obj/ap/ap_pub.o
 .rela.xipsec1  0x00000000        0x0 obj/ap/ap_pub.o
 .rela.text.dhcpc_request
                0x00000000        0x0 obj/ap/ap_pub.o
 .rela.ovlysec10
                0x00000000        0x0 obj/ap/ap_pub.o
 .rela.text.dhcpd_pickup_opt
                0x00000000        0x0 obj/ap/ap_pub.o
 .rela.text.iot_tcp_appcall
                0x00000000        0x0 obj/ap/ap_pub.o
 .rela.text.iot_udp_appcall
                0x00000000        0x0 obj/ap/ap_pub.o
 .rela.text.memb_init
                0x00000000        0x0 obj/ap/ap_pub.o
 .rela.text.mt76xx_dev_read
                0x00000000        0x0 obj/ap/ap_pub.o
 .rela.text.mt76xx_dev_send
                0x00000000        0x0 obj/ap/ap_pub.o
 .rela.text.resolv_conf
                0x00000000        0x0 obj/ap/ap_pub.o
 .rela.text.resolv_lookup
                0x00000000        0x0 obj/ap/ap_pub.o
 .rela.text.resolv_query
                0x00000000        0x0 obj/ap/ap_pub.o
 .rela.text.resolv_newdata
                0x00000000        0x0 obj/ap/ap_pub.o
 .rela.text.resolv_check_entries
                0x00000000        0x0 obj/ap/ap_pub.o
 .rela.text.handle_resolv
                0x00000000        0x0 obj/ap/ap_pub.o
 .rela.text.resolv_usage_init
                0x00000000        0x0 obj/ap/ap_pub.o
 .rela.text.resolv_found
                0x00000000        0x0 obj/ap/ap_pub.o
 .rela.text.udp_client_sample
                0x00000000        0x0 obj/ap/ap_pub.o
 .rela.text.udp_client_init
                0x00000000        0x0 obj/ap/ap_pub.o
 .rela.text.udp_server_sample
                0x00000000        0x0 obj/ap/ap_pub.o
 .rela.text.tcpip_periodic_timer
                0x00000000        0x0 obj/ap/ap_pub.o
 .rela.text.netif_rx
                0x00000000        0x0 obj/ap/ap_pub.o
 .rela.ovlysec9
                0x00000000        0x0 obj/ap/ap_pub.o
 .rela.text.tcpip_init
                0x00000000        0x0 obj/ap/ap_pub.o
 .rela.text.uip_fw_output
                0x00000000        0x0 obj/ap/ap_pub.o
 .rela.text.uip_fw_forward
                0x00000000        0x0 obj/ap/ap_pub.o
 .rela.text.uip_neighbor_add
                0x00000000        0x0 obj/ap/ap_pub.o
 .rela.text.uip_split_output
                0x00000000        0x0 obj/ap/ap_pub.o
 .rela.text.uip_add32
                0x00000000        0x0 obj/ap/ap_pub.o
 .rela.text.uip_ipchksum
                0x00000000        0x0 obj/ap/ap_pub.o
 .rela.text.upper_layer_chksum
                0x00000000        0x0 obj/ap/ap_pub.o
 .rela.text.uip_add_rcv_nxt
                0x00000000        0x0 obj/ap/ap_pub.o
 .rela.ovlysec0
                0x00000000        0x0 obj/ap/ap_pub.o
 .rela.text.uip_get_DestMAC
                0x00000000        0x0 obj/ap/ap_pub.o
 .rela.text.uip_arp_timer
                0x00000000        0x0 obj/ap/ap_pub.o
 .rela.text.uip_arp_init
                0x00000000        0x0 obj/ap/ap_pub.o
 .rela.text.copy_string
                0x00000000        0x0 obj/ap/ap_pub.o
 .rela.text.wifi_rx_proc
                0x00000000        0x0 obj/ap/ap_pub.o
 .rela.text.wifiTASK_LowPrioTask
                0x00000000        0x0 obj/ap/ap_pub.o
 .rela.vector   0x00000000        0x0 obj/ap/ap_pub.o
 .rela.startup  0x00000000        0x0 obj/ap/ap_pub.o
 .rela.excepsysc
                0x00000000        0x0 obj/ap/ap_pub.o
 .rela.ctxsw    0x00000000        0x0 obj/ap/ap_pub.o
 .rela.text.overlayunload
                0x00000000        0x0 obj/ap/ap_pub.o
 .rela.text.overlaycopy
                0x00000000        0x0 obj/ap/ap_pub.o
 .rela.text.overlayload
                0x00000000        0x0 obj/ap/ap_pub.o
 .rela.text.APMakeSoftBssBeacon
                0x00000000        0x0 obj/ap/ap_pub.o
 .rela.text.dumpMacTable
                0x00000000        0x0 obj/ap/ap_pub.o
 .rela.text.MacTableMaintenance
                0x00000000        0x0 obj/ap/ap_pub.o
 .rela.text.cnmTimerSetTimer
                0x00000000        0x0 obj/ap/ap_pub.o
 .rela.text.cnmTimerDoTimeOutCheck
                0x00000000        0x0 obj/ap/ap_pub.o
 .rela.text.cnmTimerDestroy
                0x00000000        0x0 obj/ap/ap_pub.o
 .rela.text.IoT_software_pwm_handler
                0x00000000        0x0 obj/ap/ap_pub.o
 .rela.text.IoT_Cmd_Set_DBG_LVL
                0x00000000        0x0 obj/ap/ap_pub.o
 .rela.text.apiQU_Dequeue
                0x00000000        0x0 obj/ap/ap_pub.o
 .rela.text.apiQU_Enqueue
                0x00000000        0x0 obj/ap/ap_pub.o
 .rela.ovlysec11
                0x00000000        0x0 obj/ap/ap_pub.o
 .rela.text.dump_ram
                0x00000000        0x0 obj/ap/ap_pub.o
 .rela.text.dump
                0x00000000        0x0 obj/ap/ap_pub.o
 .rela.text.MT7681_ReadEEPROM
                0x00000000        0x0 obj/ap/ap_pub.o
 .rela.text.rtmp_bbp_is_ready
                0x00000000        0x0 obj/ap/ap_pub.o
 .rela.text.MT7681_eep_cfg
                0x00000000        0x0 obj/ap/ap_pub.o
 .rela.text.RTMPConstructWEPIVHdr
                0x00000000        0x0 obj/ap/ap_pub.o
 .rela.text.RTMPInitWepEngine
                0x00000000        0x0 obj/ap/ap_pub.o
 .rela.text.RTMPSoftDecryptWEP
                0x00000000        0x0 obj/ap/ap_pub.o
 .rela.text.RTMPSoftEncryptWEP