Archive member included because of file (symbol)

.\libandesrecovery.a(xip_ovly.o)
                              obj/light/debug/recovery/tcpip/dhcpc.o (overlayload)
.\libandesrecovery.a(cnm_timer.o)
                              obj/light/debug/recovery/iot_custom.o (cnmTimerInitTimer)
.\libandesrecovery.a(iot_io_cmd.o)
                              obj/light/debug/recovery/main_pub.o (IoT_gpio_output)
.\libandesrecovery.a(iot_mgmt_cmd.o)
                              obj/light/debug/recovery/iot_at_cmd.o (IoT_Cmd_LinkDown)
.\libandesrecovery.a(iot_priv.o)
                              obj/light/debug/recovery/iot_at_cmd.o (IoT_Xmodem_Update_FW_Stop)
.\libandesrecovery.a(queue.o)
                              obj/light/debug/recovery/iot_uplink.o (apiQU_Dequeue)
.\libandesrecovery.a(app_nos_main.o)
                              .\libandesrecovery.a(iot_mgmt_cmd.o) (pAd)
.\libandesrecovery.a(ate.o)   obj/light/debug/recovery/iot_at_cmd.o (Set_ATE_TX_Cnt_Per_Speed)
.\libandesrecovery.a(auth.o)  .\libandesrecovery.a(iot_mgmt_cmd.o) (MlmeDeauthReqAction)
.\libandesrecovery.a(chip_init.o)
                              .\libandesrecovery.a(ate.o) (Reg_mac_add_init)
.\libandesrecovery.a(crypt_aes.o)
                              obj/light/debug/recovery/iot_aes_pub.o (RT_AES_Encrypt)
.\libandesrecovery.a(rtmp_data.o)
                              obj/light/debug/recovery/rtmp_data_pub.o (RTMPCheckRxError)
.\libandesrecovery.a(rtmp_general.o)
                              .\libandesrecovery.a(auth.o) (MgtMacHeaderInit)
.\libandesrecovery.a(scan.o)  obj/light/debug/recovery/mt7681_ChSw_pub.o (rtmp_mac_set_ctrlch)
.\libandesrecovery.a(smtcn.o)
                              obj/light/debug/recovery/iot_custom.o (SMTCN_state_chg_init)
.\libandesrecovery.a(wow.o)   .\libandesrecovery.a(chip_init.o) (RTMP_EnableTxRx)
.\libandesrecovery.a(bsp.o)   obj/light/debug/recovery/main_pub.o (BSP_Init)
.\libandesrecovery.a(ee_efuse.o)
                              .\libandesrecovery.a(chip_init.o) (eEp_init)
.\libandesrecovery.a(fce.o)   .\libandesrecovery.a(app_nos_main.o) (drvFCE_RegisterIntHdlr)
.\libandesrecovery.a(pdma.o)  .\libandesrecovery.a(app_nos_main.o) (PdmaVrPortIntHdlr)
.\libandesrecovery.a(spi-flash.o)
                              obj/light/debug/recovery/spi-flash_pub.o (SPI_REG8)
.\libandesrecovery.a(timer.o)
                              .\libandesrecovery.a(bsp.o) (drvTMR_Init)
.\libandesrecovery.a(uart.o)  obj/light/debug/recovery/iot_uart_rb.o (UART_PutUARTByte)
.\libandesrecovery.a(uartlite.o)
                              obj/light/debug/recovery/iot_xmodem.o (UART_PutChar)
.\libandesrecovery.a(main.o)  obj/light/debug/recovery/main_pub.o (sys_Init)
.\libandesrecovery.a(xcpt.o)  cust/ctxsw.o (sysXCPT_XcptHdlr)
.\libandesrecovery.a(initial.o)
                              obj/light/debug/recovery/main_pub.o (sysKernelStart)
.\libandesrecovery.a(mutex.o)
                              .\libandesrecovery.a(iot_priv.o) (SYSirq_Disable_Interrupts_Save_Flags)
.\libandesrecovery.a(stack.o)
                              .\libandesrecovery.a(main.o) (sysStack)
.\libandesrecovery.a(syscall.o)
                              .\libandesrecovery.a(mutex.o) (sysCALL)
.\libandesrecovery.a(task.o)  cust/ctxsw.o (sysTaskingCtl)
.\libandesrecovery.a(list.o)  .\libandesrecovery.a(queue.o) (apiInitListEntry)
.\libandesrecovery.a(do_printf.o)
                              obj/light/debug/recovery/printf.o (do_printf)
.\libandesrecovery.a(fputs.o)
                              obj/light/debug/recovery/printf.o (putchar)
.\libandesrecovery.a(strcmp.o)
                              obj/light/debug/recovery/iot_at_cmd_utility.o (strcmp)
.\libandesrecovery.a(strcpy.o)
                              obj/light/debug/recovery/tcpip/resolv.o (strcpy)
.\libandesrecovery.a(strlen.o)
                              obj/light/debug/recovery/iot_at_cmd.o (strlen)
.\libandesrecovery.a(vsprintf.o)
                              obj/light/debug/recovery/iot_at_cmd.o (simple_strtol)
.\libandesrecovery.a(mcuctl.o)
                              .\libandesrecovery.a(uart.o) (drvMCUCTL_RegisterIntHdlr)
.\libandesrecovery.a(mt7681_ChSw.o)
                              .\libandesrecovery.a(ate.o) (RF_WRITE8)
.\libandesrecovery.a(wifi_ps.o)
                              .\libandesrecovery.a(main.o) (drvPBF_IntHdler)
.\libandesrecovery.a(wifi_task.o)
                              obj/light/debug/recovery/wifi_task_pub.o (SetRec2LoaderFlag)
.\libandesrecovery.a(assoc.o)
                              .\libandesrecovery.a(wifi_task.o) (MlmeAssocReqAction)
.\libandesrecovery.a(crypt_hmac.o)
                              .\libandesrecovery.a(rtmp_data.o) (RT_HMAC_MD5)
.\libandesrecovery.a(led.o)   .\libandesrecovery.a(wow.o) (LED_Fast_Blinking)
.\libandesrecovery.a(ctype.o)
                              .\libandesrecovery.a(vsprintf.o) (_ctype)

Allocating common symbols
Common symbol       size              file

[...]
Memory Configuration

Name             Origin             Length             Attributes
SRAM             0x00000000         0x00010000         axw
ROM              0x00102000         0x00002000         axr
FLASH            0x00500000         0x00100000         axr
*default*        0x00000000         0xffffffff

Linker script and memory map

                0x00102d48                ARC4_Compute = 0x102d48
                0x00103e98                RT_MD5 = 0x103e98
                0x00102de0                RT_SHA1_Hash = 0x102de0
                0x0010252c                aes_mul_e = 0x10252c
                0x001026a4                memmove = 0x1026a4
                0x00103e54                RT_MD5_Init = 0x103e54
                0x0010242c                aes_mul_d = 0x10242c
                0x0010262c                SHA1_K = 0x10262c
                0x001026f0                memcpy = 0x1026f0
                0x00103d48                RT_MD5_End = 0x103d48
                0x0010263c                SHA1_DefaultHashValue = 0x10263c
                0x00103dc0                RT_MD5_Append = 0x103dc0
                0x001031bc                RT_SHA1 = 0x1031bc
                0x001027a0                RT_AES_KeyExpansion = 0x1027a0
                0x00102000                ROMBA = 0x102000
                0x00102cf0                ARC4_INIT = 0x102cf0
                0x00102fd8                RT_SHA1_End = 0x102fd8
                0x00102000                _SDA_BASE_ = 0x102000
                0x001026d4                memcmp = 0x1026d4
                0x0010271c                TKIP_GTK_KEY_WRAP = 0x10271c
                0x00102708                memset = 0x102708
                0x0010202c                aes_sbox_enc = 0x10202c
                0x00102650                MD5_DefaultHashValue = 0x102650
                0x0010222c                aes_mul_9 = 0x10222c
                0x00103178                RT_SHA1_Init = 0x103178
                0x00103ffe                ROMVersion = 0x103ffe
                0x001028ac                RT_AES_Decrypt = 0x1028ac
                0x00102000                aes_rcon = 0x102000
                0x001030e4                RT_SHA1_Append = 0x1030e4
                0x0010232c                aes_mul_b = 0x10232c
                0x00102660                strspn = 0x102660
                0x0010278c                TKIP_GTK_KEY_UNWRAP = 0x10278c
                0x00102da8                ARC4_Discard_KeyLength = 0x102da8
                0x001031fc                RT_MD5_Hash = 0x1031fc
                0x0010212c                aes_sbox_dec = 0x10212c
                0x00102684                strpbrk = 0x102684
                0x00102000                ROM_BASEADDR = 0x102000
                0x00002000                ROM_SIZE = 0x2000
                0x00102000                PROVIDE (_ROM_BASEADDR, ROM_BASEADDR)
                0x00002000                PROVIDE (_ROM_SIZE, ROM_SIZE)
                0x00000000                RAM_BASEADDR = 0x0
                0x00010000                RAM_SIZE = 0x10000
                0x00000000                PROVIDE (_RAM_BASEADDR, RAM_BASEADDR)
                0x00010000                PROVIDE (_RAM_SIZE, RAM_SIZE)
                0x00008000                HALF_SRAM_SIZE = 0x8000
                0x00000000                ILMBA = 0x0
                0x00008000                DLMBA = (0x0 + HALF_SRAM_SIZE)
                0x00102000                ROMBA = 0x102000
                0x00500000                FLASHBA = 0x500000
                0x00000000                PROVIDE (_ILMBA, ILMBA)
                0x00008000                PROVIDE (_DLMBA, DLMBA)
                0x0000ff00                STACK_ORIGIN = 0xff00
                0x00000000                GLOBAL_ORIGIN = ILMBA
                0x0000ff00                PROVIDE (_STACK_ORIGIN, STACK_ORIGIN)
                0x00000000                PROVIDE (_GLOBAL_ORIGIN, GLOBAL_ORIGIN)
                0x00000000                __ilm_start = .
                0x00000000                VECT_SECT_VMA = RAM_BASEADDR

.VECT           0x00000000       0x40
 *(.vector)
 .vector        0x00000000       0x40 cust/vectors.o
                0x00000000                _xcpt_vctr
                0x00000040                . = ALIGN (0x10)
                0x00000040                TEXT_SECT_VMA = .

.TEXT           0x00000040     0x9a7c
 *(.Xcpt)
 .Xcpt          0x00000040        0x8 cust/ctxsw.o
                0x00000040                sysXcpt
 *(.ctxsw)
 .ctxsw         0x00000048       0x5c cust/ctxsw.o
                0x00000078                sysLoadCtx
                0x00000048                sysCtxSw
 *(.startup)
 .startup       0x000000a4       0x68 cust/startup.o
                0x000000a4                _startup
 *(.text)
 *(.text.*)
 .text.onDeviceInit
                0x0000010c        0x4 obj/light/debug/recovery/dev/dev.o
                0x0000010c                onDeviceInit
 .text.onDeviceProcessTask
                0x00000110        0x4 obj/light/debug/recovery/dev/dev.o
                0x00000110                onDeviceProcessTask
 .text.IoT_exec_AT_cmd_reboot
                0x00000114       0x18 obj/light/debug/recovery/iot_at_cmd.o
                0x00000114                IoT_exec_AT_cmd_reboot
 .text.IoT_parse_SHCmd
                0x0000012c       0xbc obj/light/debug/recovery/iot_at_cmd.o
                0x0000012c                IoT_parse_SHCmd
 .text.IoT_AT_cmd_resp_header
                0x000001e8       0x78 obj/light/debug/recovery/iot_at_cmd.o
                0x000001e8                IoT_AT_cmd_resp_header
 .text.IoT_exec_AT_cmd_Fac_OEM
                0x00000260      0x168 obj/light/debug/recovery/iot_at_cmd.o
                0x00000260                IoT_exec_AT_cmd_Fac_OEM
 .text.IoT_exec_AT_cmd_ver
                0x000003c8       0xb0 obj/light/debug/recovery/iot_at_cmd.o
                0x000003c8                IoT_exec_AT_cmd_ver
 .text.IoT_exec_AT_cmd_Fac_IDMac
                0x00000478      0x140 obj/light/debug/recovery/iot_at_cmd.o
                0x00000478                IoT_exec_AT_cmd_Fac_IDMac
 .text.IoT_exec_AT_cmd_ch_switch
                0x000005b8       0xe8 obj/light/debug/recovery/iot_at_cmd.o
                0x000005b8                IoT_exec_AT_cmd_ch_switch
 .text.IoT_exec_AT_cmd_Efuse_Set
                0x000006a0      0x104 obj/light/debug/recovery/iot_at_cmd.o
                0x000006a0                IoT_exec_AT_cmd_Efuse_Set
 .text.IoT_exec_AT_cmd_Flash_Set
                0x000007a4      0x100 obj/light/debug/recovery/iot_at_cmd.o
                0x000007a4                IoT_exec_AT_cmd_Flash_Set
 .text.RTMPIoctlE2PROM
                0x000008a4      0x180 obj/light/debug/recovery/iot_at_cmd.o
                0x000008a4                RTMPIoctlE2PROM
 .text.ATE_CMD_CALI_SET_HANDLE
                0x00000a24      0x3cc obj/light/debug/recovery/iot_at_cmd.o
                0x00000a24                ATE_CMD_CALI_SET_HANDLE
 .text.IoT_exec_AT_cmd_ATE_Cal
                0x00000df0       0xd4 obj/light/debug/recovery/iot_at_cmd.o
                0x00000df0                IoT_exec_AT_cmd_ATE_Cal
 .text.IoT_parse_IWCmd
                0x00000ec4       0x2c obj/light/debug/recovery/iot_at_cmd.o
                0x00000ec4                IoT_parse_IWCmd
 .text.IoT_exec_AT_cmd_ATE_Cal2
                0x00000ef0      0x1f4 obj/light/debug/recovery/iot_at_cmd.o
                0x00000ef0                IoT_exec_AT_cmd_ATE_Cal2
 .text.IoT_exec_AT_cmd_uart
                0x000010e4       0x1c obj/light/debug/recovery/iot_at_cmd.o
                0x000010e4                IoT_exec_AT_cmd_uart
 .text.IoT_parse_ATcommand
                0x00001100      0x1d0 obj/light/debug/recovery/iot_at_cmd.o
                0x00001100                IoT_parse_ATcommand
 .text.strchr   0x000012d0       0x20 obj/light/debug/recovery/iot_at_cmd_utility.o
                0x000012d0                strchr
 .text.split_string_cmd
                0x000012f0       0x5c obj/light/debug/recovery/iot_at_cmd_utility.o
                0x000012f0                split_string_cmd
 .text.getopt   0x0000134c      0x160 obj/light/debug/recovery/iot_at_cmd_utility.o
                0x0000134c                getopt
 .text.crc_cal_by_bit
                0x000014ac       0x4c obj/light/debug/recovery/iot_crc16.o
                0x000014ac                crc_cal_by_bit
 .text.IoT_Cust_Scan_Done
                0x000014f8        0x4 obj/light/debug/recovery/iot_custom.o
                0x000014f8                IoT_Cust_Scan_Done
 .text.IoT_Cust_Ops
                0x000014fc       0x4c obj/light/debug/recovery/iot_custom.o
                0x000014fc                IoT_Cust_Ops
 .text.Gpio_default_value
                0x00001548        0x4 obj/light/debug/recovery/iot_custom.o
                0x00001548                Gpio_default_value
 .text.default_uart_cfg
                0x0000154c       0x28 obj/light/debug/recovery/iot_custom.o
                0x0000154c                default_uart_cfg
 .text.IoT_Cust_HW_Timer1_Hdlr
                0x00001574        0x4 obj/light/debug/recovery/iot_custom.o
                0x00001574                IoT_Cust_HW_Timer1_Hdlr
 .text.IoT_Cust_Get_HW_Timer1_TICK_HZ
                0x00001578        0x4 obj/light/debug/recovery/iot_custom.o
                0x00001578                IoT_Cust_Get_HW_Timer1_TICK_HZ
 .text.IoT_Cust_GPIINT_Hdlr
                0x0000157c       0x9c obj/light/debug/recovery/iot_custom.o
                0x0000157c                IoT_Cust_GPIINT_Hdlr
 .text.IoT_Cust_SM_Smnt
                0x00001618       0x18 obj/light/debug/recovery/iot_custom.o
                0x00001618                IoT_Cust_SM_Smnt
 .text.IoT_Cust_SMNT_Sta_Chg_Init
                0x00001630       0x18 obj/light/debug/recovery/iot_custom.o
                0x00001630                IoT_Cust_SMNT_Sta_Chg_Init
 .text.reset_sta_cfg
                0x00001648       0x2c obj/light/debug/recovery/iot_custom.o
                0x00001648                reset_sta_cfg
 .text.default_ip_cfg
                0x00001674       0x30 obj/light/debug/recovery/iot_custom.o
                0x00001674                default_ip_cfg
 .text.restore_usr_cfg
                0x000016a4       0x4c obj/light/debug/recovery/iot_custom.o
                0x000016a4                restore_usr_cfg
 .text.reset_com_cfg
                0x000016f0       0xbc obj/light/debug/recovery/iot_custom.o
                0x000016f0                reset_com_cfg
 .text.reset_cfg
                0x000017ac       0x24 obj/light/debug/recovery/iot_custom.o
                0x000017ac                reset_cfg
 .text.reset_usr_cfg
                0x000017d0       0x84 obj/light/debug/recovery/iot_custom.o
                0x000017d0                reset_usr_cfg
 .text.load_usr_cfg
                0x00001854       0x60 obj/light/debug/recovery/iot_custom.o
                0x00001854                load_usr_cfg
 .text.load_com_cfg
                0x000018b4      0x1bc obj/light/debug/recovery/iot_custom.o
                0x000018b4                load_com_cfg
 .text.Pre_init_cfg
                0x00001a70       0x4c obj/light/debug/recovery/iot_custom.o
                0x00001a70                Pre_init_cfg
 .text.CustTimer0TimeoutAction
                0x00001abc       0x24 obj/light/debug/recovery/iot_custom.o
                0x00001abc                CustTimer0TimeoutAction
 .text.IoT_Cust_Init
                0x00001ae0       0x64 obj/light/debug/recovery/iot_custom.o
                0x00001ae0                IoT_Cust_Init
 .text.IoT_Cust_Sub_Task
                0x00001b44       0x24 obj/light/debug/recovery/iot_custom.o
                0x00001b44                IoT_Cust_Sub_Task
 .text.IoT_OTA_Update_FW
                0x00001b68      0x17c obj/light/debug/recovery/iot_fota.o
                0x00001b68                IoT_OTA_Update_FW
 .text.UARTRx_Buf_Init
                0x00001ce4       0x24 obj/light/debug/recovery/iot_uart_rb.o
                0x00001ce4                UARTRx_Buf_Init
 .text.UART_Tx_Cb
                0x00001d08        0x4 obj/light/debug/recovery/iot_uart_rb.o
                0x00001d08                UART_Tx_Cb
 .text.uart_customize_init
                0x00001d0c       0x40 obj/light/debug/recovery/iot_uart_rb.o
                0x00001d0c                uart_customize_init
 .text.UART_Rx_Packet_Dispatch
                0x00001d4c       0xf0 obj/light/debug/recovery/iot_uart_rb.o
                0x00001d4c                UART_Rx_Packet_Dispatch
 .text.UART_GetByte
                0x00001e3c       0x18 obj/light/debug/recovery/iot_uart_rb.o
                0x00001e3c                UART_GetByte
 .text.UART_Rx_Cb
                0x00001e54      0x27c obj/light/debug/recovery/iot_uart_rb.o
                0x00001e54                UART_Rx_Cb
 .text.UART_PutBytes
                0x000020d0       0xe8 obj/light/debug/recovery/iot_uart_rb.o
                0x000020d0                UART_PutBytes
 .text.port_inbyte
                0x000021b8       0x54 obj/light/debug/recovery/iot_xmodem.o
                0x000021b8                port_inbyte
 .text.port_outbyte
                0x0000220c       0x1c obj/light/debug/recovery/iot_xmodem.o
                0x0000220c                port_outbyte
 .text.crc16_ccitt
                0x00002228       0x1c obj/light/debug/recovery/iot_xmodem.o
                0x00002228                crc16_ccitt
 .text.check    0x00002244       0x54 obj/light/debug/recovery/iot_xmodem.o
 .text.IoT_Xmodem_Update_FW
                0x00002298      0x2f4 obj/light/debug/recovery/iot_xmodem.o
                0x00002298                IoT_Xmodem_Update_FW
 .text.main     0x0000258c       0x9c obj/light/debug/recovery/main_pub.o
                0x0000258c                main
 .text.DelayTick
                0x00002628        0xc obj/light/debug/recovery/misc_pub.o
                0x00002628                DelayTick
 .text.usecDelay
                0x00002634       0x4c obj/light/debug/recovery/misc_pub.o
                0x00002634                usecDelay
 .text.msecDelay
                0x00002680       0x54 obj/light/debug/recovery/misc_pub.o
                0x00002680                msecDelay
 .text.AsicSetChannel
                0x000026d4       0x48 obj/light/debug/recovery/mt7681_ChSw_pub.o
                0x000026d4                AsicSetChannel
 .text.IoT_Cmd_Set_Channel
                0x0000271c       0x28 obj/light/debug/recovery/mt7681_ChSw_pub.o
                0x0000271c                IoT_Cmd_Set_Channel
 .text.vsprintf_help
                0x00002744        0xc obj/light/debug/recovery/printf.o
 .text.vprintf  0x00002750       0x24 obj/light/debug/recovery/printf.o
                0x00002750                vprintf
 .text.Printf_High
                0x00002774       0x34 obj/light/debug/recovery/printf.o
                0x00002774                Printf_High
 .text.vsprintf
                0x000027a8       0x2c obj/light/debug/recovery/printf.o
                0x000027a8                vsprintf
 .text.sprintf  0x000027d4       0x24 obj/light/debug/recovery/printf.o
                0x000027d4                sprintf
 .text.vprintf_help
                0x000027f8       0x1c obj/light/debug/recovery/printf.o
 .text.RxFsIntFilterOut
                0x00002814       0x74 obj/light/debug/recovery/rtmp_data_pub.o
                0x00002814                RxFsIntFilterOut
 .text.STARxDoneInterruptHandle
                0x00002888      0x100 obj/light/debug/recovery/rtmp_data_pub.o
                0x00002888                STARxDoneInterruptHandle
 .text.BeaconTimeoutAction
                0x00002988       0x1c obj/light/debug/recovery/rtmp_data_pub.o
                0x00002988                BeaconTimeoutAction
 .text.reflect  0x000029a4       0x34 obj/light/debug/recovery/spi-flash_pub.o
                0x000029a4                reflect
 .text.crc32    0x000029d8       0x68 obj/light/debug/recovery/spi-flash_pub.o
                0x000029d8                crc32
 .text.spi_flash_update_fw_done
                0x00002a40       0x24 obj/light/debug/recovery/spi-flash_pub.o
                0x00002a40                spi_flash_update_fw_done
 .text.spi_flash_page_write
                0x00002a64       0x88 obj/light/debug/recovery/spi-flash_pub.o
 .text.spi_flash_write_func
                0x00002aec       0x94 obj/light/debug/recovery/spi-flash_pub.o
                0x00002aec                spi_flash_write_func
 .text.spi_flash_erase_SE
                0x00002b80       0x6c obj/light/debug/recovery/spi-flash_pub.o
                0x00002b80                spi_flash_erase_SE
 .text.spi_flash_write
                0x00002bec      0x190 obj/light/debug/recovery/spi-flash_pub.o
                0x00002bec                spi_flash_write
 .text.spi_flash_update_fw
                0x00002d7c      0x100 obj/light/debug/recovery/spi-flash_pub.o
                0x00002d7c                spi_flash_update_fw
 .text.malloc   0x00002e7c       0x14 obj/light/debug/recovery/stdlib.o
                0x00002e7c                malloc
 .text.free     0x00002e90       0x14 obj/light/debug/recovery/stdlib.o
                0x00002e90                free
 .text.cust_timer_set
                0x00002ea4       0x1c obj/light/debug/recovery/utils/cust_timer.o
                0x00002ea4                cust_timer_set
 .text._hexToByte
                0x00002ec0       0x68 obj/light/debug/recovery/utils/wld_utils.o
                0x00002ec0                _hexToByte
 .text.parseMacString
                0x00002f28       0x4c obj/light/debug/recovery/utils/wld_utils.o
                0x00002f28                parseMacString
 .text.macStrConvert
                0x00002f74       0x40 obj/light/debug/recovery/utils/wld_utils.o
                0x00002f74                macStrConvert
 .text.status_led_set
                0x00002fb4       0x9c obj/light/debug/recovery/utils/wld_utils.o
                0x00002fb4                status_led_set
 .text.flash_crc16_ccitt
                0x00003050       0x88 obj/light/debug/recovery/utils/wld_utils.o
                0x00003050                flash_crc16_ccitt
 .text.check_data_valid
                0x000030d8       0x44 obj/light/debug/recovery/wifi_task_pub.o
                0x000030d8                check_data_valid
 .text.store_sta_cfg
                0x0000311c       0xc4 obj/light/debug/recovery/wifi_task_pub.o
                0x0000311c                store_sta_cfg
 .text.load_sta_cfg
                0x000031e0       0xdc obj/light/debug/recovery/wifi_task_pub.o
                0x000031e0                load_sta_cfg
 .text.wifi_rx_proc
                0x000032bc       0x58 obj/light/debug/recovery/wifi_task_pub.o
                0x000032bc                wifi_rx_proc
 .text.wifiTASK_LowPrioTask
                0x00003314      0x1d0 obj/light/debug/recovery/wifi_task_pub.o
                0x00003314                wifiTASK_LowPrioTask
 .text.overlayload
                0x000034e4        0x4 .\libandesrecovery.a(xip_ovly.o)
                0x000034e4                overlayload
 .text.overlayunload
                0x000034e8        0x4 .\libandesrecovery.a(xip_ovly.o)
                0x000034e8                overlayunload
 .text.cnmTimerInitTimer
                0x000034ec       0x30 .\libandesrecovery.a(cnm_timer.o)
                0x000034ec                cnmTimerInitTimer
 .text.cnmTimerStopTimer
                0x0000351c       0x48 .\libandesrecovery.a(cnm_timer.o)
                0x0000351c                cnmTimerStopTimer
 .text.cnmTimerSetTimer
                0x00003564       0x3c .\libandesrecovery.a(cnm_timer.o)
 .text.cnmTimerDoTimeOutCheck
                0x000035a0       0xf0 .\libandesrecovery.a(cnm_timer.o)
                0x000035a0                cnmTimerDoTimeOutCheck
 .text.cnmTimerStartTimer
                0x00003690       0xb8 .\libandesrecovery.a(cnm_timer.o)
                0x00003690                cnmTimerStartTimer
 .text.cnmTimerInitialize
                0x00003748       0x38 .\libandesrecovery.a(cnm_timer.o)
                0x00003748                cnmTimerInitialize
 .text.IoT_gpio_output
                0x00003780       0xac .\libandesrecovery.a(iot_io_cmd.o)
                0x00003780                IoT_gpio_output
 .text.IoT_software_pwm_handler
                0x0000382c        0x4 .\libandesrecovery.a(iot_io_cmd.o)
                0x0000382c                IoT_software_pwm_handler
 .text.IoT_uart_output
                0x00003830       0x48 .\libandesrecovery.a(iot_io_cmd.o)
                0x00003830                IoT_uart_output
 .text.IoT_Cmd_LinkDown
                0x00003878       0x34 .\libandesrecovery.a(iot_mgmt_cmd.o)
                0x00003878                IoT_Cmd_LinkDown
 .text.IoT_Xmodem_Update_FW_Stop
                0x000038ac       0x4c .\libandesrecovery.a(iot_priv.o)
                0x000038ac                IoT_Xmodem_Update_FW_Stop
 .text.IoT_Xmodem_Update_FW_Start
                0x000038f8       0x48 .\libandesrecovery.a(iot_priv.o)
                0x000038f8                IoT_Xmodem_Update_FW_Start
 .text.apiQU_Dequeue
                0x00003940       0x44 .\libandesrecovery.a(queue.o)
                0x00003940                apiQU_Dequeue
 .text.apiQU_Enqueue
                0x00003984       0x40 .\libandesrecovery.a(queue.o)
                0x00003984                apiQU_Enqueue
 .text.apiQU_Initialize
                0x000039c4       0xa0 .\libandesrecovery.a(queue.o)
                0x000039c4                apiQU_Initialize
 .text.AES_Key_init
                0x00003a64       0x68 .\libandesrecovery.a(app_nos_main.o)
                0x00003a64                AES_Key_init
 .text.APP_Init
                0x00003acc      0x114 .\libandesrecovery.a(app_nos_main.o)
                0x00003acc                APP_Init
 .text.ConvertToRssi
                0x00003be0      0x104 .\libandesrecovery.a(ate.o)
                0x00003be0                ConvertToRssi
 .text.Set_ATE_TX_Cnt_Per_Speed
                0x00003ce4       0x1c .\libandesrecovery.a(ate.o)
                0x00003ce4                Set_ATE_TX_Cnt_Per_Speed
 .text.NICUpdateRawCounters
                0x00003d00       0x88 .\libandesrecovery.a(ate.o)
                0x00003d00                NICUpdateRawCounters
 .text.get_pkt_rssi_by_rxwi
                0x00003d88       0x24 .\libandesrecovery.a(ate.o)
                0x00003d88                get_pkt_rssi_by_rxwi
 .text.get_pkt_snr_by_rxwi
                0x00003dac       0x10 .\libandesrecovery.a(ate.o)
                0x00003dac                get_pkt_snr_by_rxwi
 .text.Update_Rssi_Sample
                0x00003dbc      0x270 .\libandesrecovery.a(ate.o)
                0x00003dbc                Update_Rssi_Sample
 .text.ATE_CMD_CALI_STAT
                0x0000402c      0x128 .\libandesrecovery.a(ate.o)
                0x0000402c                ATE_CMD_CALI_STAT
 .text.Set_ATE_RX_DURATION
                0x00004154       0x48 .\libandesrecovery.a(ate.o)
                0x00004154                Set_ATE_RX_DURATION
 .text.Set_ATE_TX_PAYLOAD_LEN
                0x0000419c       0x50 .\libandesrecovery.a(ate.o)
                0x0000419c                Set_ATE_TX_PAYLOAD_LEN
 .text.Set_ATE_TX_POWER
                0x000041ec       0xb4 .\libandesrecovery.a(ate.o)
                0x000041ec                Set_ATE_TX_POWER
 .text.Set_ATE_TX_Speed_Proc
                0x000042a0       0x48 .\libandesrecovery.a(ate.o)
                0x000042a0                Set_ATE_TX_Speed_Proc
 .text.Set_ATE_TX_COUNT_Proc
                0x000042e8       0x48 .\libandesrecovery.a(ate.o)
                0x000042e8                Set_ATE_TX_COUNT_Proc
 .text.Set_ATE_TX_GI_Proc
                0x00004330       0x48 .\libandesrecovery.a(ate.o)
                0x00004330                Set_ATE_TX_GI_Proc
 .text.Set_ATE_TX_MCS_Proc
                0x00004378       0xb4 .\libandesrecovery.a(ate.o)
                0x00004378                Set_ATE_TX_MCS_Proc
 .text.RXFRAME  0x0000442c       0x80 .\libandesrecovery.a(ate.o)
                0x0000442c                RXFRAME
 .text.Set_ATE_TX_MODE_Proc
                0x000044ac       0xcc .\libandesrecovery.a(ate.o)
                0x000044ac                Set_ATE_TX_MODE_Proc
 .text.Set_ResetStatCounter_Proc
                0x00004578       0x9c .\libandesrecovery.a(ate.o)
                0x00004578                Set_ResetStatCounter_Proc
 .text.ATE_INIT
                0x00004614       0xac .\libandesrecovery.a(ate.o)
                0x00004614                ATE_INIT
 .text.Set_ATE_TX_FREQ_OFFSET_Proc
                0x000046c0       0x6c .\libandesrecovery.a(ate.o)
                0x000046c0                Set_ATE_TX_FREQ_OFFSET_Proc
 .text.MT7681_Set_ATE_TX_BW_Proc
                0x0000472c       0xbc .\libandesrecovery.a(ate.o)
                0x0000472c                MT7681_Set_ATE_TX_BW_Proc
 .text.Set_ATE_Switch_CH
                0x000047e8       0x28 .\libandesrecovery.a(ate.o)
                0x000047e8                Set_ATE_Switch_CH
 .text.ATE_RXFRAME
                0x00004810       0x90 .\libandesrecovery.a(ate.o)
                0x00004810                ATE_RXFRAME
 .text.ATE_TXFRAME
                0x000048a0       0x80 .\libandesrecovery.a(ate.o)
                0x000048a0                ATE_TXFRAME
 .text.ATESTART
                0x00004920      0x1a0 .\libandesrecovery.a(ate.o)
                0x00004920                ATESTART
 .text.ATE_STOP
                0x00004ac0       0x50 .\libandesrecovery.a(ate.o)
                0x00004ac0                ATE_STOP
 .text.SendATETxDataFrame
                0x00004b10       0xa4 .\libandesrecovery.a(ate.o)
                0x00004b10                SendATETxDataFrame
 .text.ATEPeriodicExec
                0x00004bb4      0x190 .\libandesrecovery.a(ate.o)
                0x00004bb4                ATEPeriodicExec
 .text.Set_ATE_Efuse_Read
                0x00004d44       0x5c .\libandesrecovery.a(ate.o)
                0x00004d44                Set_ATE_Efuse_Read
 .text.Set_ATE_Efuse_Write
                0x00004da0       0x90 .\libandesrecovery.a(ate.o)
                0x00004da0                Set_ATE_Efuse_Write
 .text.MlmeDeauthReqAction
                0x00004e30       0x80 .\libandesrecovery.a(auth.o)
                0x00004e30                MlmeDeauthReqAction
 .text.sysDelay1u
                0x00004eb0       0x10 .\libandesrecovery.a(chip_init.o)
 .text.Reg_mac_add_init
                0x00004ec0       0x48 .\libandesrecovery.a(chip_init.o)
                0x00004ec0                Reg_mac_add_init
 .text.Reg_bssid_init
                0x00004f08       0x38 .\libandesrecovery.a(chip_init.o)
                0x00004f08                Reg_bssid_init
 .text.NICInitMT7681MacRegisters
                0x00004f40       0x70 .\libandesrecovery.a(chip_init.o)
                0x00004f40                NICInitMT7681MacRegisters
 .text.clean_key_tb
                0x00004fb0       0x50 .\libandesrecovery.a(chip_init.o)
                0x00004fb0                clean_key_tb
 .text.Sys_reboot
                0x00005000       0xb8 .\libandesrecovery.a(chip_init.o)
                0x00005000                Sys_reboot
 .text.MT7681_AsicExtraPowerOverMAC
                0x000050b8       0x3c .\libandesrecovery.a(chip_init.o)
                0x000050b8                MT7681_AsicExtraPowerOverMAC
 .text.MT7681_ReadEEPROM
                0x000050f4       0x50 .\libandesrecovery.a(chip_init.o)
                0x000050f4                MT7681_ReadEEPROM
 .text.MT7681_ReadTxPwrPerRate
                0x00005144      0x198 .\libandesrecovery.a(chip_init.o)
                0x00005144                MT7681_ReadTxPwrPerRate
 .text.wait_bbp_rf_wakeup
                0x000052dc       0x3c .\libandesrecovery.a(chip_init.o)
                0x000052dc                wait_bbp_rf_wakeup
 .text.MT7681_RXDC_CAL
                0x00005318       0xe0 .\libandesrecovery.a(chip_init.o)
                0x00005318                MT7681_RXDC_CAL
 .text.MT7681_INIT_CAL
                0x000053f8       0x64 .\libandesrecovery.a(chip_init.o)
                0x000053f8                MT7681_INIT_CAL
 .text.rtmp_bbp_is_ready
                0x0000545c       0x58 .\libandesrecovery.a(chip_init.o)
                0x0000545c                rtmp_bbp_is_ready
 .text.NICInitMT7681BbpRegisters
                0x000054b4       0x64 .\libandesrecovery.a(chip_init.o)
                0x000054b4                NICInitMT7681BbpRegisters
 .text.MT7681_eep_cfg2
                0x00005518      0x184 .\libandesrecovery.a(chip_init.o)
                0x00005518                MT7681_eep_cfg2
 .text.NICInitMT7681RFRegisters
                0x0000569c       0x8c .\libandesrecovery.a(chip_init.o)
                0x0000569c                NICInitMT7681RFRegisters
 .text.chip_reg_init
                0x00005728      0x108 .\libandesrecovery.a(chip_init.o)
                0x00005728                chip_reg_init
 .text.RTMPCheckRxError
                0x00005830       0x14 .\libandesrecovery.a(rtmp_data.o)
                0x00005830                RTMPCheckRxError
 .text.RTMPWriteTxWI_Data
                0x00005844      0x188 .\libandesrecovery.a(rtmp_data.o)
                0x00005844                RTMPWriteTxWI_Data
 .text.RTMPWriteTxWI_Mgmt
                0x000059cc       0xb0 .\libandesrecovery.a(rtmp_data.o)
                0x000059cc                RTMPWriteTxWI_Mgmt
 .text.STABuildCommon802_11Header
                0x00005a7c      0x110 .\libandesrecovery.a(rtmp_data.o)
                0x00005a7c                STABuildCommon802_11Header
 .text.WriteSingleTxResource
                0x00005b8c       0x48 .\libandesrecovery.a(rtmp_data.o)
                0x00005b8c                WriteSingleTxResource
 .text.MiniportMMRequest
                0x00005bd4       0xa8 .\libandesrecovery.a(rtmp_data.o)
                0x00005bd4                MiniportMMRequest
 .text.STA_Legacy_Frame_Tx
                0x00005c7c       0xdc .\libandesrecovery.a(rtmp_data.o)
                0x00005c7c                STA_Legacy_Frame_Tx
 .text.MgtMacHeaderInit
                0x00005d58       0xb0 .\libandesrecovery.a(rtmp_general.o)
                0x00005d58                MgtMacHeaderInit
 .text.MakeOutgoingFrame
                0x00005e08       0x4c .\libandesrecovery.a(rtmp_general.o)
                0x00005e08                MakeOutgoingFrame
 .text.rtmp_mac_set_ctrlch
                0x00005e54       0x2c .\libandesrecovery.a(scan.o)
                0x00005e54                rtmp_mac_set_ctrlch
 .text.SCAN_Initialization
                0x00005e80       0x30 .\libandesrecovery.a(scan.o)
                0x00005e80                SCAN_Initialization
 .text.rtmp_bbp_set_ctrlch
                0x00005eb0       0x54 .\libandesrecovery.a(scan.o)
                0x00005eb0                rtmp_bbp_set_ctrlch
 .text.reset_smnt_set
                0x00005f04       0x2c .\libandesrecovery.a(smtcn.o)
                0x00005f04                reset_smnt_set
 .text.reset_smnt_info
                0x00005f30       0x50 .\libandesrecovery.a(smtcn.o)
                0x00005f30                reset_smnt_info
 .text.SMTCNfsm_rst
                0x00005f80       0x4c .\libandesrecovery.a(smtcn.o)
                0x00005f80                SMTCNfsm_rst
 .text.SMTCNfsm_init
                0x00005fcc       0x30 .\libandesrecovery.a(smtcn.o)
                0x00005fcc                SMTCNfsm_init
 .text.SMTCN_state_chg_init
                0x00005ffc       0x58 .\libandesrecovery.a(smtcn.o)
                0x00005ffc                SMTCN_state_chg_init
 .text.SMTCN_process
                0x00006054       0x88 .\libandesrecovery.a(smtcn.o)
                0x00006054                SMTCN_process
 .text.RTMP_EnableTxRx
                0x000060dc       0x10 .\libandesrecovery.a(wow.o)
                0x000060dc                RTMP_EnableTxRx
 .text.WOW_Initialization
                0x000060ec       0x60 .\libandesrecovery.a(wow.o)
                0x000060ec                WOW_Initialization
 .text.BSP_Init
                0x0000614c       0xd8 .\libandesrecovery.a(bsp.o)
                0x0000614c                BSP_Init
 .text.eEpWritePhysical
                0x00006224      0x1a4 .\libandesrecovery.a(ee_efuse.o)
 .text.eEpReadRegisters
                0x000063c8       0xf4 .\libandesrecovery.a(ee_efuse.o)
                0x000063c8                eEpReadRegisters
 .text.rtmp_eep_read16
                0x000064bc       0x20 .\libandesrecovery.a(ee_efuse.o)
                0x000064bc                rtmp_eep_read16
 .text.eEpReadPhysical
                0x000064dc       0x38 .\libandesrecovery.a(ee_efuse.o)
 .text.eEpRead  0x00006514       0x38 .\libandesrecovery.a(ee_efuse.o)
                0x00006514                eEpRead
 .text.eEpWrite
                0x0000654c      0x3ac .\libandesrecovery.a(ee_efuse.o)
                0x0000654c                eEpWrite
 .text.rtmp_eep_write16
                0x000068f8       0x2c .\libandesrecovery.a(ee_efuse.o)
                0x000068f8                rtmp_eep_write16
 .text.drvFCE_RegisterIntHdlr
                0x00006924       0x34 .\libandesrecovery.a(fce.o)
                0x00006924                drvFCE_RegisterIntHdlr
 .text.drvFCE_IntHdlr
                0x00006958       0x8c .\libandesrecovery.a(fce.o)
                0x00006958                drvFCE_IntHdlr
 .text.drvFCE_Initialize
                0x000069e4       0xc0 .\libandesrecovery.a(fce.o)
                0x000069e4                drvFCE_Initialize
 .text.PdmaVrPortIntHdlr
                0x00006aa4       0xf4 .\libandesrecovery.a(pdma.o)
                0x00006aa4                PdmaVrPortIntHdlr
 .text.PdmaVtPortIntHdlr
                0x00006b98      0x100 .\libandesrecovery.a(pdma.o)
                0x00006b98                PdmaVtPortIntHdlr
 .text.rlk_fce_txts_hard_xmit
                0x00006c98      0x138 .\libandesrecovery.a(pdma.o)
                0x00006c98                rlk_fce_txts_hard_xmit
 .text.PdmaTxTsHdlr
                0x00006dd0       0x70 .\libandesrecovery.a(pdma.o)
                0x00006dd0                PdmaTxTsHdlr
 .text.TxTsIntHdlr
                0x00006e40       0x18 .\libandesrecovery.a(pdma.o)
                0x00006e40                TxTsIntHdlr
 .text.PdmaRxFsHdlr
                0x00006e58      0x108 .\libandesrecovery.a(pdma.o)
                0x00006e58                PdmaRxFsHdlr
 .text.RxFsIntHdlr
                0x00006f60       0x18 .\libandesrecovery.a(pdma.o)
                0x00006f60                RxFsIntHdlr
 .text.drvPDMA_TxInitialize
                0x00006f78       0x4c .\libandesrecovery.a(pdma.o)
                0x00006f78                drvPDMA_TxInitialize
 .text.drvPDMA_RxInitialize
                0x00006fc4       0x80 .\libandesrecovery.a(pdma.o)
                0x00006fc4                drvPDMA_RxInitialize
 .text.SPI_REG8
                0x00007044       0x10 .\libandesrecovery.a(spi-flash.o)
                0x00007044                SPI_REG8
 .text.SPI_READOUT
                0x00007054        0xc .\libandesrecovery.a(spi-flash.o)
                0x00007054                SPI_READOUT
 .text.WAIT_OP_DONE_PUB
                0x00007060       0x10 .\libandesrecovery.a(spi-flash.o)
                0x00007060                WAIT_OP_DONE_PUB
 .text.spi_flash_read
                0x00007070       0x28 .\libandesrecovery.a(spi-flash.o)
                0x00007070                spi_flash_read
 .text.drvTMR_Init
                0x00007098       0x14 .\libandesrecovery.a(timer.o)
                0x00007098                drvTMR_Init
 .text.kal_get_systime
                0x000070ac        0xc .\libandesrecovery.a(timer.o)
                0x000070ac                kal_get_systime
 .text.sys_init_timer
                0x000070b8       0x38 .\libandesrecovery.a(timer.o)
                0x000070b8                sys_init_timer
 .text.kal_stop_timer
                0x000070f0       0x84 .\libandesrecovery.a(timer.o)
                0x000070f0                kal_stop_timer
 .text.kal_start_timer
                0x00007174      0x104 .\libandesrecovery.a(timer.o)
                0x00007174                kal_start_timer
 .text.kal_create_timer
                0x00007278       0x58 .\libandesrecovery.a(timer.o)
                0x00007278                kal_create_timer
 .text.SwTimerHandler
                0x000072d0       0x30 .\libandesrecovery.a(timer.o)
                0x000072d0                SwTimerHandler
 .text.drvTMR_Tick_Init
                0x00007300       0x40 .\libandesrecovery.a(timer.o)
                0x00007300                drvTMR_Tick_Init
 .text.hw_timer1_IntHdler
                0x00007340       0x3c .\libandesrecovery.a(timer.o)
                0x00007340                hw_timer1_IntHdler
 .text.drvTMR_IntHdler
                0x0000737c       0x4c .\libandesrecovery.a(timer.o)
                0x0000737c                drvTMR_IntHdler
 .text.UART_PutUARTByte
                0x000073c8       0x20 .\libandesrecovery.a(uart.o)
                0x000073c8                UART_PutUARTByte
 .text.UART_SetBaudRate
                0x000073e8       0x28 .\libandesrecovery.a(uart.o)
                0x000073e8                UART_SetBaudRate
 .text._UART_GetByte
                0x00007410       0x24 .\libandesrecovery.a(uart.o)
                0x00007410                _UART_GetByte
 .text.UART_RecHandler
                0x00007434       0x38 .\libandesrecovery.a(uart.o)
                0x00007434                UART_RecHandler
 .text.UART_Register_TX_cb
                0x0000746c        0xc .\libandesrecovery.a(uart.o)
                0x0000746c                UART_Register_TX_cb
 .text.UART_Register_RX_cb
                0x00007478        0xc .\libandesrecovery.a(uart.o)
                0x00007478                UART_Register_RX_cb
 .text.UART_TrxHandler
                0x00007484       0xbc .\libandesrecovery.a(uart.o)
                0x00007484                UART_TrxHandler
 .text.UART_LISR
                0x00007540       0x48 .\libandesrecovery.a(uart.o)
                0x00007540                UART_LISR
 .text.UART_SetDCBConfig
                0x00007588       0xe8 .\libandesrecovery.a(uart.o)
                0x00007588                UART_SetDCBConfig
 .text.IoT_uart_AT_config
                0x00007670      0x144 .\libandesrecovery.a(uart.o)
                0x00007670                IoT_uart_AT_config
 .text.UART_Configure_From_Flash
                0x000077b4       0x3c .\libandesrecovery.a(uart.o)
                0x000077b4                UART_Configure_From_Flash
 .text.UART_HWInit
                0x000077f0       0x5c .\libandesrecovery.a(uart.o)
                0x000077f0                UART_HWInit
 .text.UART_EnableTX
                0x0000784c       0x38 .\libandesrecovery.a(uart.o)
                0x0000784c                UART_EnableTX
 .text.UART_DisableTX
                0x00007884       0x3c .\libandesrecovery.a(uart.o)
                0x00007884                UART_DisableTX
 .text.UART_EnableRX
                0x000078c0       0x38 .\libandesrecovery.a(uart.o)
                0x000078c0                UART_EnableRX
 .text.UART_DisableRX
                0x000078f8       0x3c .\libandesrecovery.a(uart.o)
                0x000078f8                UART_DisableRX
 .text.UART_Open
                0x00007934       0x38 .\libandesrecovery.a(uart.o)
                0x00007934                UART_Open
 .text.UART_PutChar
                0x0000796c       0x18 .\libandesrecovery.a(uartlite.o)
                0x0000796c                UART_PutChar
 .text.UART_GetChar
                0x00007984       0x20 .\libandesrecovery.a(uartlite.o)
                0x00007984                UART_GetChar
 .text.UART_Init
                0x000079a4       0x94 .\libandesrecovery.a(uartlite.o)
                0x000079a4                UART_Init
 .text.sys_Init
                0x00007a38       0xa0 .\libandesrecovery.a(main.o)
                0x00007a38                sys_Init
 .text.sysTASK_RegTask
                0x00007ad8       0x50 .\libandesrecovery.a(main.o)
                0x00007ad8                sysTASK_RegTask
 .text.sysXCPT_XcptHdlr
                0x00007b28       0x18 .\libandesrecovery.a(xcpt.o)
                0x00007b28                sysXCPT_XcptHdlr
 .text.sysXCPT_RegisterHdlr
                0x00007b40       0x10 .\libandesrecovery.a(xcpt.o)
                0x00007b40                sysXCPT_RegisterHdlr
 .text.sysXCPT_ResetXcptHdlr
                0x00007b50        0x4 .\libandesrecovery.a(xcpt.o)
 .text.sysXCPT_TlbFillXcptHdlr
                0x00007b54        0x4 .\libandesrecovery.a(xcpt.o)
 .text.sysXCPT_PteNotPresentXcptHdlr
                0x00007b58        0x4 .\libandesrecovery.a(xcpt.o)
 .text.sysXCPT_TlbMiscXcptHdlr
                0x00007b5c        0x4 .\libandesrecovery.a(xcpt.o)
 .text.sysXCPT_TlbVlptMissXcptHdlr
                0x00007b60        0x4 .\libandesrecovery.a(xcpt.o)
 .text.sysXCPT_MachineErrXcptHdlr
                0x00007b64        0x4 .\libandesrecovery.a(xcpt.o)
 .text.sysXCPT_DebugRelatedXcptHdlr
                0x00007b68        0x4 .\libandesrecovery.a(xcpt.o)
 .text.sysXCPT_GeneralXcptHdlr
                0x00007b6c        0x4 .\libandesrecovery.a(xcpt.o)
 .text.sysXCPT_SysCallXcptHdlr
                0x00007b70        0x4 .\libandesrecovery.a(xcpt.o)
 .text.sysXCPT_Hw0IntrHdlr
                0x00007b74        0x4 .\libandesrecovery.a(xcpt.o)
 .text.sysXCPT_Hw1IntrHdlr
                0x00007b78        0x4 .\libandesrecovery.a(xcpt.o)
 .text.sysXCPT_Hw2IntrHdlr
                0x00007b7c        0x4 .\libandesrecovery.a(xcpt.o)
 .text.sysXCPT_Hw3IntrHdlr
                0x00007b80        0x4 .\libandesrecovery.a(xcpt.o)
 .text.sysXCPT_Hw4IntrHdlr
                0x00007b84        0x4 .\libandesrecovery.a(xcpt.o)
 .text.sysXCPT_Hw5IntrHdlr
                0x00007b88        0x4 .\libandesrecovery.a(xcpt.o)
 .text.sysXCPT_SwIntrHdlr
                0x00007b8c        0x4 .\libandesrecovery.a(xcpt.o)
 .text.sysKernelStart
                0x00007b90       0x18 .\libandesrecovery.a(initial.o)
                0x00007b90                sysKernelStart
 .text.SYSirq_Disable_Interrupts_Save_Flags
                0x00007ba8       0x14 .\libandesrecovery.a(mutex.o)
                0x00007ba8                SYSirq_Disable_Interrupts_Save_Flags
 .text.SYSirq_Interrupts_Restore_Flags
                0x00007bbc       0x18 .\libandesrecovery.a(mutex.o)
                0x00007bbc                SYSirq_Interrupts_Restore_Flags
 .text.sysTASK_LowPrioTask
                0x00007bd4       0x3c .\libandesrecovery.a(task.o)
                0x00007bd4                sysTASK_LowPrioTask
 .text.sysTASK_DeassertSignal
                0x00007c10       0x44 .\libandesrecovery.a(task.o)
                0x00007c10                sysTASK_DeassertSignal
 .text.sysTASK_AssertSignal
                0x00007c54       0x40 .\libandesrecovery.a(task.o)
                0x00007c54                sysTASK_AssertSignal
 .text.sysTASK_RegisterLowPrioTask
                0x00007c94       0x3c .\libandesrecovery.a(task.o)
                0x00007c94                sysTASK_RegisterLowPrioTask
 .text.sysTASK_CreateTask
                0x00007cd0       0x4c .\libandesrecovery.a(task.o)
                0x00007cd0                sysTASK_CreateTask
 .text.apiInitListEntry
                0x00007d1c        0x8 .\libandesrecovery.a(list.o)
                0x00007d1c                apiInitListEntry
 .text.apiInsertListEntry
                0x00007d24        0xc .\libandesrecovery.a(list.o)
                0x00007d24                apiInsertListEntry
 .text.apiInsertTailEntry
                0x00007d30       0x20 .\libandesrecovery.a(list.o)
                0x00007d30                apiInsertTailEntry
 .text.apiRemoveHeadEntry
                0x00007d50       0x1c .\libandesrecovery.a(list.o)
                0x00007d50                apiRemoveHeadEntry
 .text.do_printf
                0x00007d6c      0x2e8 .\libandesrecovery.a(do_printf.o)
                0x00007d6c                do_printf
 .text.fputc    0x00008054       0x2c .\libandesrecovery.a(fputs.o)
                0x00008054                fputc
 .text.putchar  0x00008080       0x1c .\libandesrecovery.a(fputs.o)
                0x00008080                putchar
 .text.strcmp   0x0000809c       0x20 .\libandesrecovery.a(strcmp.o)
                0x0000809c                strcmp
 .text.strlen   0x000080bc       0x10 .\libandesrecovery.a(strlen.o)
                0x000080bc                strlen
 .text.__toupper
                0x000080cc       0x1c .\libandesrecovery.a(vsprintf.o)
 .text.simple_strtoul
                0x000080e8       0xe4 .\libandesrecovery.a(vsprintf.o)
                0x000080e8                simple_strtoul
 .text.simple_strtol
                0x000081cc       0x2c .\libandesrecovery.a(vsprintf.o)
                0x000081cc                simple_strtol
 .text.drvMCUCTL_RegisterIntHdlr
                0x000081f8       0x24 .\libandesrecovery.a(mcuctl.o)
                0x000081f8                drvMCUCTL_RegisterIntHdlr
 .text.drvMCUCTL_IntrHdlr
                0x0000821c       0xc4 .\libandesrecovery.a(mcuctl.o)
                0x0000821c                drvMCUCTL_IntrHdlr
 .text.sysDelayxu
                0x000082e0       0x18 .\libandesrecovery.a(mt7681_ChSw.o)
 .text.RF_READ  0x000082f8       0xb8 .\libandesrecovery.a(mt7681_ChSw.o)
                0x000082f8                RF_READ
 .text.RF_WRITE
                0x000083b0       0x84 .\libandesrecovery.a(mt7681_ChSw.o)
                0x000083b0                RF_WRITE
 .text.RF_WRITE8
                0x00008434       0x20 .\libandesrecovery.a(mt7681_ChSw.o)
                0x00008434                RF_WRITE8
 .text.BBP_READ
                0x00008454       0x78 .\libandesrecovery.a(mt7681_ChSw.o)
                0x00008454                BBP_READ
 .text.BBP_WRITE
                0x000084cc       0x54 .\libandesrecovery.a(mt7681_ChSw.o)
                0x000084cc                BBP_WRITE
 .text.TXDCOCCalibration
                0x00008520       0x9c .\libandesrecovery.a(mt7681_ChSw.o)
                0x00008520                TXDCOCCalibration
 .text.Config_ChannelInfo
                0x000085bc       0x54 .\libandesrecovery.a(mt7681_ChSw.o)
                0x000085bc                Config_ChannelInfo
 .text.VCO_Calibration
                0x00008610       0x48 .\libandesrecovery.a(mt7681_ChSw.o)
                0x00008610                VCO_Calibration
 .text.CaliPeriodExec
                0x00008658       0x40 .\libandesrecovery.a(mt7681_ChSw.o)
                0x00008658                CaliPeriodExec
 .text.T.216    0x00008698       0x58 .\libandesrecovery.a(mt7681_ChSw.o)
 .text.rtmp_bbp_set_bw
                0x000086f0       0xc8 .\libandesrecovery.a(mt7681_ChSw.o)
                0x000086f0                rtmp_bbp_set_bw
 .text.RCalibration
                0x000087b8      0x248 .\libandesrecovery.a(mt7681_ChSw.o)
                0x000087b8                RCalibration
 .text.BWCalibration
                0x00008a00      0xa8c .\libandesrecovery.a(mt7681_ChSw.o)
                0x00008a00                BWCalibration
 .text.AsicSwitchChannel
                0x0000948c      0x378 .\libandesrecovery.a(mt7681_ChSw.o)
                0x0000948c                AsicSwitchChannel
 .text.drvPBF_IntHdler
                0x00009804       0x18 .\libandesrecovery.a(wifi_ps.o)
                0x00009804                drvPBF_IntHdler
 .text.SetRec2LoaderFlag
                0x0000981c       0x20 .\libandesrecovery.a(wifi_task.o)
                0x0000981c                SetRec2LoaderFlag
 .text.GetQueueInfo
                0x0000983c        0xc .\libandesrecovery.a(wifi_task.o)
                0x0000983c                GetQueueInfo
 .text.GetFceIntStat
                0x00009848        0xc .\libandesrecovery.a(wifi_task.o)
                0x00009848                GetFceIntStat
 .text.GetMsTimer
                0x00009854        0xc .\libandesrecovery.a(wifi_task.o)
                0x00009854                GetMsTimer
 .text.StorePhyMode
                0x00009860        0xc .\libandesrecovery.a(wifi_task.o)
                0x00009860                StorePhyMode
 .text.wifi_state_chg
                0x0000986c      0x12c .\libandesrecovery.a(wifi_task.o)
                0x0000986c                wifi_state_chg
 .text.handle_FCE_interrupt
                0x00009998       0x64 .\libandesrecovery.a(wifi_task.o)
                0x00009998                handle_FCE_interrupt
 .text.drvGPIO_IntHdler
                0x000099fc       0x44 .\libandesrecovery.a(led.o)
                0x000099fc                drvGPIO_IntHdler
 .text.T.3      0x00009a40       0x48 .\libandesrecovery.a(led.o)
 .text.GPIOInitialize
                0x00009a88       0x34 .\libandesrecovery.a(led.o)
                0x00009a88                GPIOInitialize

.rela.dyn       0x00009abc        0x0
 .rela.text.cJSON_InitHooks
                0x00000000        0x0 obj/light/debug/recovery/cJSON/cJSON.o
 .rela.text.cJSON_GetInt
                0x00000000        0x0 obj/light/debug/recovery/cJSON/cJSON.o
 .rela.text.cJSON_New_Item
                0x00000000        0x0 obj/light/debug/recovery/cJSON/cJSON.o
 .rela.text.parse_value
                0x00000000        0x0 obj/light/debug/recovery/cJSON/cJSON.o
 .rela.text.cJSON_Delete
                0x00000000        0x0 obj/light/debug/recovery/cJSON/cJSON.o
 .rela.data.cJSON_malloc
                0x00000000        0x0 obj/light/debug/recovery/cJSON/cJSON.o
 .rela.data.cJSON_free
                0x00000000        0x0 obj/light/debug/recovery/cJSON/cJSON.o
 .rela.text.AES_CBC_Decrypt
                0x00000000        0x0 obj/light/debug/recovery/cJSON/cJSON.o
 .rela.text.AES_ECB_DecryTest
                0x00000000        0x0 obj/light/debug/recovery/cJSON/cJSON.o
 .rela.text.AES_CBC_Encrypt
                0x00000000        0x0 obj/light/debug/recovery/cJSON/cJSON.o
 .rela.text.AES_ECB_EncryTest
                0x00000000        0x0 obj/light/debug/recovery/cJSON/cJSON.o
 .rela.rodata.cst4
                0x00000000        0x0 obj/light/debug/recovery/cJSON/cJSON.o
 .rela.text.AES_Sample
                0x00000000        0x0 obj/light/debug/recovery/cJSON/cJSON.o
 .rela.text.IoT_exec_AT_cmd_reboot
                0x00000000        0x0 obj/light/debug/recovery/cJSON/cJSON.o
 .rela.text.IoT_parse_SHCmd
                0x00000000        0x0 obj/light/debug/recovery/cJSON/cJSON.o
 .rela.text.IoT_AT_cmd_resp_header
                0x00000000        0x0 obj/light/debug/recovery/cJSON/cJSON.o
 .rela.text.IoT_exec_AT_cmd_Fac_OEM
                0x00000000        0x0 obj/light/debug/recovery/cJSON/cJSON.o
 .rela.text.IoT_exec_AT_cmd_ver
                0x00000000        0x0 obj/light/debug/recovery/cJSON/cJSON.o
 .rela.text.IoT_exec_AT_cmd_Fac_IDMac
                0x00000000        0x0 obj/light/debug/recovery/cJSON/cJSON.o
 .rela.text.IoT_exec_AT_cmd_ch_switch
                0x00000000        0x0 obj/light/debug/recovery/cJSON/cJSON.o
 .rela.text.IoT_exec_AT_cmd_Efuse_Set
                0x00000000        0x0 obj/light/debug/recovery/cJSON/cJSON.o
 .rela.text.IoT_exec_AT_cmd_Flash_Set
                0x00000000        0x0 obj/light/debug/recovery/cJSON/cJSON.o
 .rela.text.RTMPIoctlE2PROM
                0x00000000        0x0 obj/light/debug/recovery/cJSON/cJSON.o
 .rela.text.ATE_CMD_CALI_SET_HANDLE
                0x00000000        0x0 obj/light/debug/recovery/cJSON/cJSON.o
 .rela.text.IoT_exec_AT_cmd_ATE_Cal
                0x00000000        0x0 obj/light/debug/recovery/cJSON/cJSON.o
 .rela.text.IoT_parse_IWCmd
                0x00000000        0x0 obj/light/debug/recovery/cJSON/cJSON.o
 .rela.text.IoT_exec_AT_cmd_ATE_Cal2
                0x00000000        0x0 obj/light/debug/recovery/cJSON/cJSON.o
 .rela.text.IoT_exec_AT_cmd_uart
                0x00000000        0x0 obj/light/debug/recovery/cJSON/cJSON.o
 .rela.text.IoT_parse_ATcommand
                0x00000000        0x0 obj/light/debug/recovery/cJSON/cJSON.o
 .rela.text.getopt
                0x00000000        0x0 obj/light/debug/recovery/cJSON/cJSON.o
 .rela.text.IoT_Cust_Ops
                0x00000000        0x0 obj/light/debug/recovery/cJSON/cJSON.o
 .rela.text.default_boot_cfg
                0x00000000        0x0 obj/light/debug/recovery/cJSON/cJSON.o
 .rela.text.default_uart_cfg
                0x00000000        0x0 obj/light/debug/recovery/cJSON/cJSON.o
 .rela.text.IoT_Cust_GPIINT_Hdlr
                0x00000000        0x0 obj/light/debug/recovery/cJSON/cJSON.o
 .rela.text.IoT_Cust_SM_Smnt
                0x00000000        0x0 obj/light/debug/recovery/cJSON/cJSON.o
 .rela.text.IoT_Cust_SMNT_Sta_Chg_Init
                0x00000000        0x0 obj/light/debug/recovery/cJSON/cJSON.o
 .rela.text.reset_ap_cfg
                0x00000000        0x0 obj/light/debug/recovery/cJSON/cJSON.o
 .rela.text.reset_sta_cfg
                0x00000000        0x0 obj/light/debug/recovery/cJSON/cJSON.o
 .rela.text.default_ip_cfg
                0x00000000        0x0 obj/light/debug/recovery/cJSON/cJSON.o
 .rela.text.restore_usr_cfg
                0x00000000        0x0 obj/light/debug/recovery/cJSON/cJSON.o
 .rela.text.restore_com_cfg
                0x00000000        0x0 obj/light/debug/recovery/cJSON/cJSON.o
 .rela.text.reset_com_cfg
                0x00000000        0x0 obj/light/debug/recovery/cJSON/cJSON.o
 .rela.text.reset_usr_cfg
                0x00000000        0x0 obj/light/debug/recovery/cJSON/cJSON.o
 .rela.text.load_usr_cfg
                0x00000000        0x0 obj/light/debug/recovery/cJSON/cJSON.o
 .rela.text.load_com_cfg
                0x00000000        0x0 obj/light/debug/recovery/cJSON/cJSON.o
 .rela.text.Pre_init_cfg
                0x00000000        0x0 obj/light/debug/recovery/cJSON/cJSON.o
 .rela.text.CustTimer0TimeoutAction
                0x00000000        0x0 obj/light/debug/recovery/cJSON/cJSON.o
 .rela.text.IoT_Cust_Init
                0x00000000        0x0 obj/light/debug/recovery/cJSON/cJSON.o
 .rela.text.IoT_Cust_Sub_Task
                0x00000000        0x0 obj/light/debug/recovery/cJSON/cJSON.o
 .rela.text.IoT_OTA_Update_FW
                0x00000000        0x0 obj/light/debug/recovery/cJSON/cJSON.o
 .rela.text.UARTRx_Buf_Init
                0x00000000        0x0 obj/light/debug/recovery/cJSON/cJSON.o
 .rela.text.uart_customize_init
                0x00000000        0x0 obj/light/debug/recovery/cJSON/cJSON.o
 .rela.text.UART_Rx_Packet_Dispatch
                0x00000000        0x0 obj/light/debug/recovery/cJSON/cJSON.o
 .rela.text.UART_GetByte
                0x00000000        0x0 obj/light/debug/recovery/cJSON/cJSON.o
 .rela.text.UART_Rx_Cb
                0x00000000        0x0 obj/light/debug/recovery/cJSON/cJSON.o
 .rela.text.UART_PutBytes
                0x00000000        0x0 obj/light/debug/recovery/cJSON/cJSON.o
 .rela.text.IoT_build_app_response_header
                0x00000000        0x0 obj/light/debug/recovery/cJSON/cJSON.o
 .rela.text.IoT_send_udp_directly
                0x00000000        0x0 obj/light/debug/recovery/cJSON/cJSON.o
 .rela.text.IoT_build_send_udp_packet
                0x00000000        0x0 obj/light/debug/recovery/cJSON/cJSON.o
 .rela.text.port_inbyte
                0x00000000        0x0 obj/light/debug/recovery/cJSON/cJSON.o
 .rela.text.port_outbyte
                0x00000000        0x0 obj/light/debug/recovery/cJSON/cJSON.o
 .rela.text.IoT_Xmodem_Update_FW
                0x00000000        0x0 obj/light/debug/recovery/cJSON/cJSON.o
 .rela.text.IoT_xmodemReceive
                0x00000000        0x0 obj/light/debug/recovery/cJSON/cJSON.o
 .rela.text.IoT_xmodemTransmit
                0x00000000        0x0 obj/light/debug/recovery/cJSON/cJSON.o
 .rela.text.main
                0x00000000        0x0 obj/light/debug/recovery/cJSON/cJSON.o
 .rela.text.AsicSetChannel
                0x00000000        0x0 obj/light/debug/recovery/cJSON/cJSON.o
 .rela.text.IoT_Cmd_Set_Channel
                0x00000000        0x0 obj/light/debug/recovery/cJSON/cJSON.o
 .rela.text.IoT_RCTRL_PacketHeaderBuild
                0x00000000        0x0 obj/light/debug/recovery/cJSON/cJSON.o
 .rela.text.devRegister
                0x00000000        0x0 obj/light/debug/recovery/cJSON/cJSON.o
 .rela.text.updateFWAsk
                0x00000000        0x0 obj/light/debug/recovery/cJSON/cJSON.o
 .rela.text.updateFWResultAck
                0x00000000        0x0 obj/light/debug/recovery/cJSON/cJSON.o
 .rela.text.updateFWRequest
                0x00000000        0x0 obj/light/debug/recovery/cJSON/cJSON.o
 .rela.text.udp_client_parse
                0x00000000        0x0 obj/light/debug/recovery/cJSON/cJSON.o
 .rela.text.udp_client_handle
                0x00000000        0x0 obj/light/debug/recovery/cJSON/cJSON.o
 .rela.text.udp_client_process
                0x00000000        0x0 obj/light/debug/recovery/cJSON/cJSON.o
 .rela.text.udp_client_connect
                0x00000000        0x0 obj/light/debug/recovery/cJSON/cJSON.o
 .rela.text.udp_local_listen
                0x00000000        0x0 obj/light/debug/recovery/cJSON/cJSON.o
 .rela.text.udp_server_init
                0x00000000        0x0 obj/light/debug/recovery/cJSON/cJSON.o
 .rela.text.send_deviceInfo
                0x00000000        0x0 obj/light/debug/recovery/cJSON/cJSON.o
 .rela.text.udp_server_handle
                0x00000000        0x0 obj/light/debug/recovery/cJSON/cJSON.o
 .rela.text.udp_broadcast_send
                0x00000000        0x0 obj/light/debug/recovery/cJSON/cJSON.o
 .rela.text.udp_broadcast_start
                0x00000000        0x0 obj/light/debug/recovery/cJSON/cJSON.o
 .rela.text.vprintf
                0x00000000        0x0 obj/light/debug/recovery/cJSON/cJSON.o
 .rela.text.vsprintf
                0x00000000        0x0 obj/light/debug/recovery/cJSON/cJSON.o
 .rela.text.vprintf_help
                0x00000000        0x0 obj/light/debug/recovery/cJSON/cJSON.o
 .rela.text.RxFsIntFilterOut
                0x00000000        0x0 obj/light/debug/recovery/cJSON/cJSON.o
 .rela.text.STARxDoneInterruptHandle
                0x00000000        0x0 obj/light/debug/recovery/cJSON/cJSON.o
 .rela.text.BeaconTimeoutAction
                0x00000000        0x0 obj/light/debug/recovery/cJSON/cJSON.o
 .rela.text.RestartBCNTimer
                0x00000000        0x0 obj/light/debug/recovery/cJSON/cJSON.o
 .rela.text.dump_spi_flash
                0x00000000        0x0 obj/light/debug/recovery/cJSON/cJSON.o
 .rela.text.dump_spi_flash_fw
                0x00000000        0x0 obj/light/debug/recovery/cJSON/cJSON.o
 .rela.text.spi_flash_page_write
                0x00000000        0x0 obj/light/debug/recovery/cJSON/cJSON.o
 .rela.text.spi_flash_write_func
                0x00000000        0x0 obj/light/debug/recovery/cJSON/cJSON.o
 .rela.text.spi_flash_read_m2
                0x00000000        0x0 obj/light/debug/recovery/cJSON/cJSON.o
 .rela.text.spi_flash_erase_BE
                0x00000000        0x0 obj/light/debug/recovery/cJSON/cJSON.o
 .rela.text.spi_flash_erase_SE
                0x00000000        0x0 obj/light/debug/recovery/cJSON/cJSON.o
 .rela.text.spi_flash_write
                0x00000000        0x0 obj/light/debug/recovery/cJSON/cJSON.o
 .rela.text.spi_flash_update_fw
                0x00000000        0x0 obj/light/debug/recovery/cJSON/cJSON.o
 .rela.text.spi_flash_erase_CE
                0x00000000        0x0 obj/light/debug/recovery/cJSON/cJSON.o
 .rela.text.free
                0x00000000        0x0 obj/light/debug/recovery/cJSON/cJSON.o
 .rela.text.clock_time
                0x00000000        0x0 obj/light/debug/recovery/cJSON/cJSON.o
 .rela.text.dhcpc_request
                0x00000000        0x0 obj/light/debug/recovery/cJSON/cJSON.o
 .rela.text.ws_got_ip_fail
                0x00000000        0x0 obj/light/debug/recovery/cJSON/cJSON.o
 .rela.text.ws_got_ip
                0x00000000        0x0 obj/light/debug/recovery/cJSON/cJSON.o
 .rela.text.dhcpc_init
                0x00000000        0x0 obj/light/debug/recovery/cJSON/cJSON.o
 .rela.text.create_msg
                0x00000000        0x0 obj/light/debug/recovery/cJSON/cJSON.o
 .rela.text.parse_msg
                0x00000000        0x0 obj/light/debug/recovery/cJSON/cJSON.o
 .rela.text.T.28
                0x00000000        0x0 obj/light/debug/recovery/cJSON/cJSON.o
 .rela.text.send_discover
                0x00000000        0x0 obj/light/debug/recovery/cJSON/cJSON.o
 .rela.text.send_request
                0x00000000        0x0 obj/light/debug/recovery/cJSON/cJSON.o
 .rela.text._handle_dhcp
                0x00000000        0x0 obj/light/debug/recovery/cJSON/cJSON.o
 .rela.text.handle_dhcp
                0x00000000        0x0 obj/light/debug/recovery/cJSON/cJSON.o
 .rela.text.iot_tcp_appcall
                0x00000000        0x0 obj/light/debug/recovery/cJSON/cJSON.o
 .rela.text.iot_udp_appcall
                0x00000000        0x0 obj/light/debug/recovery/cJSON/cJSON.o
 .rela.text.iot_udp_app_init
                0x00000000        0x0 obj/light/debug/recovery/cJSON/cJSON.o
 .rela.text.memb_init
                0x00000000        0x0 obj/light/debug/recovery/cJSON/cJSON.o
 .rela.text.mt76xx_dev_read
                0x00000000        0x0 obj/light/debug/recovery/cJSON/cJSON.o
 .rela.text.mt76xx_dev_send
                0x00000000        0x0 obj/light/debug/recovery/cJSON/cJSON.o
 .rela.text.resolv_conf
                0x00000000        0x0 obj/light/debug/recovery/cJSON/cJSON.o
 .rela.text.resolv_lookup
                0x00000000        0x0 obj/light/debug/recovery/cJSON/cJSON.o
 .rela.text.resolv_query
                0x00000000        0x0 obj/light/debug/recovery/cJSON/cJSON.o
 .rela.text.resolv_newdata
                0x00000000        0x0 obj/light/debug/recovery/cJSON/cJSON.o
 .rela.text.resolv_check_entries
                0x00000000        0x0 obj/light/debug/recovery/cJSON/cJSON.o
 .rela.text.handle_resolv
                0x00000000        0x0 obj/light/debug/recovery/cJSON/cJSON.o
 .rela.text.dhcpc_configured
                0x00000000        0x0 obj/light/debug/recovery/cJSON/cJSON.o
 .rela.text.tcpip_periodic_timer
                0x00000000        0x0 obj/light/debug/recovery/cJSON/cJSON.o
 .rela.text.netif_rx
                0x00000000        0x0 obj/light/debug/recovery/cJSON/cJSON.o
 .rela.text._tcpip_init
                0x00000000        0x0 obj/light/debug/recovery/cJSON/cJSON.o
 .rela.text.tcpip_init
                0x00000000        0x0 obj/light/debug/recovery/cJSON/cJSON.o
 .rela.text.uip_fw_output
                0x00000000        0x0 obj/light/debug/recovery/cJSON/cJSON.o
 .rela.text.uip_fw_forward
                0x00000000        0x0 obj/light/debug/recovery/cJSON/cJSON.o
 .rela.text.uip_neighbor_add
                0x00000000        0x0 obj/light/debug/recovery/cJSON/cJSON.o
 .rela.text.uip_split_output
                0x00000000        0x0 obj/light/debug/recovery/cJSON/cJSON.o
 .rela.text.uip_add32
                0x00000000        0x0 obj/light/debug/recovery/cJSON/cJSON.o
 .rela.text.uip_ipchksum
                0x00000000        0x0 obj/light/debug/recovery/cJSON/cJSON.o
 .rela.text.upper_layer_chksum
                0x00000000        0x0 obj/light/debug/recovery/cJSON/cJSON.o
 .rela.text.uip_connect
                0x00000000        0x0 obj/light/debug/recovery/cJSON/cJSON.o
 .rela.text.uip_unlisten
                0x00000000        0x0 obj/light/debug/recovery/cJSON/cJSON.o
 .rela.text.uip_listen
                0x00000000        0x0 obj/light/debug/recovery/cJSON/cJSON.o
 .rela.text.uip_add_rcv_nxt
                0x00000000        0x0 obj/light/debug/recovery/cJSON/cJSON.o
 .rela.text.uip_send
                0x00000000        0x0 obj/light/debug/recovery/cJSON/cJSON.o
 .rela.text.uip_init
                0x00000000        0x0 obj/light/debug/recovery/cJSON/cJSON.o
 .rela.text._uip_process
                0x00000000        0x0 obj/light/debug/recovery/cJSON/cJSON.o
 .rela.text.uip_process
                0x00000000        0x0 obj/light/debug/recovery/cJSON/cJSON.o
 .rela.text.uip_udp_new
                0x00000000        0x0 obj/light/debug/recovery/cJSON/cJSON.o
 .rela.text.uip_get_DestMAC
                0x00000000        0x0 obj/light/debug/recovery/cJSON/cJSON.o
 .rela.text.uip_arp_update
                0x00000000        0x0 obj/light/debug/recovery/cJSON/cJSON.o
 .rela.text.uip_arp_arpin
                0x00000000        0x0 obj/light/debug/recovery/cJSON/cJSON.o
 .rela.text.uip_arp_out
                0x00000000        0x0 obj/light/debug/recovery/cJSON/cJSON.o
 .rela.text.uip_arp_timer
                0x00000000        0x0 obj/light/debug/recovery/cJSON/cJSON.o
 .rela.text.uip_arp_init
                0x00000000        0x0 obj/light/debug/recovery/cJSON/cJSON.o
 .rela.text.__divdi3
                0x00000000        0x0 obj/light/debug/recovery/cJSON/cJSON.o
 .rela.text.cust_timer_expired
                0x00000000        0x0 obj/light/debug/recovery/cJSON/cJSON.o
 .rela.text.cust_timer_restart
                0x00000000        0x0 obj/light/debug/recovery/cJSON/cJSON.o
 .rela.text.cust_timer_set
                0x00000000        0x0 obj/light/debug/recovery/cJSON/cJSON.o
 .rela.text._hexToByte
                0x00000000        0x0 obj/light/debug/recovery/cJSON/cJSON.o
 .rela.text.parseMacString
                0x00000000        0x0 obj/light/debug/recovery/cJSON/cJSON.o
 .rela.text.macStrConvert
                0x00000000        0x0 obj/light/debug/recovery/cJSON/cJSON.o
 .rela.text.status_led_process
                0x00000000        0x0 obj/light/debug/recovery/cJSON/cJSON.o
 .rela.text.status_led_set
                0x00000000        0x0 obj/light/debug/recovery/cJSON/cJSON.o
 .rela.text.devRegCheck
                0x00000000        0x0 obj/light/debug/recovery/cJSON/cJSON.o
 .rela.text.flash_crc16_ccitt
                0x00000000        0x0 obj/light/debug/recovery/cJSON/cJSON.o
 .rela.text.xor
                0x00000000        0x0 obj/light/debug/recovery/cJSON/cJSON.o
 .rela.text.store_sta_cfg
                0x00000000        0x0 obj/light/debug/recovery/cJSON/cJSON.o
 .rela.text.load_sta_cfg
                0x00000000        0x0 obj/light/debug/recovery/cJSON/cJSON.o
 .rela.text.ws_goto_smnt
                0x00000000        0x0 obj/light/debug/recovery/cJSON/cJSON.o
 .rela.text.ws_init
                0x00000000        0x0 obj/light/debug/recovery/cJSON/cJSON.o
 .rela.text.ws_smt_conn
                0x00000000        0x0 obj/light/debug/recovery/cJSON/cJSON.o
 .rela.text.wifi_state_machine
                0x00000000        0x0 obj/light/debug/recovery/cJSON/cJSON.o
 .rela.text.wifi_rx_proc
                0x00000000        0x0 obj/light/debug/recovery/cJSON/cJSON.o
 .rela.text.wifiTASK_LowPrioTask
                0x00000000        0x0 obj/light/debug/recovery/cJSON/cJSON.o
 .rela.text.xJSON_ArrayStart
                0x00000000        0x0 obj/light/debug/recovery/cJSON/cJSON.o
 .rela.text.xJSON_ObjectStart
                0x00000000        0x0 obj/light/debug/recovery/cJSON/cJSON.o
 .rela.text.xJSON_putString
                0x00000000        0x0 obj/light/debug/recovery/cJSON/cJSON.o
 .rela.text.xJSON_putInt
                0x00000000        0x0 obj/light/debug/recovery/cJSON/cJSON.o
 .rela.text.xJSON_putAttribute
                0x00000000        0x0 obj/light/debug/recovery/cJSON/cJSON.o
 .rela.text.xJSON_putVendorName
                0x00000000        0x0 obj/light/debug/recovery/cJSON/cJSON.o
 .rela.text.xJSON_putProductName
                0x00000000        0x0 obj/light/debug/recovery/cJSON/cJSON.o
 .rela.text.xJSON_putDeviceID
                0x00000000        0x0 obj/light/debug/recovery/cJSON/cJSON.o
 .rela.text.xJSON_putVendorID
                0x00000000        0x0 obj/light/debug/recovery/cJSON/cJSON.o
 .rela.text.xJSON_putProductType
                0x00000000        0x0 obj/light/debug/recovery/cJSON/cJSON.o
 .rela.vector   0x00000000        0x0 obj/light/debug/recovery/cJSON/cJSON.o
 .rela.startup  0x00000000        0x0 obj/light/debug/recovery/cJSON/cJSON.o
 .rela.excepsysc
                0x00000000        0x0 obj/light/debug/recovery/cJSON/cJSON.o
 .rela.ctxsw    0x00000000        0x0 obj/light/debug/recovery/cJSON/cJSON.o
 .rela.text.overlaycopy
                0x00000000        0x0 obj/light/debug/recovery/cJSON/cJSON.o
 .rela.text.cnmTimerStopTimer
                0x00000000        0x0 obj/light/debug/recovery/cJSON/cJSON.o
 .rela.text.cnmTimerSetTimer
                0x00000000        0x0 obj/light/debug/recovery/cJSON/cJSON.o
 .rela.text.cnmTimerDoTimeOutCheck
                0x00000000        0x0 obj/light/debug/recovery/cJSON/cJSON.o
 .rela.text.cnmTimerStartTimer
                0x00000000        0x0 obj/light/debug/recovery/cJSON/cJSON.o
 .rela.text.cnmTimerDestroy
                0x00000000        0x0 obj/light/debug/recovery/cJSON/cJSON.o
 .rela.text.cnmTimerInitialize
                0x00000000        0x0 obj/light/debug/recovery/cJSON/cJSON.o
 .rela.text.IoT_Cmd_Set_DBG_LVL
                0x00000000        0x0 obj/light/debug/recovery/cJSON/cJSON.o
 .rela.text.IoT_Cmd_LinkDown
                0x00000000        0x0 obj/light/debug/recovery/cJSON/cJSON.o
 .rela.text.IoT_Xmodem_Update_FW_Stop
                0x00000000        0x0 obj/light/debug/recovery/cJSON/cJSON.o
 .rela.text.IoT_Xmodem_Update_FW_Start
                0x00000000        0x0 obj/light/debug/recovery/cJSON/cJSON.o
 .rela.text.apiQU_Dequeue
                0x00000000        0x0 obj/light/debug/recovery/cJSON/cJSON.o
 .rela.text.apiQU_Enqueue
                0x00000000        0x0 obj/light/debug/recovery/cJSON/cJSON.o
 .rela.text.apiQU_Initialize
                0x00000000        0x0 obj/light/debug/recovery/cJSON/cJSON.o
 .rela.text.AES_Key_init
                0x00000000        0x0 obj/light/debug/recovery/cJSON/cJSON.o
 .rela.text.APP_Init
                0x00000000        0x0 obj/light/debug/recovery/cJSON/cJSON.o
 .rela.text.ConvertToRssi
                0x00000000        0x0 obj/light/debug/recovery/cJSON/cJSON.o
 .rela.text.Set_ATE_TX_Cnt_Per_Speed
                0x00000000        0x0 obj/light/debug/recovery/cJSON/cJSON.o
 .rela.text.NICUpdateRawCounters
                0x00000000        0x0 obj/light/debug/recovery/cJSON/cJSON.o
 .rela.text.ATEConvertToRssi
                0x00000000        0x0 obj/light/debug/recovery/cJSON/cJSON.o
 .rela.text.ATESampleRssi
                0x00000000        0x0 obj/light/debug/recovery/cJSON/cJSON.o
 .rela.text.ATE_CMD_CALI_STAT
                0x00000000        0x0 obj/light/debug/recovery/cJSON/cJSON.o
 .rela.text.Set_ATE_RX_DURATION
                0x00000000        0x0 obj/light/debug/recovery/cJSON/cJSON.o
 .rela.text.Set_ATE_TX_PAYLOAD_LEN
                0x00000000        0x0 obj/light/debug/recovery/cJSON/cJSON.o
 .rela.text.Set_ATE_TX_POWER
                0x00000000        0x0 obj/light/debug/recovery/cJSON/cJSON.o
 .rela.text.Set_ATE_TX_Speed_Proc
                0x00000000        0x0 obj/light/debug/recovery/cJSON/cJSON.o
 .rela.text.Set_ATE_TX_COUNT_Proc
                0x00000000        0x0 obj/light/debug/recovery/cJSON/cJSON.o
 .rela.text.Set_ATE_TX_GI_Proc
                0x00000000        0x0 obj/light/debug/recovery/cJSON/cJSON.o
 .rela.text.Set_ATE_TX_MCS_Proc
                0x00000000        0x0 obj/light/debug/recovery/cJSON/cJSON.o
 .rela.text.RXFRAME
                0x00000000        0x0 obj/light/debug/recovery/cJSON/cJSON.o
 .rela.text.Set_ATE_TX_MODE_Proc
                0x00000000        0x0 obj/light/debug/recovery/cJSON/cJSON.o
 .rela.text.Set_ResetStatCounter_Proc
                0x00000000        0x0 obj/light/debug/recovery/cJSON/cJSON.o
 .rela.text.ATE_INIT
                0x00000000        0x0 obj/light/debug/recovery/cJSON/cJSON.o
 .rela.text.Set_ATE_TX_FREQ_OFFSET_Proc
                0x00000000        0x0 obj/light/debug/recovery/cJSON/cJSON.o
 .rela.text.MT7681_Set_ATE_TX_BW_Proc
                0x00000000        0x0 obj/light/debug/recovery/cJSON/cJSON.o
 .rela.text.Set_ATE_Switch_CH
                0x00000000        0x0 obj/light/debug/recovery/cJSON/cJSON.o
 .rela.text.ATE_RXFRAME
                0x00000000        0x0 obj/light/debug/recovery/cJSON/cJSON.o
 .rela.text.ATE_TXFRAME
                0x00000000        0x0 obj/light/debug/recovery/cJSON/cJSON.o
 .rela.text.ATESTART
                0x00000000        0x0 obj/light/debug/recovery/cJSON/cJSON.o
 .rela.text.ATE_STOP
                0x00000000        0x0 obj/light/debug/recovery/cJSON/cJSON.o
 .rela.text.SendATETxDataFrame
                0x00000000        0x0 obj/light/debug/recovery/cJSON/cJSON.o
 .rela.text.ATEPeriodicExec
                0x00000000        0x0 obj/light/debug/recovery/cJSON/cJSON.o
 .rela.text.Set_ATE_Efuse_Read
                0x00000000        0x0 obj/light/debug/recovery/cJSON/cJSON.o
 .rela.text.Set_ATE_Efuse_Write
                0x00000000        0x0 obj/light/debug/recovery/cJSON/cJSON.o
 .rela.text.PeerDeauthAction
                0x00000000        0x0 obj/light/debug/recovery/cJSON/cJSON.o
 .rela.text._MlmeAuthProcess
                0x00000000        0x0 obj/light/debug/recovery/cJSON/cJSON.o
 .rela.text.PeerAuthSanity
                0x00000000        0x0 obj/light/debug/recovery/cJSON/cJSON.o
 .rela.text.PeerAuthRspAtSeq2Action
                0x00000000        0x0 obj/light/debug/recovery/cJSON/cJSON.o
 .rela.text.MlmeDeauthReqAction
                0x00000000        0x0 obj/light/debug/recovery/cJSON/cJSON.o
 .rela.text._AUTH_ReqSend
                0x00000000        0x0 obj/light/debug/recovery/cJSON/cJSON.o
 .rela.text.MlmeAuthReqAction
                0x00000000        0x0 obj/light/debug/recovery/cJSON/cJSON.o
 .rela.text.Auth_Initialization
                0x00000000        0x0 obj/light/debug/recovery/cJSON/cJSON.o
 .rela.text.AuthTimeoutAction
                0x00000000        0x0 obj/light/debug/recovery/cJSON/cJSON.o
 .rela.text.dump_ram
                0x00000000        0x0 obj/light/debug/recovery/cJSON/cJSON.o
 .rela.text.dump
                0x00000000        0x0 obj/light/debug/recovery/cJSON/cJSON.o
 .rela.text.MT7681_ReadEEPROM
                0x00000000        0x0 obj/light/debug/recovery/cJSON/cJSON.o
 .rela.text.MT7681_ReadTxPwrPerRate
                0x00000000        0x0 obj/light/debug/recovery/cJSON/cJSON.o
 .rela.text.MT7681_RXDC_CAL
                0x00000000        0x0 obj/light/debug/recovery/cJSON/cJSON.o
 .rela.text.MT7681_INIT_CAL
                0x00000000        0x0 obj/light/debug/recovery/cJSON/cJSON.o
 .rela.text.rtmp_bbp_is_ready
                0x00000000        0x0 obj/light/debug/recovery/cJSON/cJSON.o
 .rela.text.NICInitMT7681BbpRegisters
                0x00000000        0x0 obj/light/debug/recovery/cJSON/cJSON.o
 .rela.text.MT7681_eep_cfg2
                0x00000000        0x0 obj/light/debug/recovery/cJSON/cJSON.o
 .rela.text.MT7681_eep_cfg
                0x00000000        0x0 obj/light/debug/recovery/cJSON/cJSON.o
 .rela.text.NICInitMT7681RFRegisters
                0x00000000        0x0 obj/light/debug/recovery/cJSON/cJSON.o
 .rela.text.chip_reg_init
                0x00000000        0x0 obj/light/debug/recovery/cJSON/cJSON.o
 .rela.text.AES_Key_Unwrap
                0x00000000        0x0 obj/light/debug/recovery/cJSON/cJSON.o
 .rela.text.RT_AES_Encrypt
                0x00000000        0x0 obj/light/debug/recovery/cJSON/cJSON.o
 .rela.text.AES_Key_Wrap
                0x00000000        0x0 obj/light/debug/recovery/cJSON/cJSON.o
 .rela.text.RTMPWriteTxWI_Data
                0x00000000        0x0 obj/light/debug/recovery/cJSON/cJSON.o
 .rela.text.RTMPWriteTxWI_Mgmt
                0x00000000        0x0 obj/light/debug/recovery/cJSON/cJSON.o
 .rela.text.STABuildCommon802_11Header
                0x00000000        0x0 obj/light/debug/recovery/cJSON/cJSON.o
 .rela.text.WriteSingleTxResource
                0x00000000        0x0 obj/light/debug/recovery/cJSON/cJSON.o
 .rela.text.STA_Legacy_Frame_Tx2
                0x00000000        0x0 obj/light/debug/recovery/cJSON/cJSON.o
 .rela.text.MiniportMMRequest
                0x00000000        0x0 obj/light/debug/recovery/cJSON/cJSON.o
 .rela.text.EnqueuePsPoll
                0x00000000        0x0 obj/light/debug/recovery/cJSON/cJSON.o
 .rela.text.STA_Legacy_Frame_Tx
                0x00000000        0x0 obj/light/debug/recovery/cJSON/cJSON.o
 .rela.text.SendTestDataFrame
                0x00000000        0x0 obj/light/debug/recovery/cJSON/cJSON.o
 .rela.text.RTMPRawDataSanity
                0x00000000        0x0 obj/light/debug/recovery/cJSON/cJSON.o
 .rela.text.RTMPReportMicError
                0x00000000        0x0 obj/light/debug/recovery/cJSON/cJSON.o
 .rela.text.PeerBeaconAdvPwrSavingSanity
                0x00000000        0x0 obj/light/debug/recovery/cJSON/cJSON.o
 .rela.text.ActHeaderInit
                0x00000000        0x0 obj/light/debug/recovery/cJSON/cJSON.o
 .rela.text.PeerAddBAReqAction
                0x00000000        0x0 obj/light/debug/recovery/cJSON/cJSON.o
 .rela.text.MgtMacHeaderInit
                0x00000000        0x0 obj/light/debug/recovery/cJSON/cJSON.o
 .rela.text.MakeOutgoingFrame
                0x00000000        0x0 obj/light/debug/recovery/cJSON/cJSON.o
 .rela.text.OS_WAIT
                0x00000000        0x0 obj/light/debug/recovery/cJSON/cJSON.o
 .rela.text.NextChannel
                0x00000000        0x0 obj/light/debug/recovery/cJSON/cJSON.o
 .rela.text.SCAN_Initialization
                0x00000000        0x0 obj/light/debug/recovery/cJSON/cJSON.o
 .rela.text.CfgSupportExtRate
                0x00000000        0x0 obj/light/debug/recovery/cJSON/cJSON.o
 .rela.text.SetScanParam
                0x00000000        0x0 obj/light/debug/recovery/cJSON/cJSON.o
 .rela.text.ListScan_Init
                0x00000000        0x0 obj/light/debug/recovery/cJSON/cJSON.o
 .rela.text.RTMPCheckHt
                0x00000000        0x0 obj/light/debug/recovery/cJSON/cJSON.o
 .rela.text.NLO_Initialization
                0x00000000        0x0 obj/light/debug/recovery/cJSON/cJSON.o
 .rela.text.ContScanTimeoutAction
                0x00000000        0x0 obj/light/debug/recovery/cJSON/cJSON.o
 .rela.text.rtmp_bbp_set_ctrlch
                0x00000000        0x0 obj/light/debug/recovery/cJSON/cJSON.o
 .rela.text.PeerBeaconAndProbeRspSanity
                0x00000000        0x0 obj/light/debug/recovery/cJSON/cJSON.o
 .rela.text._PeerBeaconAtScanAction
                0x00000000        0x0 obj/light/debug/recovery/cJSON/cJSON.o
 .rela.text.ScanProcessMgmt
                0x00000000        0x0 obj/light/debug/recovery/cJSON/cJSON.o
 .rela.text.PeerBeaconCHInfoParse
                0x00000000        0x0 obj/light/debug/recovery/cJSON/cJSON.o
 .rela.text.ScanNextChannel
                0x00000000        0x0 obj/light/debug/recovery/cJSON/cJSON.o
 .rela.text.ScanTimeoutAction
                0x00000000        0x0 obj/light/debug/recovery/cJSON/cJSON.o
 .rela.text.StartScan
                0x00000000        0x0 obj/light/debug/recovery/cJSON/cJSON.o
 .rela.text.DoScan
                0x00000000        0x0 obj/light/debug/recovery/cJSON/cJSON.o
 .rela.text.reset_smnt_set
                0x00000000        0x0 obj/light/debug/recovery/cJSON/cJSON.o
 .rela.text.reset_smnt_info
                0x00000000        0x0 obj/light/debug/recovery/cJSON/cJSON.o
 .rela.text.SMTCNfsm_rst
                0x00000000        0x0 obj/light/debug/recovery/cJSON/cJSON.o
 .rela.text.SMTCNfsm_init
                0x00000000        0x0 obj/light/debug/recovery/cJSON/cJSON.o
 .rela.text.SMTCN_state_chg_init
                0x00000000        0x0 obj/light/debug/recovery/cJSON/cJSON.o
 .rela.text.SMTCNSwitchfsm
                0x00000000        0x0 obj/light/debug/recovery/cJSON/cJSON.o
 .rela.text.ParsingBCData
                0x00000000        0x0 obj/light/debug/recovery/cJSON/cJSON.o
 .rela.text._SMTCNGetInfo
                0x00000000        0x0 obj/light/debug/recovery/cJSON/cJSON.o
 .rela.text._SMTCNParsingMulticast
                0x00000000        0x0 obj/light/debug/recovery/cJSON/cJSON.o
 .rela.text.SMTCNRXFrameHandle
                0x00000000        0x0 obj/light/debug/recovery/cJSON/cJSON.o
 .rela.text.SMTCNParsingData
                0x00000000        0x0 obj/light/debug/recovery/cJSON/cJSON.o
 .rela.text.SearchTimeoutAction
                0x00000000        0x0 obj/light/debug/recovery/cJSON/cJSON.o
 .rela.text.SMTCN_process
                0x00000000        0x0 obj/light/debug/recovery/cJSON/cJSON.o
 .rela.text.SMTCN_init
                0x00000000        0x0 obj/light/debug/recovery/cJSON/cJSON.o
 .rela.text.WOW_Initialization
                0x00000000        0x0 obj/light/debug/recovery/cJSON/cJSON.o
 .rela.text.WAKEUP_HOST
                0x00000000        0x0 obj/light/debug/recovery/cJSON/cJSON.o
 .rela.text.BSP_Init
                0x00000000        0x0 obj/light/debug/recovery/cJSON/cJSON.o
 .rela.text.eEpWritePhysical
                0x00000000        0x0 obj/light/debug/recovery/cJSON/cJSON.o
 .rela.text.eEpPhysicalReadRegisters
                0x00000000        0x0 obj/light/debug/recovery/cJSON/cJSON.o
 .rela.text.eEpReadRegisters
                0x00000000        0x0 obj/light/debug/recovery/cJSON/cJSON.o
 .rela.text.eEpGetFreeBlockCount
                0x00000000        0x0 obj/light/debug/recovery/cJSON/cJSON.o
 .rela.text.eEp_init
                0x00000000        0x0 obj/light/debug/recovery/cJSON/cJSON.o
 .rela.text.set_eEpGetFreeBlockCount_Proc
                0x00000000        0x0 obj/light/debug/recovery/cJSON/cJSON.o
 .rela.text.set_eEpdump_Proc
                0x00000000        0x0 obj/light/debug/recovery/cJSON/cJSON.o
 .rela.text.drvFCE_IntHdlr
                0x00000000        0x0 obj/light/debug/recovery/cJSON/cJSON.o
 .rela.text.drvFCE_Initialize
                0x00000000        0x0 obj/light/debug/recovery/cJSON/cJSON.o
 .rela.text.PdmaTxTsHdlr
                0x00000000        0x0 obj/light/debug/recovery/cJSON/cJSON.o
 .rela.text.PdmaRxFsHdlr
                0x00000000        0x0 obj/light/debug/recovery/cJSON/cJSON.o
 .rela.text.drvPDMA_TxInitialize
                0x00000000        0x0 obj/light/debug/recovery/cJSON/cJSON.o
 .rela.text.drvPDMA_RxInitialize
                0x00000000        0x0 obj/light/debug/recovery/cJSON/cJSON.o
 .rela.text.spi_flash_read
                0x00000000        0x0 obj/light/debug/recovery/cJSON/cJSON.o
 .rela.text.sys_init_timer
                0x00000000        0x0 obj/light/debug/recovery/cJSON/cJSON.o
 .rela.text.kal_free_timer
                0x00000000        0x0 obj/light/debug/recovery/cJSON/cJSON.o
 .rela.text.kal_stop_timer
                0x00000000        0x0 obj/light/debug/recovery/cJSON/cJSON.o
 .rela.text.kal_start_timer
                0x00000000        0x0 obj/light/debug/recovery/cJSON/cJSON.o
 .rela.text.kal_create_timer
                0x00000000        0x0 obj/light/debug/recovery/cJSON/cJSON.o
 .rela.text.SwTimerHandler
                0x00000000        0x0 obj/light/debug/recovery/cJSON/cJSON.o
 .rela.text.UART_RecHandler
                0x00000000        0x0 obj/light/debug/recovery/cJSON/cJSON.o
 .rela.text.UART_Register_TX_cb
                0x00000000        0x0 obj/light/debug/recovery/cJSON/cJSON.o
 .rela.text.UART_Register_RX_cb
                0x00000000        0x0 obj/light/debug/recovery/cJSON/cJSON.o
 .rela.text.UART_TrxHandler
                0x00000000        0x0 obj/light/debug/recovery/cJSON/cJSON.o
 .rela.text.UART_LISR
                0x00000000        0x0 obj/light/debug/recovery/cJSON/cJSON.o
 .rela.text.UART_SetDCBConfig
                0x00000000        0x0 obj/light/debug/recovery/cJSON/cJSON.o
 .rela.text.IoT_uart_AT_config
                0x00000000        0x0 obj/light/debug/recovery/cJSON/cJSON.o
 .rela.text.UART_Configure_From_Flash
                0x00000000        0x0 obj/light/debug/recovery/cJSON/cJSON.o
 .rela.text.UART_EnableTX
                0x00000000        0x0 obj/light/debug/recovery/cJSON/cJSON.o
 .rela.text.UART_DisableTX
                0x00000000        0x0 obj/light/debug/recovery/cJSON/cJSON.o
 .rela.text.UART_EnableRX
                0x00000000        0x0 obj/light/debug/recovery/cJSON/cJSON.o
 .rela.text.UART_DisableRX
                0x00000000        0x0 obj/light/debug/recovery/cJSON/cJSON.o
 .rela.text.UART_Open
                0x00000000        0x0 obj/light/debug/recovery/cJSON/cJSON.o
 .rela.text.sys_Init
                0x00000000        0x0 obj/light/debug/recovery/cJSON/cJSON.o
 .rela.text.sysTASK_RegTask
                0x00000000        0x0 obj/light/debug/recovery/cJSON/cJSON.o
 .rela.text.sysKernelStart
                0x00000000        0x0 obj/light/debug/recovery/cJSON/cJSON.o
 .rela.text.sysMutexLock
                0x00000000        0x0 obj/light/debug/recovery/cJSON/cJSON.o
 .rela.text.sysMutexUnlock
                0x00000000        0x0 obj/light/debug/recovery/cJSON/cJSON.o
 .rela.text.sysCALL_XcptHdlr
                0x00000000        0x0 obj/light/debug/recovery/cJSON/cJSON.o
 .rela.text.sysCALL_SysCall0Hdlr
                0x00000000        0x0 obj/light/debug/recovery/cJSON/cJSON.o
 .rela.text.sysTASK_ChkSignal
                0x00000000        0x0 obj/light/debug/recovery/cJSON/cJSON.o
 .rela.text.sysTASK_LowPrioTask
                0x00000000        0x0 obj/light/debug/recovery/cJSON/cJSON.o
 .rela.text.sysTASK_DeassertSignal
                0x00000000        0x0 obj/light/debug/recovery/cJSON/cJSON.o
 .rela.text.sysTASK_AssertSignal
                0x00000000        0x0 obj/light/debug/recovery/cJSON/cJSON.o
 .rela.text.sysTASK_RegisterLowPrioTask
                0x00000000        0x0 obj/light/debug/recovery/cJSON/cJSON.o
 .rela.text.sysTASK_WaitForSignal
                0x00000000        0x0 obj/light/debug/recovery/cJSON/cJSON.o
 .rela.text.sysTASK_Dispatch
                0x00000000        0x0 obj/light/debug/recovery/cJSON/cJSON.o
 .rela.text.sysTASK_CreateTask
                0x00000000        0x0 obj/light/debug/recovery/cJSON/cJSON.o
 .rela.text.do_printf
                0x00000000        0x0 obj/light/debug/recovery/cJSON/cJSON.o
 .rela.text.__toupper
                0x00000000        0x0 obj/light/debug/recovery/cJSON/cJSON.o
 .rela.text.simple_strtoul
                0x00000000        0x0 obj/light/debug/recovery/cJSON/cJSON.o
 .rela.text.drvMCUCTL_IntrHdlr
                0x00000000        0x0 obj/light/debug/recovery/cJSON/cJSON.o
 .rela.text.Config_ChannelInfo
                0x00000000        0x0 obj/light/debug/recovery/cJSON/cJSON.o
 .rela.text.CaliPeriodExec
                0x00000000        0x0 obj/light/debug/recovery/cJSON/cJSON.o
 .rela.text.rtmp_bbp_set_bw
                0x00000000        0x0 obj/light/debug/recovery/cJSON/cJSON.o
 .rela.text.AsicSwitchChannel
                0x00000000        0x0 obj/light/debug/recovery/cJSON/cJSON.o
 .rela.text.LowPower
                0x00000000        0x0 obj/light/debug/recovery/cJSON/cJSON.o
 .rela.text.GetQueueInfo
                0x00000000        0x0 obj/light/debug/recovery/cJSON/cJSON.o
 .rela.text.GetFceIntStat
                0x00000000        0x0 obj/light/debug/recovery/cJSON/cJSON.o
 .rela.text.StorePhyMode
                0x00000000        0x0 obj/light/debug/recovery/cJSON/cJSON.o
 .rela.text.GetClearFrameFlag
                0x00000000        0x0 obj/light/debug/recovery/cJSON/cJSON.o
 .rela.text.ws_assoc
                0x00000000        0x0 obj/light/debug/recovery/cJSON/cJSON.o
 .rela.text.wifi_state_chg
                0x00000000        0x0 obj/light/debug/recovery/cJSON/cJSON.o
 .rela.text.ws_auth
                0x00000000        0x0 obj/light/debug/recovery/cJSON/cJSON.o
 .rela.text.ws_scan
                0x00000000        0x0 obj/light/debug/recovery/cJSON/cJSON.o
 .rela.text.handle_FCE_RxTS_interrupt
                0x00000000        0x0 obj/light/debug/recovery/cJSON/cJSON.o
 .rela.text.handle_FCE_interrupt
                0x00000000        0x0 obj/light/debug/recovery/cJSON/cJSON.o
 .rela.text.PeerDisassocSanity
                0x00000000        0x0 obj/light/debug/recovery/cJSON/cJSON.o
 .rela.text.PeerAssocRspSanity
                0x00000000        0x0 obj/light/debug/recovery/cJSON/cJSON.o
 .rela.text._PeerDisassocAction
                0x00000000        0x0 obj/light/debug/recovery/cJSON/cJSON.o
 .rela.text._PeerAssocRspAction
                0x00000000        0x0 obj/light/debug/recovery/cJSON/cJSON.o
 .rela.text._MlmeAssocReqAction
                0x00000000        0x0 obj/light/debug/recovery/cJSON/cJSON.o
 .rela.text.Assoc_Initialization
                0x00000000        0x0 obj/light/debug/recovery/cJSON/cJSON.o
 .rela.text.SendNullFrame
                0x00000000        0x0 obj/light/debug/recovery/cJSON/cJSON.o
 .rela.text.NullFrameTimeoutAction
                0x00000000        0x0 obj/light/debug/recovery/cJSON/cJSON.o
 .rela.text.MlmeDisassocReqAction
                0x00000000        0x0 obj/light/debug/recovery/cJSON/cJSON.o
 .rela.text.AssocTimeoutAction
                0x00000000        0x0 obj/light/debug/recovery/cJSON/cJSON.o
 .rela.text.RT_HMAC_MD5
                0x00000000        0x0 obj/light/debug/recovery/cJSON/cJSON.o
 .rela.text.RT_HMAC_SHA1
                0x00000000        0x0 obj/light/debug/recovery/cJSON/cJSON.o
                0x00009ac0                . = ALIGN (0x10)
                0x00009ac0                STACK_SECT_VMA = .

.STACK          0x00009ac0      0xa00
                0x00009ac0                PROVIDE (_STACK_START, .)
 *(.stack)
 .stack         0x00009ac0      0xa00 .\libandesrecovery.a(stack.o)
                0x00009ac0                sysStack
                0x0000a4c0                PROVIDE (_STACK_END, .)
                0x0000a4c0                . = ALIGN (0x10)
                0x0000a4c0                DATA_SECT_VMA = .

.DATA           0x0000a4c0     0x18a4
 *(.rodata)
 *(.rodata.*)
 .rodata.str1.4
                0x0000a4c0      0x1e9 obj/light/debug/recovery/iot_at_cmd.o
                                0x1f4 (size before relaxing)
 *fill*         0x0000a6a9        0x3 00000000
 .rodata.C.48.3579
                0x0000a6ac        0x4 obj/light/debug/recovery/iot_at_cmd.o
 .rodata.str1.4
                0x0000a6b0        0x7 obj/light/debug/recovery/iot_at_cmd_utility.o
                                  0x8 (size before relaxing)
 *fill*         0x0000a6b7        0x1 00000000
 .rodata.crc_ta_8
                0x0000a6b8      0x400 obj/light/debug/recovery/iot_crc16.o
                0x0000a6b8                crc_ta_8
 .rodata.str1.4
                0x0000aab8       0xac obj/light/debug/recovery/iot_custom.o
 .rodata.Com_Cfg
                0x0000ab64       0x7c obj/light/debug/recovery/iot_custom.o
                0x0000ab64                Com_Cfg
 .rodata.Usr_Cfg
                0x0000abe0       0x80 obj/light/debug/recovery/iot_custom.o
                0x0000abe0                Usr_Cfg
 .rodata.str1.4
                0x0000ac60       0x49 obj/light/debug/recovery/iot_fota.o
                                 0x4c (size before relaxing)
 *fill*         0x0000aca9        0x3 00000000
 .rodata.C.2.2872
                0x0000acac        0x8 obj/light/debug/recovery/iot_fota.o
 .rodata.cst4   0x0000acb4        0x4 obj/light/debug/recovery/iot_uart_rb.o
 .rodata.str1.4
                0x00000000        0xc obj/light/debug/recovery/iot_xmodem.o
 .rodata.C.23.3134
                0x0000acb8        0x8 obj/light/debug/recovery/iot_xmodem.o
 .rodata.str1.4
                0x0000acc0       0x4d obj/light/debug/recovery/spi-flash_pub.o
                                 0x54 (size before relaxing)
 *fill*         0x0000ad0d        0x3 00000000
 .rodata.str1.4
                0x0000ad10       0x25 obj/light/debug/recovery/utils/wld_utils.o
                                 0x28 (size before relaxing)
 *fill*         0x0000ad35        0x3 00000000
 .rodata.str1.4
                0x0000ad38       0x50 obj/light/debug/recovery/wifi_task_pub.o
 .rodata.str1.4
                0x0000ad88       0x17 .\libandesrecovery.a(iot_io_cmd.o)
                                 0x18 (size before relaxing)
 *fill*         0x0000ad9f        0x1 00000000
 .rodata.__FUNCTION__.4577
                0x0000ada0       0x10 .\libandesrecovery.a(iot_io_cmd.o)
 .rodata.C.2.5860
                0x0000adb0       0x10 .\libandesrecovery.a(app_nos_main.o)
 .rodata.str1.4
                0x0000adc0      0x46d .\libandesrecovery.a(ate.o)
                                0x470 (size before relaxing)
 *fill*         0x0000b22d        0x3 00000000
 .rodata.__FUNCTION__.4556
                0x0000b230       0x14 .\libandesrecovery.a(ate.o)
 .rodata.C.5.4450
                0x0000b244        0x4 .\libandesrecovery.a(ate.o)
 .rodata.C.4.4449
                0x0000b248        0x4 .\libandesrecovery.a(ate.o)
 .rodata.C.3.4448
                0x0000b24c        0x4 .\libandesrecovery.a(ate.o)
 .rodata.C.2.4447
                0x0000b250        0x4 .\libandesrecovery.a(ate.o)
 .rodata.str1.4
                0x0000b254       0x4f .\libandesrecovery.a(chip_init.o)
                                 0x5c (size before relaxing)
 *fill*         0x0000b2a3        0x1 00000000
 .rodata.str1.4
                0x0000b2a4       0x13 .\libandesrecovery.a(bsp.o)
                                 0x14 (size before relaxing)
 *fill*         0x0000b2b7        0x1 00000000
 .rodata.str1.4
                0x0000b2b8        0xa .\libandesrecovery.a(uart.o)
                                  0xc (size before relaxing)
 *fill*         0x0000b2c2        0x2 00000000
 .rodata.C.10.3994
                0x0000b2c4       0x1c .\libandesrecovery.a(uart.o)
 .rodata.MT7681_Frequency_Plan
                0x0000b2e0       0x48 .\libandesrecovery.a(mt7681_ChSw.o)
 .rodata.str1.4
                0x0000b328       0x48 .\libandesrecovery.a(wifi_task.o)
                0x0000b370                . = ALIGN (0x10)
 *(.data)
 *(.data.*)
 .data.optind   0x0000b370        0x2 obj/light/debug/recovery/iot_at_cmd_utility.o
                0x0000b370                optind
 .data.opterr   0x0000b372        0x1 obj/light/debug/recovery/iot_at_cmd_utility.o
                0x0000b372                opterr
 *fill*         0x0000b373        0x1 00000000
 .data.gRecoveryModeTime
                0x0000b374        0x2 obj/light/debug/recovery/iot_custom.o
                0x0000b374                gRecoveryModeTime
 .data.PRINT_FLAG
                0x0000b376        0x1 obj/light/debug/recovery/iot_custom.o
                0x0000b376                PRINT_FLAG
 *fill*         0x0000b377        0x1 00000000
 .data.ATCmdPrefixAT
                0x0000b378        0x4 obj/light/debug/recovery/iot_uart_rb.o